Archive member included because of file (symbol)

C:\Users\Than\AppData\Local\Temp\VMBuilds\ColorSensorTest\STM32_genericSTM32F103C\Debug/core.a(exc.S.o)
                              (__exc_hardfault)
C:\Users\Than\AppData\Local\Temp\VMBuilds\ColorSensorTest\STM32_genericSTM32F103C\Debug/core.a(isrs.S.o)
                              (__stm32reservedexception7)
C:\Users\Than\AppData\Local\Temp\VMBuilds\ColorSensorTest\STM32_genericSTM32F103C\Debug/core.a(vector_table.S.o)
                              (__stm32_vector_table)
C:\Users\Than\AppData\Local\Temp\VMBuilds\ColorSensorTest\STM32_genericSTM32F103C\Debug/core.a(adc.c.o)
                              C:\Users\Than\AppData\Local\Temp\VMBuilds\ColorSensorTest\STM32_genericSTM32F103C\Debug\variant\boards.cpp.o (adc_set_sample_rate)
C:\Users\Than\AppData\Local\Temp\VMBuilds\ColorSensorTest\STM32_genericSTM32F103C\Debug/core.a(adc_f1.c.o)
                              C:\Users\Than\AppData\Local\Temp\VMBuilds\ColorSensorTest\STM32_genericSTM32F103C\Debug\variant\boards.cpp.o (adc_set_prescaler)
C:\Users\Than\AppData\Local\Temp\VMBuilds\ColorSensorTest\STM32_genericSTM32F103C\Debug/core.a(flash.c.o)
                              C:\Users\Than\AppData\Local\Temp\VMBuilds\ColorSensorTest\STM32_genericSTM32F103C\Debug\variant\boards.cpp.o (flash_set_latency)
C:\Users\Than\AppData\Local\Temp\VMBuilds\ColorSensorTest\STM32_genericSTM32F103C\Debug/core.a(gpio_f1.c.o)
                              C:\Users\Than\AppData\Local\Temp\VMBuilds\ColorSensorTest\STM32_genericSTM32F103C\Debug\variant\boards_setup.cpp.o (gpio_init_all)
C:\Users\Than\AppData\Local\Temp\VMBuilds\ColorSensorTest\STM32_genericSTM32F103C\Debug/core.a(nvic.c.o)
                              C:\Users\Than\AppData\Local\Temp\VMBuilds\ColorSensorTest\STM32_genericSTM32F103C\Debug\variant\boards.cpp.o (nvic_init)
C:\Users\Than\AppData\Local\Temp\VMBuilds\ColorSensorTest\STM32_genericSTM32F103C\Debug/core.a(rcc.c.o)
                              C:\Users\Than\AppData\Local\Temp\VMBuilds\ColorSensorTest\STM32_genericSTM32F103C\Debug\variant\boards.cpp.o (rcc_switch_sysclk)
C:\Users\Than\AppData\Local\Temp\VMBuilds\ColorSensorTest\STM32_genericSTM32F103C\Debug/core.a(rcc_f1.c.o)
                              C:\Users\Than\AppData\Local\Temp\VMBuilds\ColorSensorTest\STM32_genericSTM32F103C\Debug\variant\boards.cpp.o (rcc_configure_pll)
C:\Users\Than\AppData\Local\Temp\VMBuilds\ColorSensorTest\STM32_genericSTM32F103C\Debug/core.a(systick.c.o)
                              C:\Users\Than\AppData\Local\Temp\VMBuilds\ColorSensorTest\STM32_genericSTM32F103C\Debug\variant\boards.cpp.o (systick_init)
C:\Users\Than\AppData\Local\Temp\VMBuilds\ColorSensorTest\STM32_genericSTM32F103C\Debug/core.a(timer.c.o)
                              C:\Users\Than\AppData\Local\Temp\VMBuilds\ColorSensorTest\STM32_genericSTM32F103C\Debug\variant\boards.cpp.o (timer_foreach)
C:\Users\Than\AppData\Local\Temp\VMBuilds\ColorSensorTest\STM32_genericSTM32F103C\Debug/core.a(usart_f1.c.o)
                              C:\Users\Than\AppData\Local\Temp\VMBuilds\ColorSensorTest\STM32_genericSTM32F103C\Debug\variant\board.cpp.o (USART3)
C:\Users\Than\AppData\Local\Temp\VMBuilds\ColorSensorTest\STM32_genericSTM32F103C\Debug/core.a(usart_private.c.o)
                              C:\Users\Than\AppData\Local\Temp\VMBuilds\ColorSensorTest\STM32_genericSTM32F103C\Debug/core.a(usart_f1.c.o) (_usart_clock_freq)
C:\Users\Than\AppData\Local\Temp\VMBuilds\ColorSensorTest\STM32_genericSTM32F103C\Debug/core.a(util.c.o)
                              C:\Users\Than\AppData\Local\Temp\VMBuilds\ColorSensorTest\STM32_genericSTM32F103C\Debug/core.a(exc.S.o) (__error)
C:\Users\Than\AppData\Local\Temp\VMBuilds\ColorSensorTest\STM32_genericSTM32F103C\Debug/core.a(HardwareSerial.cpp.o)
                              C:\Users\Than\AppData\Local\Temp\VMBuilds\ColorSensorTest\STM32_genericSTM32F103C\Debug\variant\board.cpp.o (HardwareSerial::HardwareSerial(usart_dev*, unsigned char, unsigned char))
C:\Users\Than\AppData\Local\Temp\VMBuilds\ColorSensorTest\STM32_genericSTM32F103C\Debug/core.a(main.cpp.o)
                              (main)
C:\Users\Than\AppData\Local\Temp\VMBuilds\ColorSensorTest\STM32_genericSTM32F103C\Debug/core.a(Print.cpp.o)
                              C:\Users\Than\AppData\Local\Temp\VMBuilds\ColorSensorTest\STM32_genericSTM32F103C\Debug/core.a(HardwareSerial.cpp.o) (Print::write(char const*))
C:\Users\Than\AppData\Local\Temp\VMBuilds\ColorSensorTest\STM32_genericSTM32F103C\Debug/core.a(usb_serial.cpp.o)
                              C:\Users\Than\AppData\Local\Temp\VMBuilds\ColorSensorTest\STM32_genericSTM32F103C\Debug\variant\boards_setup.cpp.o (USBSerial::begin())
C:\Users\Than\AppData\Local\Temp\VMBuilds\ColorSensorTest\STM32_genericSTM32F103C\Debug/core.a(wirish_time.cpp.o)
[...]
Memory Configuration

Name             Origin             Length             Attributes
ram              0x20000000         0x00005000         xrw
rom              0x08002000         0x0001e000         xr
*default*        0x00000000         0xffffffff

Linker script and memory map

LOAD c:/users/than/appdata/local/arduino15/packages/arduino/tools/arm-none-eabi-gcc/4.8.3-2014q1/bin/../lib/gcc/arm-none-eabi/4.8.3/armv7-m/crti.o
LOAD c:/users/than/appdata/local/arduino15/packages/arduino/tools/arm-none-eabi-gcc/4.8.3-2014q1/bin/../lib/gcc/arm-none-eabi/4.8.3/armv7-m/crtbegin.o
LOAD c:/users/than/appdata/local/arduino15/packages/arduino/tools/arm-none-eabi-gcc/4.8.3-2014q1/bin/../lib/gcc/arm-none-eabi/4.8.3/../../../../arm-none-eabi/lib/armv7-m/crt0.o
LOAD c:/users/than/appdata/local/arduino15/packages/arduino/tools/arm-none-eabi-gcc/4.8.3-2014q1/bin/../lib/gcc/arm-none-eabi/4.8.3/armv7-m\libgcc.a
START GROUP
LOAD C:\Users\Than\AppData\Local\Temp\VMBuilds\ColorSensorTest\STM32_genericSTM32F103C\Debug\ColorSensorTest.cpp.o
LOAD C:\Users\Than\AppData\Local\Temp\VMBuilds\ColorSensorTest\STM32_genericSTM32F103C\Debug\ColorSensor.cpp.o
LOAD C:\Users\Than\AppData\Local\Temp\VMBuilds\ColorSensorTest\STM32_genericSTM32F103C\Debug\variant\board.cpp.o
LOAD C:\Users\Than\AppData\Local\Temp\VMBuilds\ColorSensorTest\STM32_genericSTM32F103C\Debug\variant\boards.cpp.o
LOAD C:\Users\Than\AppData\Local\Temp\VMBuilds\ColorSensorTest\STM32_genericSTM32F103C\Debug\variant\boards_setup.cpp.o
LOAD C:\Users\Than\AppData\Local\Temp\VMBuilds\ColorSensorTest\STM32_genericSTM32F103C\Debug\variant\start.S.o
LOAD C:\Users\Than\AppData\Local\Temp\VMBuilds\ColorSensorTest\STM32_genericSTM32F103C\Debug\variant\start_c.c.o
LOAD C:\Users\Than\AppData\Local\Temp\VMBuilds\ColorSensorTest\STM32_genericSTM32F103C\Debug\variant\syscalls.c.o
LOAD C:\Users\Than\AppData\Local\Temp\VMBuilds\ColorSensorTest\STM32_genericSTM32F103C\Debug/core.a
END GROUP
LOAD c:/users/than/appdata/local/arduino15/packages/arduino/tools/arm-none-eabi-gcc/4.8.3-2014q1/bin/../lib/gcc/arm-none-eabi/4.8.3/../../../../arm-none-eabi/lib/armv7-m\libstdc++.a
LOAD c:/users/than/appdata/local/arduino15/packages/arduino/tools/arm-none-eabi-gcc/4.8.3-2014q1/bin/../lib/gcc/arm-none-eabi/4.8.3/../../../../arm-none-eabi/lib/armv7-m\libm.a
START GROUP
LOAD c:/users/than/appdata/local/arduino15/packages/arduino/tools/arm-none-eabi-gcc/4.8.3-2014q1/bin/../lib/gcc/arm-none-eabi/4.8.3/armv7-m\libgcc.a
LOAD c:/users/than/appdata/local/arduino15/packages/arduino/tools/arm-none-eabi-gcc/4.8.3-2014q1/bin/../lib/gcc/arm-none-eabi/4.8.3/../../../../arm-none-eabi/lib/armv7-m\libc.a
END GROUP
LOAD c:/users/than/appdata/local/arduino15/packages/arduino/tools/arm-none-eabi-gcc/4.8.3-2014q1/bin/../lib/gcc/arm-none-eabi/4.8.3/armv7-m/crtend.o
LOAD c:/users/than/appdata/local/arduino15/packages/arduino/tools/arm-none-eabi-gcc/4.8.3-2014q1/bin/../lib/gcc/arm-none-eabi/4.8.3/armv7-m/crtn.o
START GROUP
LOAD c:/users/than/appdata/local/arduino15/packages/arduino/tools/arm-none-eabi-gcc/4.8.3-2014q1/bin/../lib/gcc/arm-none-eabi/4.8.3/armv7-m\libgcc.a
LOAD c:/users/than/appdata/local/arduino15/packages/arduino/tools/arm-none-eabi-gcc/4.8.3-2014q1/bin/../lib/gcc/arm-none-eabi/4.8.3/../../../../arm-none-eabi/lib/armv7-m\libc.a
LOAD c:/users/than/appdata/local/arduino15/packages/arduino/tools/arm-none-eabi-gcc/4.8.3-2014q1/bin/../lib/gcc/arm-none-eabi/4.8.3/../../../../arm-none-eabi/lib/armv7-m\libm.a
END GROUP
START GROUP
LOAD c:/users/than/appdata/local/arduino15/packages/arduino/tools/arm-none-eabi-gcc/4.8.3-2014q1/bin/../lib/gcc/arm-none-eabi/4.8.3/../../../../arm-none-eabi/lib/armv7-m\libnosys.a
END GROUP
                0x20005000                PROVIDE (__msp_init, (ORIGIN (ram) + 0x5000))
                0x0800293c                PROVIDE (__exc_reset, __start__)

.text           0x08002000     0x7ec4
                0x08002000                __text_start__ = .
 *(.stm32.interrupt_vector)
 .stm32.interrupt_vector
                0x08002000       0xec C:\Users\Than\AppData\Local\Temp\VMBuilds\ColorSensorTest\STM32_genericSTM32F103C\Debug/core.a(vector_table.S.o)
                0x08002000                __stm32_vector_table
 *(.text .text.* .gnu.linkonce.t.*)
 .text          0x080020ec       0x54 c:/users/than/appdata/local/arduino15/packages/arduino/tools/arm-none-eabi-gcc/4.8.3-2014q1/bin/../lib/gcc/arm-none-eabi/4.8.3/armv7-m/crtbegin.o
 .text._ZN3HSV8toStringEv
                0x08002140       0x90 C:\Users\Than\AppData\Local\Temp\VMBuilds\ColorSensorTest\STM32_genericSTM32F103C\Debug\ColorSensorTest.cpp.o
                0x08002140                HSV::toString()
 .text._ZN3RGB5toHSVEv
                0x080021d0      0x204 C:\Users\Than\AppData\Local\Temp\VMBuilds\ColorSensorTest\STM32_genericSTM32F103C\Debug\ColorSensorTest.cpp.o
                0x080021d0                RGB::toHSV()
 .text._Z5setupv
                0x080023d4       0x10 C:\Users\Than\AppData\Local\Temp\VMBuilds\ColorSensorTest\STM32_genericSTM32F103C\Debug\ColorSensorTest.cpp.o
                0x080023d4                setup()
 .text._Z4loopv
                0x080023e4      0x304 C:\Users\Than\AppData\Local\Temp\VMBuilds\ColorSensorTest\STM32_genericSTM32F103C\Debug\ColorSensorTest.cpp.o
                0x080023e4                loop()
 .text._Z9boardInitv
                0x080026e8        0x4 C:\Users\Than\AppData\Local\Temp\VMBuilds\ColorSensorTest\STM32_genericSTM32F103C\Debug\variant\board.cpp.o
                0x080026e8                boardInit()
 .text.startup._GLOBAL__sub_I__Z9boardInitv
                0x080026ec       0x48 C:\Users\Than\AppData\Local\Temp\VMBuilds\ColorSensorTest\STM32_genericSTM32F103C\Debug\variant\board.cpp.o
 .text._ZL18adc_default_configP7adc_dev
                0x08002734       0x1c C:\Users\Than\AppData\Local\Temp\VMBuilds\ColorSensorTest\STM32_genericSTM32F103C\Debug\variant\boards.cpp.o
 .text._ZL20timer_default_configP9timer_dev
                0x08002750       0x9e C:\Users\Than\AppData\Local\Temp\VMBuilds\ColorSensorTest\STM32_genericSTM32F103C\Debug\variant\boards.cpp.o
 *fill*         0x080027ee        0x2 
 .text._Z4initv
                0x080027f0       0xbc C:\Users\Than\AppData\Local\Temp\VMBuilds\ColorSensorTest\STM32_genericSTM32F103C\Debug\variant\boards.cpp.o
                0x080027f0                init()
 .text._ZN6wirish4priv15board_reset_pllEv
                0x080028ac        0x2 C:\Users\Than\AppData\Local\Temp\VMBuilds\ColorSensorTest\STM32_genericSTM32F103C\Debug\variant\boards_setup.cpp.o
                0x080028ac                wirish::priv::board_reset_pll()
 .text._ZN6wirish4priv28board_setup_clock_prescalersEv
                0x080028ae       0x30 C:\Users\Than\AppData\Local\Temp\VMBuilds\ColorSensorTest\STM32_genericSTM32F103C\Debug\variant\boards_setup.cpp.o
                0x080028ae                wirish::priv::board_setup_clock_prescalers()
 .text._ZN6wirish4priv16board_setup_gpioEv
                0x080028de        0x4 C:\Users\Than\AppData\Local\Temp\VMBuilds\ColorSensorTest\STM32_genericSTM32F103C\Debug\variant\boards_setup.cpp.o
                0x080028de                wirish::priv::board_setup_gpio()
 *fill*         0x080028e2        0x2 
 .text._ZN6wirish4priv15board_setup_usbEv
                0x080028e4       0x54 C:\Users\Than\AppData\Local\Temp\VMBuilds\ColorSensorTest\STM32_genericSTM32F103C\Debug\variant\boards_setup.cpp.o
                0x080028e4                wirish::priv::board_setup_usb()
 .text._ZN6wirish4priv11series_initEv
                0x08002938        0x4 C:\Users\Than\AppData\Local\Temp\VMBuilds\ColorSensorTest\STM32_genericSTM32F103C\Debug\variant\boards_setup.cpp.o
                0x08002938                wirish::priv::series_init()
 .text          0x0800293c       0x10 C:\Users\Than\AppData\Local\Temp\VMBuilds\ColorSensorTest\STM32_genericSTM32F103C\Debug\variant\start.S.o
                0x0800293c                __start__
 .text.start_c  0x0800294c       0x64 C:\Users\Than\AppData\Local\Temp\VMBuilds\ColorSensorTest\STM32_genericSTM32F103C\Debug\variant\start_c.c.o
                0x0800294c                start_c
 .text._sbrk    0x080029b0       0x44 C:\Users\Than\AppData\Local\Temp\VMBuilds\ColorSensorTest\STM32_genericSTM32F103C\Debug\variant\syscalls.c.o
                0x080029b0                _sbrk
 .text._exit    0x080029f4        0x2 C:\Users\Than\AppData\Local\Temp\VMBuilds\ColorSensorTest\STM32_genericSTM32F103C\Debug\variant\syscalls.c.o
                0x080029f4                _exit
 *fill*         0x080029f6        0xa 
 .text          0x08002a00       0x60 C:\Users\Than\AppData\Local\Temp\VMBuilds\ColorSensorTest\STM32_genericSTM32F103C\Debug/core.a(exc.S.o)
                0x08002a00                __exc_nmi
                0x08002a04                __exc_hardfault
                0x08002a08                __exc_memmanage
                0x08002a0c                __exc_busfault
                0x08002a10                __exc_usagefault
 .text          0x08002a60        0x2 C:\Users\Than\AppData\Local\Temp\VMBuilds\ColorSensorTest\STM32_genericSTM32F103C\Debug/core.a(isrs.S.o)
                0x08002a60                __stm32reservedexception9
                0x08002a60                __irq_dma1_channel3
                0x08002a60                __irq_i2c2_er
                0x08002a60                __irq_i2c1_er
                0x08002a60                __irq_dma1_channel6
                0x08002a60                __exc_debug_monitor
                0x08002a60                __irq_dma1_channel1
                0x08002a60                __exc_svc
                0x08002a60                __irq_dma1_channel4
                0x08002a60                __irq_dma1_channel7
                0x08002a60                __irq_exti0
                0x08002a60                __irq_can_rx1
                0x08002a60                __irq_spi2
                0x08002a60                __irq_can_sce
                0x08002a60                __irq_exti2
                0x08002a60                __irq_exti3
                0x08002a60                __irq_exti9_5
                0x08002a60                __irq_pvd
                0x08002a60                __irq_tamper
                0x08002a60                __default_handler
                0x08002a60                __irq_wwdg
                0x08002a60                __stm32reservedexception10
                0x08002a60                __irq_flash
                0x08002a60                __irq_i2c2_ev
                0x08002a60                __irq_dma1_channel2
                0x08002a60                __irq_dma1_channel5
                0x08002a60                __stm32reservedexception13
                0x08002a60                __irq_rtc
                0x08002a60                __irq_spi1
                0x08002a60                __stm32reservedexception7
                0x08002a60                __irq_usb_hp_can_tx
                0x08002a60                __irq_exti15_10
                0x08002a60                __irq_exti4
                0x08002a60                __irq_rtcalarm
                0x08002a60                __stm32reservedexception8
                0x08002a60                __exc_pendsv
                0x08002a60                __irq_i2c1_ev
                0x08002a60                __irq_usbwakeup
                0x08002a60                __irq_exti1
                0x08002a60                __irq_rcc
 .text.adc_init
                0x08002a62       0x14 C:\Users\Than\AppData\Local\Temp\VMBuilds\ColorSensorTest\STM32_genericSTM32F103C\Debug/core.a(adc.c.o)
                0x08002a62                adc_init
 .text.adc_set_extsel
                0x08002a76       0x12 C:\Users\Than\AppData\Local\Temp\VMBuilds\ColorSensorTest\STM32_genericSTM32F103C\Debug/core.a(adc.c.o)
                0x08002a76                adc_set_extsel
 .text.adc_set_sample_rate
                0x08002a88       0x30 C:\Users\Than\AppData\Local\Temp\VMBuilds\ColorSensorTest\STM32_genericSTM32F103C\Debug/core.a(adc.c.o)
                0x08002a88                adc_set_sample_rate
 .text.__irq_adc
                0x08002ab8       0x50 C:\Users\Than\AppData\Local\Temp\VMBuilds\ColorSensorTest\STM32_genericSTM32F103C\Debug/core.a(adc_f1.c.o)
                0x08002ab8                __irq_adc
 .text.adc_calibrate
                0x08002b08       0x24 C:\Users\Than\AppData\Local\Temp\VMBuilds\ColorSensorTest\STM32_genericSTM32F103C\Debug/core.a(adc_f1.c.o)
                0x08002b08                adc_calibrate
 .text.adc_set_prescaler
                0x08002b2c        0x8 C:\Users\Than\AppData\Local\Temp\VMBuilds\ColorSensorTest\STM32_genericSTM32F103C\Debug/core.a(adc_f1.c.o)
                0x08002b2c                adc_set_prescaler
 .text.adc_foreach
                0x08002b34       0x1c C:\Users\Than\AppData\Local\Temp\VMBuilds\ColorSensorTest\STM32_genericSTM32F103C\Debug/core.a(adc_f1.c.o)
                0x08002b34                adc_foreach
 .text.adc_enable_single_swstart
                0x08002b50       0x36 C:\Users\Than\AppData\Local\Temp\VMBuilds\ColorSensorTest\STM32_genericSTM32F103C\Debug/core.a(adc_f1.c.o)
                0x08002b50                adc_enable_single_swstart
 *fill*         0x08002b86        0x2 
 .text.flash_set_latency
                0x08002b88       0x14 C:\Users\Than\AppData\Local\Temp\VMBuilds\ColorSensorTest\STM32_genericSTM32F103C\Debug/core.a(flash.c.o)
                0x08002b88                flash_set_latency
 .text.gpio_init_all
                0x08002b9c       0x30 C:\Users\Than\AppData\Local\Temp\VMBuilds\ColorSensorTest\STM32_genericSTM32F103C\Debug/core.a(gpio_f1.c.o)
                0x08002b9c                gpio_init_all
 .text.gpio_set_mode
                0x08002bcc       0x50 C:\Users\Than\AppData\Local\Temp\VMBuilds\ColorSensorTest\STM32_genericSTM32F103C\Debug/core.a(gpio_f1.c.o)
                0x08002bcc                gpio_set_mode
 .text.afio_init
                0x08002c1c       0x12 C:\Users\Than\AppData\Local\Temp\VMBuilds\ColorSensorTest\STM32_genericSTM32F103C\Debug/core.a(gpio_f1.c.o)
                0x08002c1c                afio_init
 *fill*         0x08002c2e        0x2 
 .text.nvic_irq_set_priority
                0x08002c30       0x28 C:\Users\Than\AppData\Local\Temp\VMBuilds\ColorSensorTest\STM32_genericSTM32F103C\Debug/core.a(nvic.c.o)
                0x08002c30                nvic_irq_set_priority
 .text.nvic_init
                0x08002c58       0x30 C:\Users\Than\AppData\Local\Temp\VMBuilds\ColorSensorTest\STM32_genericSTM32F103C\Debug/core.a(nvic.c.o)
                0x08002c58                nvic_init
 .text.nvic_sys_reset
                0x08002c88       0x1c C:\Users\Than\AppData\Local\Temp\VMBuilds\ColorSensorTest\STM32_genericSTM32F103C\Debug/core.a(nvic.c.o)
                0x08002c88                nvic_sys_reset
 .text.rcc_dev_clk
                0x08002ca4        0xc C:\Users\Than\AppData\Local\Temp\VMBuilds\ColorSensorTest\STM32_genericSTM32F103C\Debug/core.a(rcc.c.o)
                0x08002ca4                rcc_dev_clk
 .text.rcc_switch_sysclk
                0x08002cb0       0x20 C:\Users\Than\AppData\Local\Temp\VMBuilds\ColorSensorTest\STM32_genericSTM32F103C\Debug/core.a(rcc.c.o)
                0x08002cb0                rcc_switch_sysclk
 .text.rcc_turn_on_clk
                0x08002cd0       0x1a C:\Users\Than\AppData\Local\Temp\VMBuilds\ColorSensorTest\STM32_genericSTM32F103C\Debug/core.a(rcc.c.o)
                0x08002cd0                rcc_turn_on_clk
 .text.rcc_turn_off_clk
                0x08002cea       0x1c C:\Users\Than\AppData\Local\Temp\VMBuilds\ColorSensorTest\STM32_genericSTM32F103C\Debug/core.a(rcc.c.o)
                0x08002cea                rcc_turn_off_clk
 .text.rcc_is_clk_ready
                0x08002d06       0x18 C:\Users\Than\AppData\Local\Temp\VMBuilds\ColorSensorTest\STM32_genericSTM32F103C\Debug/core.a(rcc.c.o)
                0x08002d06                rcc_is_clk_ready
 *fill*         0x08002d1e        0x2 
 .text.rcc_configure_pll
                0x08002d20       0x18 C:\Users\Than\AppData\Local\Temp\VMBuilds\ColorSensorTest\STM32_genericSTM32F103C\Debug/core.a(rcc_f1.c.o)
                0x08002d20                rcc_configure_pll
 .text.rcc_clk_enable
                0x08002d38       0x30 C:\Users\Than\AppData\Local\Temp\VMBuilds\ColorSensorTest\STM32_genericSTM32F103C\Debug/core.a(rcc_f1.c.o)
                0x08002d38                rcc_clk_enable
 .text.rcc_reset_dev
                0x08002d68       0x34 C:\Users\Than\AppData\Local\Temp\VMBuilds\ColorSensorTest\STM32_genericSTM32F103C\Debug/core.a(rcc_f1.c.o)
                0x08002d68                rcc_reset_dev
 .text.rcc_set_prescaler
                0x08002d9c       0x20 C:\Users\Than\AppData\Local\Temp\VMBuilds\ColorSensorTest\STM32_genericSTM32F103C\Debug/core.a(rcc_f1.c.o)
                0x08002d9c                rcc_set_prescaler
 .text.rcc_clk_disable
                0x08002dbc       0x30 C:\Users\Than\AppData\Local\Temp\VMBuilds\ColorSensorTest\STM32_genericSTM32F103C\Debug/core.a(rcc_f1.c.o)
                0x08002dbc                rcc_clk_disable
 .text.systick_init
                0x08002dec       0x10 C:\Users\Than\AppData\Local\Temp\VMBuilds\ColorSensorTest\STM32_genericSTM32F103C\Debug/core.a(systick.c.o)
                0x08002dec                systick_init
 .text.__exc_systick
                0x08002dfc       0x1c C:\Users\Than\AppData\Local\Temp\VMBuilds\ColorSensorTest\STM32_genericSTM32F103C\Debug/core.a(systick.c.o)
                0x08002dfc                __exc_systick
 .text.timer_foreach
                0x08002e18       0x28 C:\Users\Than\AppData\Local\Temp\VMBuilds\ColorSensorTest\STM32_genericSTM32F103C\Debug/core.a(timer.c.o)
                0x08002e18                timer_foreach
 .text.timer_init
                0x08002e40       0x14 C:\Users\Than\AppData\Local\Temp\VMBuilds\ColorSensorTest\STM32_genericSTM32F103C\Debug/core.a(timer.c.o)
                0x08002e40                timer_init
 .text.timer_has_cc_channel
                0x08002e54       0x30 C:\Users\Than\AppData\Local\Temp\VMBuilds\ColorSensorTest\STM32_genericSTM32F103C\Debug/core.a(timer.c.o)
                0x08002e54                timer_has_cc_channel
 .text.__irq_tim1_brk
                0x08002e84       0x24 C:\Users\Than\AppData\Local\Temp\VMBuilds\ColorSensorTest\STM32_genericSTM32F103C\Debug/core.a(timer.c.o)
                0x08002e84                __irq_tim1_brk
 .text.__irq_tim1_up
                0x08002ea8       0x24 C:\Users\Than\AppData\Local\Temp\VMBuilds\ColorSensorTest\STM32_genericSTM32F103C\Debug/core.a(timer.c.o)
                0x08002ea8                __irq_tim1_up
 .text.__irq_tim1_trg_com
                0x08002ecc       0x38 C:\Users\Than\AppData\Local\Temp\VMBuilds\ColorSensorTest\STM32_genericSTM32F103C\Debug/core.a(timer.c.o)
                0x08002ecc                __irq_tim1_trg_com
 .text.__irq_tim1_cc
                0x08002f04       0x54 C:\Users\Than\AppData\Local\Temp\VMBuilds\ColorSensorTest\STM32_genericSTM32F103C\Debug/core.a(timer.c.o)
                0x08002f04                __irq_tim1_cc
 .text.__irq_tim2
                0x08002f58       0x70 C:\Users\Than\AppData\Local\Temp\VMBuilds\ColorSensorTest\STM32_genericSTM32F103C\Debug/core.a(timer.c.o)
                0x08002f58                __irq_tim2
 .text.__irq_tim3
                0x08002fc8       0x70 C:\Users\Than\AppData\Local\Temp\VMBuilds\ColorSensorTest\STM32_genericSTM32F103C\Debug/core.a(timer.c.o)
                0x08002fc8                __irq_tim3
 .text.__irq_tim4
                0x08003038       0x70 C:\Users\Than\AppData\Local\Temp\VMBuilds\ColorSensorTest\STM32_genericSTM32F103C\Debug/core.a(timer.c.o)
                0x08003038                __irq_tim4
 .text.rb_remove
                0x080030a8       0x24 C:\Users\Than\AppData\Local\Temp\VMBuilds\ColorSensorTest\STM32_genericSTM32F103C\Debug/core.a(usart_f1.c.o)
 .text.rb_push_insert
                0x080030cc       0x52 C:\Users\Than\AppData\Local\Temp\VMBuilds\ColorSensorTest\STM32_genericSTM32F103C\Debug/core.a(usart_f1.c.o)
 *fill*         0x0800311e        0x2 
 .text.__irq_usart1
                0x08003120       0x54 C:\Users\Than\AppData\Local\Temp\VMBuilds\ColorSensorTest\STM32_genericSTM32F103C\Debug/core.a(usart_f1.c.o)
                0x08003120                __irq_usart1
 .text.__irq_usart2
                0x08003174       0x54 C:\Users\Than\AppData\Local\Temp\VMBuilds\ColorSensorTest\STM32_genericSTM32F103C\Debug/core.a(usart_f1.c.o)
                0x08003174                __irq_usart2
 .text.__irq_usart3
                0x080031c8       0x54 C:\Users\Than\AppData\Local\Temp\VMBuilds\ColorSensorTest\STM32_genericSTM32F103C\Debug/core.a(usart_f1.c.o)
                0x080031c8                __irq_usart3
 .text.throb    0x0800321c       0x4c C:\Users\Than\AppData\Local\Temp\VMBuilds\ColorSensorTest\STM32_genericSTM32F103C\Debug/core.a(util.c.o)
                0x0800321c                throb
 .text.__error  0x08003268       0x14 C:\Users\Than\AppData\Local\Temp\VMBuilds\ColorSensorTest\STM32_genericSTM32F103C\Debug/core.a(util.c.o)
                0x08003268                __error
 .text._ZN14HardwareSerial4readEv
                0x0800327c       0x4e C:\Users\Than\AppData\Local\Temp\VMBuilds\ColorSensorTest\STM32_genericSTM32F103C\Debug/core.a(HardwareSerial.cpp.o)
                0x0800327c                HardwareSerial::read()
 .text._ZN14HardwareSerial4peekEv
                0x080032ca       0x22 C:\Users\Than\AppData\Local\Temp\VMBuilds\ColorSensorTest\STM32_genericSTM32F103C\Debug/core.a(HardwareSerial.cpp.o)
                0x080032ca                HardwareSerial::peek()
 .text._ZN14HardwareSerial5flushEv
                0x080032ec       0x1a C:\Users\Than\AppData\Local\Temp\VMBuilds\ColorSensorTest\STM32_genericSTM32F103C\Debug/core.a(HardwareSerial.cpp.o)
                0x080032ec                HardwareSerial::flush()
 .text._ZN14HardwareSerial5writeEh
                0x08003306       0x1e C:\Users\Than\AppData\Local\Temp\VMBuilds\ColorSensorTest\STM32_genericSTM32F103C\Debug/core.a(HardwareSerial.cpp.o)
                0x08003306                HardwareSerial::write(unsigned char)
 .text._ZN14HardwareSerial9availableEv
                0x08003324       0x26 C:\Users\Than\AppData\Local\Temp\VMBuilds\ColorSensorTest\STM32_genericSTM32F103C\Debug/core.a(HardwareSerial.cpp.o)
                0x08003324                HardwareSerial::available()
 *fill*         0x0800334a        0x2 
 .text._ZN14HardwareSerialC2EP9usart_devhh
                0x0800334c       0x1c C:\Users\Than\AppData\Local\Temp\VMBuilds\ColorSensorTest\STM32_genericSTM32F103C\Debug/core.a(HardwareSerial.cpp.o)
                0x0800334c                HardwareSerial::HardwareSerial(usart_dev*, unsigned char, unsigned char)
                0x0800334c                HardwareSerial::HardwareSerial(usart_dev*, unsigned char, unsigned char)
 .text.startup._Z7premainv
                0x08003368        0x4 C:\Users\Than\AppData\Local\Temp\VMBuilds\ColorSensorTest\STM32_genericSTM32F103C\Debug/core.a(main.cpp.o)
                0x08003368                premain()
 .text.startup.main
                0x0800336c        0xc C:\Users\Than\AppData\Local\Temp\VMBuilds\ColorSensorTest\STM32_genericSTM32F103C\Debug/core.a(main.cpp.o)
                0x0800336c                main
 .text._ZN5Print5writeEPKc
                0x08003378       0x1c C:\Users\Than\AppData\Local\Temp\VMBuilds\ColorSensorTest\STM32_genericSTM32F103C\Debug/core.a(Print.cpp.o)
                0x08003378                Print::write(char const*)
 .text._ZN5Print5writeEPKvm
                0x08003394       0x20 C:\Users\Than\AppData\Local\Temp\VMBuilds\ColorSensorTest\STM32_genericSTM32F103C\Debug/core.a(Print.cpp.o)
                0x08003394                Print::write(void const*, unsigned long)
 .text._ZN5Print5printERK6String
                0x080033b4       0x10 C:\Users\Than\AppData\Local\Temp\VMBuilds\ColorSensorTest\STM32_genericSTM32F103C\Debug/core.a(Print.cpp.o)
                0x080033b4                Print::print(String const&)
 .text._ZN5Print5printEc
                0x080033c4        0xa C:\Users\Than\AppData\Local\Temp\VMBuilds\ColorSensorTest\STM32_genericSTM32F103C\Debug/core.a(Print.cpp.o)
                0x080033c4                Print::print(char)
 .text._ZN5Print7printlnEv
                0x080033ce       0x18 C:\Users\Than\AppData\Local\Temp\VMBuilds\ColorSensorTest\STM32_genericSTM32F103C\Debug/core.a(Print.cpp.o)
                0x080033ce                Print::println()
 .text._ZN5Print7printlnERK6String
                0x080033e6       0x14 C:\Users\Than\AppData\Local\Temp\VMBuilds\ColorSensorTest\STM32_genericSTM32F103C\Debug/core.a(Print.cpp.o)
                0x080033e6                Print::println(String const&)
 .text._ZN9USBSerial9availableEv
                0x080033fa        0x4 C:\Users\Than\AppData\Local\Temp\VMBuilds\ColorSensorTest\STM32_genericSTM32F103C\Debug/core.a(usb_serial.cpp.o)
                0x080033fa                USBSerial::available()
 .text._ZN9USBSerial4peekEv
                0x080033fe       0x1e C:\Users\Than\AppData\Local\Temp\VMBuilds\ColorSensorTest\STM32_genericSTM32F103C\Debug/core.a(usb_serial.cpp.o)
                0x080033fe                USBSerial::peek()
 .text._ZN9USBSerial4readEv
                0x0800341c       0x1e C:\Users\Than\AppData\Local\Temp\VMBuilds\ColorSensorTest\STM32_genericSTM32F103C\Debug/core.a(usb_serial.cpp.o)
                0x0800341c                USBSerial::read()
 *fill*         0x0800343a        0x2 
 .text._ZL14ifaceSetupHookjPv
                0x0800343c       0x50 C:\Users\Than\AppData\Local\Temp\VMBuilds\ColorSensorTest\STM32_genericSTM32F103C\Debug/core.a(usb_serial.cpp.o)
 .text._ZL6rxHookjPv
                0x0800348c       0x84 C:\Users\Than\AppData\Local\Temp\VMBuilds\ColorSensorTest\STM32_genericSTM32F103C\Debug/core.a(usb_serial.cpp.o)
 .text._ZL10wait_resetv
                0x08003510       0x10 C:\Users\Than\AppData\Local\Temp\VMBuilds\ColorSensorTest\STM32_genericSTM32F103C\Debug/core.a(usb_serial.cpp.o)
 .text._ZN9USBSerialC2Ev
                0x08003520       0x14 C:\Users\Than\AppData\Local\Temp\VMBuilds\ColorSensorTest\STM32_genericSTM32F103C\Debug/core.a(usb_serial.cpp.o)
                0x08003520                USBSerial::USBSerial()
                0x08003520                USBSerial::USBSerial()
 .text._ZN9USBSerial5beginEv
                0x08003534       0x34 C:\Users\Than\AppData\Local\Temp\VMBuilds\ColorSensorTest\STM32_genericSTM32F103C\Debug/core.a(usb_serial.cpp.o)
                0x08003534                USBSerial::begin()
 .text._ZN9USBSerial5beginEm
                0x08003568       0x10 C:\Users\Than\AppData\Local\Temp\VMBuilds\ColorSensorTest\STM32_genericSTM32F103C\Debug/core.a(usb_serial.cpp.o)
                0x08003568                USBSerial::begin(unsigned long)
 .text._ZN9USBSerial4readEPhm
                0x08003578       0x1c C:\Users\Than\AppData\Local\Temp\VMBuilds\ColorSensorTest\STM32_genericSTM32F103C\Debug/core.a(usb_serial.cpp.o)
                0x08003578                USBSerial::read(unsigned char*, unsigned long)
 .text._ZN9USBSerial5flushEv
                0x08003594       0x1c C:\Users\Than\AppData\Local\Temp\VMBuilds\ColorSensorTest\STM32_genericSTM32F103C\Debug/core.a(usb_serial.cpp.o)
                0x08003594                USBSerial::flush()
 .text._ZN9USBSerialcvbEv
                0x080035b0       0x20 C:\Users\Than\AppData\Local\Temp\VMBuilds\ColorSensorTest\STM32_genericSTM32F103C\Debug/core.a(usb_serial.cpp.o)
                0x080035b0                USBSerial::operator bool()
 .text._ZN9USBSerial5writeEPKhm
                0x080035d0       0x24 C:\Users\Than\AppData\Local\Temp\VMBuilds\ColorSensorTest\STM32_genericSTM32F103C\Debug/core.a(usb_serial.cpp.o)
                0x080035d0                USBSerial::write(unsigned char const*, unsigned long)
 .text._ZN9USBSerial5writeEh
                0x080035f4       0x18 C:\Users\Than\AppData\Local\Temp\VMBuilds\ColorSensorTest\STM32_genericSTM32F103C\Debug/core.a(usb_serial.cpp.o)
                0x080035f4                USBSerial::write(unsigned char)
 .text._ZN9USBSerial5writeEPKc
                0x0800360c       0x1a C:\Users\Than\AppData\Local\Temp\VMBuilds\ColorSensorTest\STM32_genericSTM32F103C\Debug/core.a(usb_serial.cpp.o)
                0x0800360c                USBSerial::write(char const*)
 *fill*         0x08003626        0x2 
 .text.startup._GLOBAL__sub_I__ZN9USBSerial9_hasBegunE
                0x08003628        0xc C:\Users\Than\AppData\Local\Temp\VMBuilds\ColorSensorTest\STM32_genericSTM32F103C\Debug/core.a(usb_serial.cpp.o)
 .text._Z5delaym
                0x08003634       0x1c C:\Users\Than\AppData\Local\Temp\VMBuilds\ColorSensorTest\STM32_genericSTM32F103C\Debug/core.a(wirish_time.cpp.o)
                0x08003634                delay(unsigned long)
 .text._ZN6StringD2Ev
                0x08003650        0xe C:\Users\Than\AppData\Local\Temp\VMBuilds\ColorSensorTest\STM32_genericSTM32F103C\Debug/core.a(WString.cpp.o)
                0x08003650                String::~String()
                0x08003650                String::~String()
 .text._ZN6String10invalidateEv
                0x0800365e       0x16 C:\Users\Than\AppData\Local\Temp\VMBuilds\ColorSensorTest\STM32_genericSTM32F103C\Debug/core.a(WString.cpp.o)
                0x0800365e                String::invalidate()
 .text._ZN6String12changeBufferEj
                0x08003674       0x18 C:\Users\Than\AppData\Local\Temp\VMBuilds\ColorSensorTest\STM32_genericSTM32F103C\Debug/core.a(WString.cpp.o)
                0x08003674                String::changeBuffer(unsigned int)
 .text._ZN6String7reserveEj
                0x0800368c       0x22 C:\Users\Than\AppData\Local\Temp\VMBuilds\ColorSensorTest\STM32_genericSTM32F103C\Debug/core.a(WString.cpp.o)
                0x0800368c                String::reserve(unsigned int)
 .text._ZN6String4copyEPKcj
                0x080036ae       0x26 C:\Users\Than\AppData\Local\Temp\VMBuilds\ColorSensorTest\STM32_genericSTM32F103C\Debug/core.a(WString.cpp.o)
                0x080036ae                String::copy(char const*, unsigned int)
 .text._ZN6StringC2EPKc
                0x080036d4       0x24 C:\Users\Than\AppData\Local\Temp\VMBuilds\ColorSensorTest\STM32_genericSTM32F103C\Debug/core.a(WString.cpp.o)
                0x080036d4                String::String(char const*)
                0x080036d4                String::String(char const*)
 .text._ZN6StringaSERKS_
                0x080036f8       0x1e C:\Users\Than\AppData\Local\Temp\VMBuilds\ColorSensorTest\STM32_genericSTM32F103C\Debug/core.a(WString.cpp.o)
                0x080036f8                String::operator=(String const&)
 .text._ZN6StringC2ERKS_
                0x08003716       0x14 C:\Users\Than\AppData\Local\Temp\VMBuilds\ColorSensorTest\STM32_genericSTM32F103C\Debug/core.a(WString.cpp.o)
                0x08003716                String::String(String const&)
                0x08003716                String::String(String const&)
 .text._ZN6StringaSEPKc
                0x0800372a       0x22 C:\Users\Than\AppData\Local\Temp\VMBuilds\ColorSensorTest\STM32_genericSTM32F103C\Debug/core.a(WString.cpp.o)
                0x0800372a                String::operator=(char const*)
 .text._ZN6StringC2Efh
                0x0800374c       0x32 C:\Users\Than\AppData\Local\Temp\VMBuilds\ColorSensorTest\STM32_genericSTM32F103C\Debug/core.a(WString.cpp.o)
                0x0800374c                String::String(float, unsigned char)
                0x0800374c                String::String(float, unsigned char)
 .text._ZN6String6concatEPKcj
                0x0800377e       0x2e C:\Users\Than\AppData\Local\Temp\VMBuilds\ColorSensorTest\STM32_genericSTM32F103C\Debug/core.a(WString.cpp.o)
                0x0800377e                String::concat(char const*, unsigned int)
 .text._ZplRK15StringSumHelperRK6String
                0x080037ac       0x1a C:\Users\Than\AppData\Local\Temp\VMBuilds\ColorSensorTest\STM32_genericSTM32F103C\Debug/core.a(WString.cpp.o)
                0x080037ac                operator+(StringSumHelper const&, String const&)
 .text._ZplRK15StringSumHelperPKc
                0x080037c6       0x24 C:\Users\Than\AppData\Local\Temp\VMBuilds\ColorSensorTest\STM32_genericSTM32F103C\Debug/core.a(WString.cpp.o)
                0x080037c6                operator+(StringSumHelper const&, char const*)
 *fill*         0x080037ea        0x2 
 .text._Z17disableDebugPortsv
                0x080037ec       0x14 C:\Users\Than\AppData\Local\Temp\VMBuilds\ColorSensorTest\STM32_genericSTM32F103C\Debug/core.a(wirish_debug.cpp.o)
                0x080037ec                disableDebugPorts()
 .text.__empty  0x08003800        0x2 C:\Users\Than\AppData\Local\Temp\VMBuilds\ColorSensorTest\STM32_genericSTM32F103C\Debug/core.a(hooks.c.o)
                0x08003800                yield
 *fill*         0x08003802        0x2 
 .text.dtostrf  0x08003804       0x28 C:\Users\Than\AppData\Local\Temp\VMBuilds\ColorSensorTest\STM32_genericSTM32F103C\Debug/core.a(dtostrf.c.o)
                0x08003804                dtostrf
 .text.gpio_init
                0x0800382c       0x14 C:\Users\Than\AppData\Local\Temp\VMBuilds\ColorSensorTest\STM32_genericSTM32F103C\Debug/core.a(gpio.c.o)
                0x0800382c                gpio_init
 .text.iwdg_init
                0x08003840       0x20 C:\Users\Than\AppData\Local\Temp\VMBuilds\ColorSensorTest\STM32_genericSTM32F103C\Debug/core.a(iwdg.c.o)
                0x08003840                iwdg_init
 .text.usart_tx
                0x08003860       0x9c C:\Users\Than\AppData\Local\Temp\VMBuilds\ColorSensorTest\STM32_genericSTM32F103C\Debug/core.a(usart.c.o)
                0x08003860                usart_tx
 .text.usb_resume
                0x080038fc       0xb4 C:\Users\Than\AppData\Local\Temp\VMBuilds\ColorSensorTest\STM32_genericSTM32F103C\Debug/core.a(usb.c.o)
 .text.usb_init_usblib
                0x080039b0       0x48 C:\Users\Than\AppData\Local\Temp\VMBuilds\ColorSensorTest\STM32_genericSTM32F103C\Debug/core.a(usb.c.o)
                0x080039b0                usb_init_usblib
 .text.__irq_usb_lp_can_rx0
                0x080039f8      0x1c8 C:\Users\Than\AppData\Local\Temp\VMBuilds\ColorSensorTest\STM32_genericSTM32F103C\Debug/core.a(usb.c.o)
                0x080039f8                __irq_usb_lp_can_rx0
 .text.usb_set_ep_rx_stat
                0x08003bc0       0x22 C:\Users\Than\AppData\Local\Temp\VMBuilds\ColorSensorTest\STM32_genericSTM32F103C\Debug/core.a(usb_cdcacm.c.o)
 *fill*         0x08003be2        0x2 
 .text.vcomGetSetLineCoding
                0x08003be4       0x18 C:\Users\Than\AppData\Local\Temp\VMBuilds\ColorSensorTest\STM32_genericSTM32F103C\Debug/core.a(usb_cdcacm.c.o)
 .text.usbDataSetup
                0x08003bfc       0x54 C:\Users\Than\AppData\Local\Temp\VMBuilds\ColorSensorTest\STM32_genericSTM32F103C\Debug/core.a(usb_cdcacm.c.o)
 .text.usbNoDataSetup
                0x08003c50       0x50 C:\Users\Than\AppData\Local\Temp\VMBuilds\ColorSensorTest\STM32_genericSTM32F103C\Debug/core.a(usb_cdcacm.c.o)
 .text.usbGetInterfaceSetting
                0x08003ca0       0x10 C:\Users\Than\AppData\Local\Temp\VMBuilds\ColorSensorTest\STM32_genericSTM32F103C\Debug/core.a(usb_cdcacm.c.o)
 .text.usbSetConfiguration
                0x08003cb0       0x1c C:\Users\Than\AppData\Local\Temp\VMBuilds\ColorSensorTest\STM32_genericSTM32F103C\Debug/core.a(usb_cdcacm.c.o)
 .text.usbSetDeviceAddress
                0x08003ccc       0x10 C:\Users\Than\AppData\Local\Temp\VMBuilds\ColorSensorTest\STM32_genericSTM32F103C\Debug/core.a(usb_cdcacm.c.o)
 .text.usbGetStringDescriptor
                0x08003cdc       0x20 C:\Users\Than\AppData\Local\Temp\VMBuilds\ColorSensorTest\STM32_genericSTM32F103C\Debug/core.a(usb_cdcacm.c.o)
 .text.usbGetConfigDescriptor
                0x08003cfc        0xc C:\Users\Than\AppData\Local\Temp\VMBuilds\ColorSensorTest\STM32_genericSTM32F103C\Debug/core.a(usb_cdcacm.c.o)
 .text.usbGetDeviceDescriptor
                0x08003d08        0xc C:\Users\Than\AppData\Local\Temp\VMBuilds\ColorSensorTest\STM32_genericSTM32F103C\Debug/core.a(usb_cdcacm.c.o)
 .text.usbInit  0x08003d14       0x44 C:\Users\Than\AppData\Local\Temp\VMBuilds\ColorSensorTest\STM32_genericSTM32F103C\Debug/core.a(usb_cdcacm.c.o)
 .text.vcomDataTxCb
                0x08003d58       0xa0 C:\Users\Than\AppData\Local\Temp\VMBuilds\ColorSensorTest\STM32_genericSTM32F103C\Debug/core.a(usb_cdcacm.c.o)
 .text.usbReset
                0x08003df8      0x160 C:\Users\Than\AppData\Local\Temp\VMBuilds\ColorSensorTest\STM32_genericSTM32F103C\Debug/core.a(usb_cdcacm.c.o)
 .text.vcomDataRxCb
                0x08003f58       0x7c C:\Users\Than\AppData\Local\Temp\VMBuilds\ColorSensorTest\STM32_genericSTM32F103C\Debug/core.a(usb_cdcacm.c.o)
 .text.usb_cdcacm_set_hooks
                0x08003fd4       0x1c C:\Users\Than\AppData\Local\Temp\VMBuilds\ColorSensorTest\STM32_genericSTM32F103C\Debug/core.a(usb_cdcacm.c.o)
                0x08003fd4                usb_cdcacm_set_hooks
 .text.usb_cdcacm_enable
                0x08003ff0       0x38 C:\Users\Than\AppData\Local\Temp\VMBuilds\ColorSensorTest\STM32_genericSTM32F103C\Debug/core.a(usb_cdcacm.c.o)
                0x08003ff0                usb_cdcacm_enable
 .text.usb_cdcacm_tx
                0x08004028       0x60 C:\Users\Than\AppData\Local\Temp\VMBuilds\ColorSensorTest\STM32_genericSTM32F103C\Debug/core.a(usb_cdcacm.c.o)
                0x08004028                usb_cdcacm_tx
 .text.usb_cdcacm_data_available
                0x08004088       0x18 C:\Users\Than\AppData\Local\Temp\VMBuilds\ColorSensorTest\STM32_genericSTM32F103C\Debug/core.a(usb_cdcacm.c.o)
                0x08004088                usb_cdcacm_data_available
 .text.usb_cdcacm_peek
                0x080040a0       0x38 C:\Users\Than\AppData\Local\Temp\VMBuilds\ColorSensorTest\STM32_genericSTM32F103C\Debug/core.a(usb_cdcacm.c.o)
                0x080040a0                usb_cdcacm_peek
 .text.usb_cdcacm_rx
                0x080040d8       0x34 C:\Users\Than\AppData\Local\Temp\VMBuilds\ColorSensorTest\STM32_genericSTM32F103C\Debug/core.a(usb_cdcacm.c.o)
                0x080040d8                usb_cdcacm_rx
 .text.usb_cdcacm_peek_ex
                0x0800410c       0x40 C:\Users\Than\AppData\Local\Temp\VMBuilds\ColorSensorTest\STM32_genericSTM32F103C\Debug/core.a(usb_cdcacm.c.o)
                0x0800410c                usb_cdcacm_peek_ex
 .text.usb_cdcacm_get_dtr
                0x0800414c       0x10 C:\Users\Than\AppData\Local\Temp\VMBuilds\ColorSensorTest\STM32_genericSTM32F103C\Debug/core.a(usb_cdcacm.c.o)
                0x0800414c                usb_cdcacm_get_dtr
 .text.usb_cdcacm_get_baud
                0x0800415c        0xc C:\Users\Than\AppData\Local\Temp\VMBuilds\ColorSensorTest\STM32_genericSTM32F103C\Debug/core.a(usb_cdcacm.c.o)
                0x0800415c                usb_cdcacm_get_baud
 .text.usb_set_ep_rx_count
                0x08004168       0x40 C:\Users\Than\AppData\Local\Temp\VMBuilds\ColorSensorTest\STM32_genericSTM32F103C\Debug/core.a(usb_reg_map.c.o)
                0x08004168                usb_set_ep_rx_count
 .text.Standard_GetConfiguration
                0x080041a8       0x24 C:\Users\Than\AppData\Local\Temp\VMBuilds\ColorSensorTest\STM32_genericSTM32F103C\Debug/core.a(usb_core.c.o)
                0x080041a8                Standard_GetConfiguration
 .text.Standard_GetInterface
                0x080041cc       0x24 C:\Users\Than\AppData\Local\Temp\VMBuilds\ColorSensorTest\STM32_genericSTM32F103C\Debug/core.a(usb_core.c.o)
                0x080041cc                Standard_GetInterface
 .text.Standard_GetStatus
                0x080041f0       0x90 C:\Users\Than\AppData\Local\Temp\VMBuilds\ColorSensorTest\STM32_genericSTM32F103C\Debug/core.a(usb_core.c.o)
                0x080041f0                Standard_GetStatus
 .text.DataStageIn
                0x08004280       0xa8 C:\Users\Than\AppData\Local\Temp\VMBuilds\ColorSensorTest\STM32_genericSTM32F103C\Debug/core.a(usb_core.c.o)
 .text.Standard_SetConfiguration
                0x08004328       0x38 C:\Users\Than\AppData\Local\Temp\VMBuilds\ColorSensorTest\STM32_genericSTM32F103C\Debug/core.a(usb_core.c.o)
                0x08004328                Standard_SetConfiguration
 .text.Standard_SetInterface
                0x08004360       0x48 C:\Users\Than\AppData\Local\Temp\VMBuilds\ColorSensorTest\STM32_genericSTM32F103C\Debug/core.a(usb_core.c.o)
                0x08004360                Standard_SetInterface
 .text.Standard_ClearFeature
                0x080043a8       0xd0 C:\Users\Than\AppData\Local\Temp\VMBuilds\ColorSensorTest\STM32_genericSTM32F103C\Debug/core.a(usb_core.c.o)
                0x080043a8                Standard_ClearFeature
 .text.Standard_SetEndPointFeature
                0x08004478       0x84 C:\Users\Than\AppData\Local\Temp\VMBuilds\ColorSensorTest\STM32_genericSTM32F103C\Debug/core.a(usb_core.c.o)
                0x08004478                Standard_SetEndPointFeature
 .text.Standard_SetDeviceFeature
                0x080044fc       0x24 C:\Users\Than\AppData\Local\Temp\VMBuilds\ColorSensorTest\STM32_genericSTM32F103C\Debug/core.a(usb_core.c.o)
                0x080044fc                Standard_SetDeviceFeature
 .text.Standard_GetDescriptorData
                0x08004520       0x1c C:\Users\Than\AppData\Local\Temp\VMBuilds\ColorSensorTest\STM32_genericSTM32F103C\Debug/core.a(usb_core.c.o)
                0x08004520                Standard_GetDescriptorData
 .text.Post0_Process
                0x0800453c       0x40 C:\Users\Than\AppData\Local\Temp\VMBuilds\ColorSensorTest\STM32_genericSTM32F103C\Debug/core.a(usb_core.c.o)
                0x0800453c                Post0_Process
 .text.Setup0_Process
                0x0800457c      0x2d0 C:\Users\Than\AppData\Local\Temp\VMBuilds\ColorSensorTest\STM32_genericSTM32F103C\Debug/core.a(usb_core.c.o)
                0x0800457c                Setup0_Process
 .text.Out0_Process
                0x0800484c       0xc8 C:\Users\Than\AppData\Local\Temp\VMBuilds\ColorSensorTest\STM32_genericSTM32F103C\Debug/core.a(usb_core.c.o)
                0x0800484c                Out0_Process
 .text.SetDeviceAddress
                0x08004914       0x38 C:\Users\Than\AppData\Local\Temp\VMBuilds\ColorSensorTest\STM32_genericSTM32F103C\Debug/core.a(usb_core.c.o)
                0x08004914                SetDeviceAddress
 .text.In0_Process
                0x0800494c       0x5c C:\Users\Than\AppData\Local\Temp\VMBuilds\ColorSensorTest\STM32_genericSTM32F103C\Debug/core.a(usb_core.c.o)
                0x0800494c                In0_Process
 .text.NOP_Process
                0x080049a8        0x2 C:\Users\Than\AppData\Local\Temp\VMBuilds\ColorSensorTest\STM32_genericSTM32F103C\Debug/core.a(usb_core.c.o)
                0x080049a8                NOP_Process
 .text.UserToPMABufferCopy
                0x080049aa       0x30 C:\Users\Than\AppData\Local\Temp\VMBuilds\ColorSensorTest\STM32_genericSTM32F103C\Debug/core.a(usb_mem.c.o)
                0x080049aa                UserToPMABufferCopy
 .text.PMAToUserBufferCopy
                0x080049da       0x24 C:\Users\Than\AppData\Local\Temp\VMBuilds\ColorSensorTest\STM32_genericSTM32F103C\Debug/core.a(usb_mem.c.o)
                0x080049da                PMAToUserBufferCopy
 .text.SetEPTxStatus
                0x080049fe       0x2a C:\Users\Than\AppData\Local\Temp\VMBuilds\ColorSensorTest\STM32_genericSTM32F103C\Debug/core.a(usb_regs.c.o)
                0x080049fe                SetEPTxStatus
 .text.ClearDTOG_RX
                0x08004a28       0x20 C:\Users\Than\AppData\Local\Temp\VMBuilds\ColorSensorTest\STM32_genericSTM32F103C\Debug/core.a(usb_regs.c.o)
                0x08004a28                ClearDTOG_RX
 .text.ClearDTOG_TX
                0x08004a48       0x20 C:\Users\Than\AppData\Local\Temp\VMBuilds\ColorSensorTest\STM32_genericSTM32F103C\Debug/core.a(usb_regs.c.o)
                0x08004a48                ClearDTOG_TX
 .text.GetEPTxAddr
                0x08004a68       0x1c C:\Users\Than\AppData\Local\Temp\VMBuilds\ColorSensorTest\STM32_genericSTM32F103C\Debug/core.a(usb_regs.c.o)
                0x08004a68                GetEPTxAddr
 .text.GetEPRxAddr
                0x08004a84       0x1c C:\Users\Than\AppData\Local\Temp\VMBuilds\ColorSensorTest\STM32_genericSTM32F103C\Debug/core.a(usb_regs.c.o)
                0x08004a84                GetEPRxAddr
 .text.SetEPTxCount
                0x08004aa0       0x1c C:\Users\Than\AppData\Local\Temp\VMBuilds\ColorSensorTest\STM32_genericSTM32F103C\Debug/core.a(usb_regs.c.o)
                0x08004aa0                SetEPTxCount
 .text.SetEPRxCount
                0x08004abc       0x40 C:\Users\Than\AppData\Local\Temp\VMBuilds\ColorSensorTest\STM32_genericSTM32F103C\Debug/core.a(usb_regs.c.o)
                0x08004abc                SetEPRxCount
 .text          0x08004afc      0x370 c:/users/than/appdata/local/arduino15/packages/arduino/tools/arm-none-eabi-gcc/4.8.3-2014q1/bin/../lib/gcc/arm-none-eabi/4.8.3/armv7-m\libgcc.a(_arm_addsubdf3.o)
                0x08004afc                __aeabi_drsub
                0x08004b04                __aeabi_dsub
                0x08004b04                __subdf3
                0x08004b08                __aeabi_dadd
                0x08004b08                __adddf3
                0x08004d80                __floatunsidf
                0x08004d80                __aeabi_ui2d
                0x08004da0                __floatsidf
                0x08004da0                __aeabi_i2d
                0x08004dc4                __aeabi_f2d
                0x08004dc4                __extendsfdf2
                0x08004e00                __floatundidf
                0x08004e00                __aeabi_ul2d
                0x08004e10                __floatdidf
                0x08004e10                __aeabi_l2d
 .text          0x08004e6c      0x424 c:/users/than/appdata/local/arduino15/packages/arduino/tools/arm-none-eabi-gcc/4.8.3-2014q1/bin/../lib/gcc/arm-none-eabi/4.8.3/armv7-m\libgcc.a(_arm_muldivdf3.o)
                0x08004e6c                __aeabi_dmul
                0x08004e6c                __muldf3
                0x080050c0                __divdf3
                0x080050c0                __aeabi_ddiv
 .text          0x08005290      0x110 c:/users/than/appdata/local/arduino15/packages/arduino/tools/arm-none-eabi-gcc/4.8.3-2014q1/bin/../lib/gcc/arm-none-eabi/4.8.3/armv7-m\libgcc.a(_arm_cmpdf2.o)
                0x08005290                __gtdf2
                0x08005290                __gedf2
                0x08005298                __ltdf2
                0x08005298                __ledf2
                0x080052a0                __nedf2
                0x080052a0                __eqdf2
                0x080052a0                __cmpdf2
                0x0800531c                __aeabi_cdrcmple
                0x0800532c                __aeabi_cdcmpeq
                0x0800532c                __aeabi_cdcmple
                0x0800533c                __aeabi_dcmpeq
                0x08005350                __aeabi_dcmplt
                0x08005364                __aeabi_dcmple
                0x08005378                __aeabi_dcmpge
                0x0800538c                __aeabi_dcmpgt
 .text          0x080053a0       0x50 c:/users/than/appdata/local/arduino15/packages/arduino/tools/arm-none-eabi-gcc/4.8.3-2014q1/bin/../lib/gcc/arm-none-eabi/4.8.3/armv7-m\libgcc.a(_arm_fixdfsi.o)
                0x080053a0                __aeabi_d2iz
                0x080053a0                __fixdfsi
 .text          0x080053f0       0xa0 c:/users/than/appdata/local/arduino15/packages/arduino/tools/arm-none-eabi-gcc/4.8.3-2014q1/bin/../lib/gcc/arm-none-eabi/4.8.3/armv7-m\libgcc.a(_arm_truncdfsf2.o)
                0x080053f0                __truncdfsf2
                0x080053f0                __aeabi_d2f
 .text          0x08005490      0x21c c:/users/than/appdata/local/arduino15/packages/arduino/tools/arm-none-eabi-gcc/4.8.3-2014q1/bin/../lib/gcc/arm-none-eabi/4.8.3/armv7-m\libgcc.a(_arm_addsubsf3.o)
                0x08005490                __aeabi_frsub
                0x08005498                __subsf3
                0x08005498                __aeabi_fsub
                0x0800549c                __aeabi_fadd
                0x0800549c                __addsf3
                0x080055fc                __aeabi_ui2f
                0x080055fc                __floatunsisf
                0x08005604                __aeabi_i2f
                0x08005604                __floatsisf
                0x08005620                __aeabi_ul2f
                0x08005620                __floatundisf
                0x08005630                __aeabi_l2f
                0x08005630                __floatdisf
 .text          0x080056ac      0x2a0 c:/users/than/appdata/local/arduino15/packages/arduino/tools/arm-none-eabi-gcc/4.8.3-2014q1/bin/../lib/gcc/arm-none-eabi/4.8.3/armv7-m\libgcc.a(_arm_muldivsf3.o)
                0x080056ac                __mulsf3
                0x080056ac                __aeabi_fmul
                0x08005814                __aeabi_fdiv
                0x08005814                __divsf3
 .text          0x0800594c       0xec c:/users/than/appdata/local/arduino15/packages/arduino/tools/arm-none-eabi-gcc/4.8.3-2014q1/bin/../lib/gcc/arm-none-eabi/4.8.3/armv7-m\libgcc.a(_arm_cmpsf2.o)
                0x0800594c                __gesf2
                0x0800594c                __gtsf2
                0x08005954                __lesf2
                0x08005954                __ltsf2
                0x0800595c                __nesf2
                0x0800595c                __eqsf2
                0x0800595c                __cmpsf2
                0x080059bc                __aeabi_cfrcmple
                0x080059c4                __aeabi_cfcmpeq
                0x080059c4                __aeabi_cfcmple
                0x080059d4                __aeabi_fcmpeq
                0x080059e8                __aeabi_fcmplt
                0x080059fc                __aeabi_fcmple
                0x08005a10                __aeabi_fcmpge
                0x08005a24                __aeabi_fcmpgt
 .text          0x08005a38       0x4c c:/users/than/appdata/local/arduino15/packages/arduino/tools/arm-none-eabi-gcc/4.8.3-2014q1/bin/../lib/gcc/arm-none-eabi/4.8.3/armv7-m\libgcc.a(_arm_fixsfsi.o)
                0x08005a38                __aeabi_f2iz
                0x08005a38                __fixsfsi
 .text          0x08005a84       0x2c c:/users/than/appdata/local/arduino15/packages/arduino/tools/arm-none-eabi-gcc/4.8.3-2014q1/bin/../lib/gcc/arm-none-eabi/4.8.3/armv7-m\libgcc.a(_aeabi_uldivmod.o)
                0x08005a84                __aeabi_uldivmod
 .text          0x08005ab0       0x60 c:/users/than/appdata/local/arduino15/packages/arduino/tools/arm-none-eabi-gcc/4.8.3-2014q1/bin/../lib/gcc/arm-none-eabi/4.8.3/armv7-m\libgcc.a(bpabi.o)
                0x08005ab0                __gnu_ldivmod_helper
                0x08005ae0                __gnu_uldivmod_helper
 .text          0x08005b10        0x4 c:/users/than/appdata/local/arduino15/packages/arduino/tools/arm-none-eabi-gcc/4.8.3-2014q1/bin/../lib/gcc/arm-none-eabi/4.8.3/armv7-m\libgcc.a(_dvmd_tls.o)
                0x08005b10                __aeabi_idiv0
                0x08005b10                __aeabi_ldiv0
 .text          0x08005b14      0x2a0 c:/users/than/appdata/local/arduino15/packages/arduino/tools/arm-none-eabi-gcc/4.8.3-2014q1/bin/../lib/gcc/arm-none-eabi/4.8.3/armv7-m\libgcc.a(_divdi3.o)
                0x08005b14                __divdi3
 .text          0x08005db4      0x290 c:/users/than/appdata/local/arduino15/packages/arduino/tools/arm-none-eabi-gcc/4.8.3-2014q1/bin/../lib/gcc/arm-none-eabi/4.8.3/armv7-m\libgcc.a(_udivdi3.o)
                0x08005db4                __udivdi3
 .text.__errno  0x08006044        0xc c:/users/than/appdata/local/arduino15/packages/arduino/tools/arm-none-eabi-gcc/4.8.3-2014q1/bin/../lib/gcc/arm-none-eabi/4.8.3/../../../../arm-none-eabi/lib/armv7-m\libc.a(lib_a-errno.o)
                0x08006044                __errno
 .text.exit     0x08006050       0x20 c:/users/than/appdata/local/arduino15/packages/arduino/tools/arm-none-eabi-gcc/4.8.3-2014q1/bin/../lib/gcc/arm-none-eabi/4.8.3/../../../../arm-none-eabi/lib/armv7-m\libc.a(lib_a-exit.o)
                0x08006050                exit
 .text.__libc_init_array
                0x08006070       0x50 c:/users/than/appdata/local/arduino15/packages/arduino/tools/arm-none-eabi-gcc/4.8.3-2014q1/bin/../lib/gcc/arm-none-eabi/4.8.3/../../../../arm-none-eabi/lib/armv7-m\libc.a(lib_a-init.o)
                0x08006070                __libc_init_array
 .text.malloc   0x080060c0       0x10 c:/users/than/appdata/local/arduino15/packages/arduino/tools/arm-none-eabi-gcc/4.8.3-2014q1/bin/../lib/gcc/arm-none-eabi/4.8.3/../../../../arm-none-eabi/lib/armv7-m\libc.a(lib_a-malloc.o)
                0x080060c0                malloc
 .text.free     0x080060d0       0x10 c:/users/than/appdata/local/arduino15/packages/arduino/tools/arm-none-eabi-gcc/4.8.3-2014q1/bin/../lib/gcc/arm-none-eabi/4.8.3/../../../../arm-none-eabi/lib/armv7-m\libc.a(lib_a-malloc.o)
                0x080060d0                free
 .text._malloc_r
                0x080060e0      0x538 c:/users/than/appdata/local/arduino15/packages/arduino/tools/arm-none-eabi-gcc/4.8.3-2014q1/bin/../lib/gcc/arm-none-eabi/4.8.3/../../../../arm-none-eabi/lib/armv7-m\libc.a(lib_a-mallocr.o)
                0x080060e0                _malloc_r
 .text          0x08006618       0xec c:/users/than/appdata/local/arduino15/packages/arduino/tools/arm-none-eabi-gcc/4.8.3-2014q1/bin/../lib/gcc/arm-none-eabi/4.8.3/../../../../arm-none-eabi/lib/armv7-m\libc.a(lib_a-memcpy.o)
                0x08006618                memcpy
 .text.memmove  0x08006704       0xcc c:/users/than/appdata/local/arduino15/packages/arduino/tools/arm-none-eabi-gcc/4.8.3-2014q1/bin/../lib/gcc/arm-none-eabi/4.8.3/../../../../arm-none-eabi/lib/armv7-m\libc.a(lib_a-memmove.o)
                0x08006704                memmove
 .text.memset   0x080067d0       0x94 c:/users/than/appdata/local/arduino15/packages/arduino/tools/arm-none-eabi-gcc/4.8.3-2014q1/bin/../lib/gcc/arm-none-eabi/4.8.3/../../../../arm-none-eabi/lib/armv7-m\libc.a(lib_a-memset.o)
                0x080067d0                memset
 .text.__malloc_lock
                0x08006864        0x4 c:/users/than/appdata/local/arduino15/packages/arduino/tools/arm-none-eabi-gcc/4.8.3-2014q1/bin/../lib/gcc/arm-none-eabi/4.8.3/../../../../arm-none-eabi/lib/armv7-m\libc.a(lib_a-mlock.o)
                0x08006864                __malloc_lock
 .text.__malloc_unlock
                0x08006868        0x4 c:/users/than/appdata/local/arduino15/packages/arduino/tools/arm-none-eabi-gcc/4.8.3-2014q1/bin/../lib/gcc/arm-none-eabi/4.8.3/../../../../arm-none-eabi/lib/armv7-m\libc.a(lib_a-mlock.o)
                0x08006868                __malloc_unlock
 .text.realloc  0x0800686c       0x10 c:/users/than/appdata/local/arduino15/packages/arduino/tools/arm-none-eabi-gcc/4.8.3-2014q1/bin/../lib/gcc/arm-none-eabi/4.8.3/../../../../arm-none-eabi/lib/armv7-m\libc.a(lib_a-realloc.o)
                0x0800686c                realloc
 .text._realloc_r
                0x0800687c      0x3c0 c:/users/than/appdata/local/arduino15/packages/arduino/tools/arm-none-eabi-gcc/4.8.3-2014q1/bin/../lib/gcc/arm-none-eabi/4.8.3/../../../../arm-none-eabi/lib/armv7-m\libc.a(lib_a-reallocr.o)
                0x0800687c                _realloc_r
 .text._sbrk_r  0x08006c3c       0x24 c:/users/than/appdata/local/arduino15/packages/arduino/tools/arm-none-eabi-gcc/4.8.3-2014q1/bin/../lib/gcc/arm-none-eabi/4.8.3/../../../../arm-none-eabi/lib/armv7-m\libc.a(lib_a-sbrkr.o)
                0x08006c3c                _sbrk_r
 .text.sprintf  0x08006c60       0x4c c:/users/than/appdata/local/arduino15/packages/arduino/tools/arm-none-eabi-gcc/4.8.3-2014q1/bin/../lib/gcc/arm-none-eabi/4.8.3/../../../../arm-none-eabi/lib/armv7-m\libc.a(lib_a-sprintf.o)
                0x08006c60                sprintf
 .text.strcpy   0x08006cac       0xbc c:/users/than/appdata/local/arduino15/packages/arduino/tools/arm-none-eabi-gcc/4.8.3-2014q1/bin/../lib/gcc/arm-none-eabi/4.8.3/../../../../arm-none-eabi/lib/armv7-m\libc.a(lib_a-strcpy.o)
                0x08006cac                strcpy
 .text.strlen   0x08006d68       0x60 c:/users/than/appdata/local/arduino15/packages/arduino/tools/arm-none-eabi-gcc/4.8.3-2014q1/bin/../lib/gcc/arm-none-eabi/4.8.3/../../../../arm-none-eabi/lib/armv7-m\libc.a(lib_a-strlen.o)
                0x08006d68                strlen
 .text._svfprintf_r
                0x08006dc8     0x14e0 c:/users/than/appdata/local/arduino15/packages/arduino/tools/arm-none-eabi-gcc/4.8.3-2014q1/bin/../lib/gcc/arm-none-eabi/4.8.3/../../../../arm-none-eabi/lib/armv7-m\libc.a(lib_a-svfprintf.o)
                0x08006dc8                _svfprintf_r
 .text.startup.register_fini
                0x080082a8       0x14 c:/users/than/appdata/local/arduino15/packages/arduino/tools/arm-none-eabi-gcc/4.8.3-2014q1/bin/../lib/gcc/arm-none-eabi/4.8.3/../../../../arm-none-eabi/lib/armv7-m\libc.a(lib_a-__call_atexit.o)
 .text.__call_exitprocs
                0x080082bc       0xf0 c:/users/than/appdata/local/arduino15/packages/arduino/tools/arm-none-eabi-gcc/4.8.3-2014q1/bin/../lib/gcc/arm-none-eabi/4.8.3/../../../../arm-none-eabi/lib/armv7-m\libc.a(lib_a-__call_atexit.o)
                0x080082bc                __call_exitprocs
 .text.atexit   0x080083ac        0xc c:/users/than/appdata/local/arduino15/packages/arduino/tools/arm-none-eabi-gcc/4.8.3-2014q1/bin/../lib/gcc/arm-none-eabi/4.8.3/../../../../arm-none-eabi/lib/armv7-m\libc.a(lib_a-atexit.o)
                0x080083ac                atexit
 .text.quorem   0x080083b8      0x134 c:/users/than/appdata/local/arduino15/packages/arduino/tools/arm-none-eabi-gcc/4.8.3-2014q1/bin/../lib/gcc/arm-none-eabi/4.8.3/../../../../arm-none-eabi/lib/armv7-m\libc.a(lib_a-dtoa.o)
 *fill*         0x080084ec        0x4 
 .text._dtoa_r  0x080084f0      0xe38 c:/users/than/appdata/local/arduino15/packages/arduino/tools/arm-none-eabi-gcc/4.8.3-2014q1/bin/../lib/gcc/arm-none-eabi/4.8.3/../../../../arm-none-eabi/lib/armv7-m\libc.a(lib_a-dtoa.o)
                0x080084f0                _dtoa_r
 .text.__libc_fini_array
                0x08009328       0x30 c:/users/than/appdata/local/arduino15/packages/arduino/tools/arm-none-eabi-gcc/4.8.3-2014q1/bin/../lib/gcc/arm-none-eabi/4.8.3/../../../../arm-none-eabi/lib/armv7-m\libc.a(lib_a-fini.o)
                0x08009328                __libc_fini_array
 .text._malloc_trim_r
                0x08009358       0x9c c:/users/than/appdata/local/arduino15/packages/arduino/tools/arm-none-eabi-gcc/4.8.3-2014q1/bin/../lib/gcc/arm-none-eabi/4.8.3/../../../../arm-none-eabi/lib/armv7-m\libc.a(lib_a-freer.o)
                0x08009358                _malloc_trim_r
 .text._free_r  0x080093f4      0x198 c:/users/than/appdata/local/arduino15/packages/arduino/tools/arm-none-eabi-gcc/4.8.3-2014q1/bin/../lib/gcc/arm-none-eabi/4.8.3/../../../../arm-none-eabi/lib/armv7-m\libc.a(lib_a-freer.o)
                0x080093f4                _free_r
 .text._localeconv_r
                0x0800958c        0x8 c:/users/than/appdata/local/arduino15/packages/arduino/tools/arm-none-eabi-gcc/4.8.3-2014q1/bin/../lib/gcc/arm-none-eabi/4.8.3/../../../../arm-none-eabi/lib/armv7-m\libc.a(lib_a-locale.o)
                0x0800958c                _localeconv_r
 .text.memchr   0x08009594       0x94 c:/users/than/appdata/local/arduino15/packages/arduino/tools/arm-none-eabi-gcc/4.8.3-2014q1/bin/../lib/gcc/arm-none-eabi/4.8.3/../../../../arm-none-eabi/lib/armv7-m\libc.a(lib_a-memchr-stub.o)
                0x08009594                memchr
 .text._Balloc  0x08009628       0x4c c:/users/than/appdata/local/arduino15/packages/arduino/tools/arm-none-eabi-gcc/4.8.3-2014q1/bin/../lib/gcc/arm-none-eabi/4.8.3/../../../../arm-none-eabi/lib/armv7-m\libc.a(lib_a-mprec.o)
                0x08009628                _Balloc
 .text._Bfree   0x08009674       0x14 c:/users/than/appdata/local/arduino15/packages/arduino/tools/arm-none-eabi-gcc/4.8.3-2014q1/bin/../lib/gcc/arm-none-eabi/4.8.3/../../../../arm-none-eabi/lib/armv7-m\libc.a(lib_a-mprec.o)
                0x08009674                _Bfree
 .text.__multadd
                0x08009688       0x94 c:/users/than/appdata/local/arduino15/packages/arduino/tools/arm-none-eabi-gcc/4.8.3-2014q1/bin/../lib/gcc/arm-none-eabi/4.8.3/../../../../arm-none-eabi/lib/armv7-m\libc.a(lib_a-mprec.o)
                0x08009688                __multadd
 .text.__hi0bits
                0x0800971c       0x40 c:/users/than/appdata/local/arduino15/packages/arduino/tools/arm-none-eabi-gcc/4.8.3-2014q1/bin/../lib/gcc/arm-none-eabi/4.8.3/../../../../arm-none-eabi/lib/armv7-m\libc.a(lib_a-mprec.o)
                0x0800971c                __hi0bits
 .text.__lo0bits
                0x0800975c       0x5c c:/users/than/appdata/local/arduino15/packages/arduino/tools/arm-none-eabi-gcc/4.8.3-2014q1/bin/../lib/gcc/arm-none-eabi/4.8.3/../../../../arm-none-eabi/lib/armv7-m\libc.a(lib_a-mprec.o)
                0x0800975c                __lo0bits
 .text.__i2b    0x080097b8       0x14 c:/users/than/appdata/local/arduino15/packages/arduino/tools/arm-none-eabi-gcc/4.8.3-2014q1/bin/../lib/gcc/arm-none-eabi/4.8.3/../../../../arm-none-eabi/lib/armv7-m\libc.a(lib_a-mprec.o)
                0x080097b8                __i2b
 .text.__multiply
                0x080097cc      0x13c c:/users/than/appdata/local/arduino15/packages/arduino/tools/arm-none-eabi-gcc/4.8.3-2014q1/bin/../lib/gcc/arm-none-eabi/4.8.3/../../../../arm-none-eabi/lib/armv7-m\libc.a(lib_a-mprec.o)
                0x080097cc                __multiply
 .text.__pow5mult
                0x08009908       0x9c c:/users/than/appdata/local/arduino15/packages/arduino/tools/arm-none-eabi-gcc/4.8.3-2014q1/bin/../lib/gcc/arm-none-eabi/4.8.3/../../../../arm-none-eabi/lib/armv7-m\libc.a(lib_a-mprec.o)
                0x08009908                __pow5mult
 .text.__lshift
                0x080099a4       0xbc c:/users/than/appdata/local/arduino15/packages/arduino/tools/arm-none-eabi-gcc/4.8.3-2014q1/bin/../lib/gcc/arm-none-eabi/4.8.3/../../../../arm-none-eabi/lib/armv7-m\libc.a(lib_a-mprec.o)
                0x080099a4                __lshift
 .text.__mcmp   0x08009a60       0x48 c:/users/than/appdata/local/arduino15/packages/arduino/tools/arm-none-eabi-gcc/4.8.3-2014q1/bin/../lib/gcc/arm-none-eabi/4.8.3/../../../../arm-none-eabi/lib/armv7-m\libc.a(lib_a-mprec.o)
                0x08009a60                __mcmp
 .text.__mdiff  0x08009aa8       0xd8 c:/users/than/appdata/local/arduino15/packages/arduino/tools/arm-none-eabi-gcc/4.8.3-2014q1/bin/../lib/gcc/arm-none-eabi/4.8.3/../../../../arm-none-eabi/lib/armv7-m\libc.a(lib_a-mprec.o)
                0x08009aa8                __mdiff
 .text.__d2b    0x08009b80       0xbc c:/users/than/appdata/local/arduino15/packages/arduino/tools/arm-none-eabi-gcc/4.8.3-2014q1/bin/../lib/gcc/arm-none-eabi/4.8.3/../../../../arm-none-eabi/lib/armv7-m\libc.a(lib_a-mprec.o)
                0x08009b80                __d2b
 .text.__fpclassifyd
                0x08009c3c       0x50 c:/users/than/appdata/local/arduino15/packages/arduino/tools/arm-none-eabi-gcc/4.8.3-2014q1/bin/../lib/gcc/arm-none-eabi/4.8.3/../../../../arm-none-eabi/lib/armv7-m\libc.a(lib_a-s_fpclassify.o)
                0x08009c3c                __fpclassifyd
 .text.__ssprint_r
                0x08009c8c      0x100 c:/users/than/appdata/local/arduino15/packages/arduino/tools/arm-none-eabi-gcc/4.8.3-2014q1/bin/../lib/gcc/arm-none-eabi/4.8.3/../../../../arm-none-eabi/lib/armv7-m\libc.a(lib_a-svfiprintf.o)
                0x08009c8c                __ssprint_r
 .text.__register_exitproc
                0x08009d8c       0xa8 c:/users/than/appdata/local/arduino15/packages/arduino/tools/arm-none-eabi-gcc/4.8.3-2014q1/bin/../lib/gcc/arm-none-eabi/4.8.3/../../../../arm-none-eabi/lib/armv7-m\libc.a(lib_a-__atexit.o)
                0x08009d8c                __register_exitproc
 .text._calloc_r
                0x08009e34       0x60 c:/users/than/appdata/local/arduino15/packages/arduino/tools/arm-none-eabi-gcc/4.8.3-2014q1/bin/../lib/gcc/arm-none-eabi/4.8.3/../../../../arm-none-eabi/lib/armv7-m\libc.a(lib_a-callocr.o)
                0x08009e34                _calloc_r
 *(.plt)
 *(.gnu.warning)
 *(.glue_7t)
 .glue_7t       0x00000000        0x0 linker stubs
 *(.glue_7)
 .glue_7        0x00000000        0x0 linker stubs
 *(.vfp11_veneer)
 .vfp11_veneer  0x00000000        0x0 linker stubs
 *(.ARM.extab* .gnu.linkonce.armextab.*)
 *(.gcc_except_table)
 *(.eh_frame_hdr)
 *(.eh_frame)
 .eh_frame      0x08009e94        0x0 c:/users/than/appdata/local/arduino15/packages/arduino/tools/arm-none-eabi-gcc/4.8.3-2014q1/bin/../lib/gcc/arm-none-eabi/4.8.3/armv7-m/crtbegin.o
                0x08009e94                . = ALIGN (0x4)
 *(.init)
 .init          0x08009e94        0x4 c:/users/than/appdata/local/arduino15/packages/arduino/tools/arm-none-eabi-gcc/4.8.3-2014q1/bin/../lib/gcc/arm-none-eabi/4.8.3/armv7-m/crti.o
                0x08009e94                _init
 .init          0x08009e98        0x8 c:/users/than/appdata/local/arduino15/packages/arduino/tools/arm-none-eabi-gcc/4.8.3-2014q1/bin/../lib/gcc/arm-none-eabi/4.8.3/armv7-m/crtn.o
                0x08009ea0                . = ALIGN (0x4)
                0x08009ea0                __preinit_array_start = .
 *(.preinit_array)
                0x08009ea0                __preinit_array_end = .
                0x08009ea0                . = ALIGN (0x4)
                0x08009ea0                __init_array_start = .
 *(SORT(.init_array.*))
 .init_array.00000
                0x08009ea0        0x4 c:/users/than/appdata/local/arduino15/packages/arduino/tools/arm-none-eabi-gcc/4.8.3-2014q1/bin/../lib/gcc/arm-none-eabi/4.8.3/../../../../arm-none-eabi/lib/armv7-m\libc.a(lib_a-__call_atexit.o)
 .init_array.00101
                0x08009ea4        0x4 C:\Users\Than\AppData\Local\Temp\VMBuilds\ColorSensorTest\STM32_genericSTM32F103C\Debug/core.a(main.cpp.o)
 *(.init_array)
 .init_array    0x08009ea8        0x4 c:/users/than/appdata/local/arduino15/packages/arduino/tools/arm-none-eabi-gcc/4.8.3-2014q1/bin/../lib/gcc/arm-none-eabi/4.8.3/armv7-m/crtbegin.o
 .init_array    0x08009eac        0x4 C:\Users\Than\AppData\Local\Temp\VMBuilds\ColorSensorTest\STM32_genericSTM32F103C\Debug\variant\board.cpp.o
 .init_array    0x08009eb0        0x4 C:\Users\Than\AppData\Local\Temp\VMBuilds\ColorSensorTest\STM32_genericSTM32F103C\Debug/core.a(usb_serial.cpp.o)
                0x08009eb4                __init_array_end = .
                0x08009eb4                . = ALIGN (0x4)
 *crtbegin.o(.ctors)
 *(EXCLUDE_FILE(*crtend.o) .ctors)
 *(SORT(.ctors.*))
 *crtend.o(.ctors)
                0x08009eb4                . = ALIGN (0x4)
 *(.fini)
 .fini          0x08009eb4        0x4 c:/users/than/appdata/local/arduino15/packages/arduino/tools/arm-none-eabi-gcc/4.8.3-2014q1/bin/../lib/gcc/arm-none-eabi/4.8.3/armv7-m/crti.o
                0x08009eb4                _fini
 .fini          0x08009eb8        0x8 c:/users/than/appdata/local/arduino15/packages/arduino/tools/arm-none-eabi-gcc/4.8.3-2014q1/bin/../lib/gcc/arm-none-eabi/4.8.3/armv7-m/crtn.o
                0x08009ec0                . = ALIGN (0x4)
                0x08009ec0                __fini_array_start = .
 *(.fini_array)
 .fini_array    0x08009ec0        0x4 c:/users/than/appdata/local/arduino15/packages/arduino/tools/arm-none-eabi-gcc/4.8.3-2014q1/bin/../lib/gcc/arm-none-eabi/4.8.3/armv7-m/crtbegin.o
 *(SORT(.fini_array.*))
                0x08009ec4                __fini_array_end = .
 *crtbegin.o(.dtors)
 *(EXCLUDE_FILE(*crtend.o) .dtors)
 *(SORT(.dtors.*))
 *crtend.o(.dtors)

.v4_bx          0x08009ec4        0x0
 .v4_bx         0x00000000        0x0 linker stubs

.iplt           0x08009ec4        0x0
 .iplt          0x00000000        0x0 c:/users/than/appdata/local/arduino15/packages/arduino/tools/arm-none-eabi-gcc/4.8.3-2014q1/bin/../lib/gcc/arm-none-eabi/4.8.3/armv7-m/crtbegin.o

.text.align     0x08009ec4        0x4
                0x08009ec8                . = ALIGN (0x8)
 *fill*         0x08009ec4        0x4 
                0x08009ec8                __text_end__ = .
                0x08009ec8                __exidx_start = .

.ARM.exidx      0x08009ec8        0x8
 *(.ARM.exidx* .gnu.linkonce.armexidx.*)
 .ARM.exidx     0x08009ec8        0x8 C:\Users\Than\AppData\Local\Temp\VMBuilds\ColorSensorTest\STM32_genericSTM32F103C\Debug\variant\start.S.o
 .ARM.exidx     0x08009ed0        0x0 c:/users/than/appdata/local/arduino15/packages/arduino/tools/arm-none-eabi-gcc/4.8.3-2014q1/bin/../lib/gcc/arm-none-eabi/4.8.3/armv7-m\libgcc.a(_divdi3.o)
                                  0x8 (size before relaxing)
 .ARM.exidx     0x08009ed0        0x0 c:/users/than/appdata/local/arduino15/packages/arduino/tools/arm-none-eabi-gcc/4.8.3-2014q1/bin/../lib/gcc/arm-none-eabi/4.8.3/armv7-m\libgcc.a(_udivdi3.o)
                                  0x8 (size before relaxing)
                0x08009ed0                __exidx_end = .

.data           0x20000000      0xc28 load address 0x08009ed0
                0x20000000                __data_start__ = .
                0x20000000        0x4 LONG 0x0
                0x20000008                . = ALIGN (0x8)
 *fill*         0x20000004        0x4 
 *(.got.plt)
 *(.got)
 *(.data .data.* .gnu.linkonce.d.*)
 .data._ZN6wirish4privL8pll_dataE
                0x20000008        0x4 C:\Users\Than\AppData\Local\Temp\VMBuilds\ColorSensorTest\STM32_genericSTM32F103C\Debug\variant\boards_setup.cpp.o
 .data._ZN6wirish4priv9w_adc_smpE
                0x2000000c        0x1 C:\Users\Than\AppData\Local\Temp\VMBuilds\ColorSensorTest\STM32_genericSTM32F103C\Debug\variant\boards_setup.cpp.o
                0x2000000c                wirish::priv::w_adc_smp
 *fill*         0x2000000d        0x1 
 .data._ZN6wirish4priv9w_adc_preE
                0x2000000e        0x2 C:\Users\Than\AppData\Local\Temp\VMBuilds\ColorSensorTest\STM32_genericSTM32F103C\Debug\variant\boards_setup.cpp.o
                0x2000000e                wirish::priv::w_adc_pre
 .data._ZN6wirish4priv15w_board_pll_cfgE
                0x20000010        0x8 C:\Users\Than\AppData\Local\Temp\VMBuilds\ColorSensorTest\STM32_genericSTM32F103C\Debug\variant\boards_setup.cpp.o
                0x20000010                wirish::priv::w_board_pll_cfg
 .data.adc2     0x20000018        0x8 C:\Users\Than\AppData\Local\Temp\VMBuilds\ColorSensorTest\STM32_genericSTM32F103C\Debug/core.a(adc_f1.c.o)
                0x20000018                adc2
 .data.adc1     0x20000020       0x18 C:\Users\Than\AppData\Local\Temp\VMBuilds\ColorSensorTest\STM32_genericSTM32F103C\Debug/core.a(adc_f1.c.o)
                0x20000020                adc1
 .data.ADC2     0x20000038        0x4 C:\Users\Than\AppData\Local\Temp\VMBuilds\ColorSensorTest\STM32_genericSTM32F103C\Debug/core.a(adc_f1.c.o)
                0x20000038                ADC2
 .data.ADC1     0x2000003c        0x4 C:\Users\Than\AppData\Local\Temp\VMBuilds\ColorSensorTest\STM32_genericSTM32F103C\Debug/core.a(adc_f1.c.o)
                0x2000003c                ADC1
 .data.gpioa    0x20000040        0x8 C:\Users\Than\AppData\Local\Temp\VMBuilds\ColorSensorTest\STM32_genericSTM32F103C\Debug/core.a(gpio_f1.c.o)
                0x20000040                gpioa
 .data.gpiob    0x20000048        0x8 C:\Users\Than\AppData\Local\Temp\VMBuilds\ColorSensorTest\STM32_genericSTM32F103C\Debug/core.a(gpio_f1.c.o)
                0x20000048                gpiob
 .data.gpioc    0x20000050        0x8 C:\Users\Than\AppData\Local\Temp\VMBuilds\ColorSensorTest\STM32_genericSTM32F103C\Debug/core.a(gpio_f1.c.o)
                0x20000050                gpioc
 .data.gpiod    0x20000058        0x8 C:\Users\Than\AppData\Local\Temp\VMBuilds\ColorSensorTest\STM32_genericSTM32F103C\Debug/core.a(gpio_f1.c.o)
                0x20000058                gpiod
 .data.enable_regs.4411
                0x20000060        0xc C:\Users\Than\AppData\Local\Temp\VMBuilds\ColorSensorTest\STM32_genericSTM32F103C\Debug/core.a(rcc_f1.c.o)
 .data.reset_regs.4415
                0x2000006c        0x8 C:\Users\Than\AppData\Local\Temp\VMBuilds\ColorSensorTest\STM32_genericSTM32F103C\Debug/core.a(rcc_f1.c.o)
 .data.enable_regs.4424
                0x20000074        0xc C:\Users\Than\AppData\Local\Temp\VMBuilds\ColorSensorTest\STM32_genericSTM32F103C\Debug/core.a(rcc_f1.c.o)
 .data.timer3   0x20000080       0x24 C:\Users\Than\AppData\Local\Temp\VMBuilds\ColorSensorTest\STM32_genericSTM32F103C\Debug/core.a(timer.c.o)
                0x20000080                timer3
 .data.timer4   0x200000a4       0x24 C:\Users\Than\AppData\Local\Temp\VMBuilds\ColorSensorTest\STM32_genericSTM32F103C\Debug/core.a(timer.c.o)
                0x200000a4                timer4
 .data.timer1   0x200000c8       0x28 C:\Users\Than\AppData\Local\Temp\VMBuilds\ColorSensorTest\STM32_genericSTM32F103C\Debug/core.a(timer.c.o)
                0x200000c8                timer1
 .data.timer2   0x200000f0       0x24 C:\Users\Than\AppData\Local\Temp\VMBuilds\ColorSensorTest\STM32_genericSTM32F103C\Debug/core.a(timer.c.o)
                0x200000f0                timer2
 .data.USART1   0x20000114        0x4 C:\Users\Than\AppData\Local\Temp\VMBuilds\ColorSensorTest\STM32_genericSTM32F103C\Debug/core.a(usart_f1.c.o)
                0x20000114                USART1
 .data.USART2   0x20000118        0x4 C:\Users\Than\AppData\Local\Temp\VMBuilds\ColorSensorTest\STM32_genericSTM32F103C\Debug/core.a(usart_f1.c.o)
                0x20000118                USART2
 .data.USART3   0x2000011c        0x4 C:\Users\Than\AppData\Local\Temp\VMBuilds\ColorSensorTest\STM32_genericSTM32F103C\Debug/core.a(usart_f1.c.o)
                0x2000011c                USART3
 .data.usart1   0x20000120       0x94 C:\Users\Than\AppData\Local\Temp\VMBuilds\ColorSensorTest\STM32_genericSTM32F103C\Debug/core.a(usart_f1.c.o)
 .data.usart2   0x200001b4       0x94 C:\Users\Than\AppData\Local\Temp\VMBuilds\ColorSensorTest\STM32_genericSTM32F103C\Debug/core.a(usart_f1.c.o)
 .data.usart3   0x20000248       0x94 C:\Users\Than\AppData\Local\Temp\VMBuilds\ColorSensorTest\STM32_genericSTM32F103C\Debug/core.a(usart_f1.c.o)
 .data.USBLIB   0x200002dc        0x4 C:\Users\Than\AppData\Local\Temp\VMBuilds\ColorSensorTest\STM32_genericSTM32F103C\Debug/core.a(usb.c.o)
                0x200002dc                USBLIB
 .data.usblib   0x200002e0       0x10 C:\Users\Than\AppData\Local\Temp\VMBuilds\ColorSensorTest\STM32_genericSTM32F103C\Debug/core.a(usb.c.o)
 .data.Config_Descriptor
                0x200002f0        0x8 C:\Users\Than\AppData\Local\Temp\VMBuilds\ColorSensorTest\STM32_genericSTM32F103C\Debug/core.a(usb_cdcacm.c.o)
 .data.Device_Property
                0x200002f8       0x30 C:\Users\Than\AppData\Local\Temp\VMBuilds\ColorSensorTest\STM32_genericSTM32F103C\Debug/core.a(usb_cdcacm.c.o)
                0x200002f8                Device_Property
 .data.ep_int_in
                0x20000328       0x1c C:\Users\Than\AppData\Local\Temp\VMBuilds\ColorSensorTest\STM32_genericSTM32F103C\Debug/core.a(usb_cdcacm.c.o)
 .data.String_Descriptor
                0x20000344       0x18 C:\Users\Than\AppData\Local\Temp\VMBuilds\ColorSensorTest\STM32_genericSTM32F103C\Debug/core.a(usb_cdcacm.c.o)
 .data.ep_int_out
                0x2000035c       0x1c C:\Users\Than\AppData\Local\Temp\VMBuilds\ColorSensorTest\STM32_genericSTM32F103C\Debug/core.a(usb_cdcacm.c.o)
 .data.line_coding
                0x20000378        0x7 C:\Users\Than\AppData\Local\Temp\VMBuilds\ColorSensorTest\STM32_genericSTM32F103C\Debug/core.a(usb_cdcacm.c.o)
 *fill*         0x2000037f        0x1 
 .data.User_Standard_Requests
                0x20000380       0x24 C:\Users\Than\AppData\Local\Temp\VMBuilds\ColorSensorTest\STM32_genericSTM32F103C\Debug/core.a(usb_cdcacm.c.o)
                0x20000380                User_Standard_Requests
 .data.Device_Descriptor
                0x200003a4        0x8 C:\Users\Than\AppData\Local\Temp\VMBuilds\ColorSensorTest\STM32_genericSTM32F103C\Debug/core.a(usb_cdcacm.c.o)
 .data.Device_Table
                0x200003ac        0x2 C:\Users\Than\AppData\Local\Temp\VMBuilds\ColorSensorTest\STM32_genericSTM32F103C\Debug/core.a(usb_cdcacm.c.o)
                0x200003ac                Device_Table
 *fill*         0x200003ae        0x2 
 .data.impure_data
                0x200003b0      0x428 c:/users/than/appdata/local/arduino15/packages/arduino/tools/arm-none-eabi-gcc/4.8.3-2014q1/bin/../lib/gcc/arm-none-eabi/4.8.3/../../../../arm-none-eabi/lib/armv7-m\libc.a(lib_a-impure.o)
 .data._impure_ptr
                0x200007d8        0x4 c:/users/than/appdata/local/arduino15/packages/arduino/tools/arm-none-eabi-gcc/4.8.3-2014q1/bin/../lib/gcc/arm-none-eabi/4.8.3/../../../../arm-none-eabi/lib/armv7-m\libc.a(lib_a-impure.o)
                0x200007d8                _impure_ptr
 .data.__malloc_av_
                0x200007dc      0x408 c:/users/than/appdata/local/arduino15/packages/arduino/tools/arm-none-eabi-gcc/4.8.3-2014q1/bin/../lib/gcc/arm-none-eabi/4.8.3/../../../../arm-none-eabi/lib/armv7-m\libc.a(lib_a-mallocr.o)
                0x200007dc                __malloc_av_
 .data.__malloc_trim_threshold
                0x20000be4        0x4 c:/users/than/appdata/local/arduino15/packages/arduino/tools/arm-none-eabi-gcc/4.8.3-2014q1/bin/../lib/gcc/arm-none-eabi/4.8.3/../../../../arm-none-eabi/lib/armv7-m\libc.a(lib_a-mallocr.o)
                0x20000be4                __malloc_trim_threshold
 .data.__malloc_sbrk_base
                0x20000be8        0x4 c:/users/than/appdata/local/arduino15/packages/arduino/tools/arm-none-eabi-gcc/4.8.3-2014q1/bin/../lib/gcc/arm-none-eabi/4.8.3/../../../../arm-none-eabi/lib/armv7-m\libc.a(lib_a-mallocr.o)
                0x20000be8                __malloc_sbrk_base
 .data.lconv    0x20000bec       0x38 c:/users/than/appdata/local/arduino15/packages/arduino/tools/arm-none-eabi-gcc/4.8.3-2014q1/bin/../lib/gcc/arm-none-eabi/4.8.3/../../../../arm-none-eabi/lib/armv7-m\libc.a(lib_a-locale.o)
                0x20000c28                . = ALIGN (0x8)
 *fill*         0x20000c24        0x4 
                0x20000c28                __data_end__ = .

.jcr            0x20000c28        0x0 load address 0x0800aaf8
 .jcr           0x20000c28        0x0 c:/users/than/appdata/local/arduino15/packages/arduino/tools/arm-none-eabi-gcc/4.8.3-2014q1/bin/../lib/gcc/arm-none-eabi/4.8.3/armv7-m/crtbegin.o

.igot.plt       0x20000c28        0x0 load address 0x0800aaf8
 .igot.plt      0x00000000        0x0 c:/users/than/appdata/local/arduino15/packages/arduino/tools/arm-none-eabi-gcc/4.8.3-2014q1/bin/../lib/gcc/arm-none-eabi/4.8.3/armv7-m/crtbegin.o

.rodata         0x0800aaf8      0x508
 *(.rodata .rodata.* .gnu.linkonce.r.*)
 .rodata.str1.1
                0x0800aaf8        0x9 C:\Users\Than\AppData\Local\Temp\VMBuilds\ColorSensorTest\STM32_genericSTM32F103C\Debug\ColorSensorTest.cpp.o
 *fill*         0x0800ab01        0x3 
 .rodata.PIN_MAP
                0x0800ab04      0x230 C:\Users\Than\AppData\Local\Temp\VMBuilds\ColorSensorTest\STM32_genericSTM32F103C\Debug\variant\board.cpp.o
                0x0800ab04                PIN_MAP
 .rodata.GPIOC  0x0800ad34        0x4 C:\Users\Than\AppData\Local\Temp\VMBuilds\ColorSensorTest\STM32_genericSTM32F103C\Debug/core.a(gpio_f1.c.o)
                0x0800ad34                GPIOC
 .rodata.rcc_dev_table
                0x0800ad38       0x5c C:\Users\Than\AppData\Local\Temp\VMBuilds\ColorSensorTest\STM32_genericSTM32F103C\Debug/core.a(rcc_f1.c.o)
                0x0800ad38                rcc_dev_table
 .rodata.masks.4420
                0x0800ad94       0x14 C:\Users\Than\AppData\Local\Temp\VMBuilds\ColorSensorTest\STM32_genericSTM32F103C\Debug/core.a(rcc_f1.c.o)
 .rodata._ZTV14HardwareSerial
                0x0800ada8       0x28 C:\Users\Than\AppData\Local\Temp\VMBuilds\ColorSensorTest\STM32_genericSTM32F103C\Debug/core.a(HardwareSerial.cpp.o)
                0x0800ada8                vtable for HardwareSerial
 .rodata._ZTV9USBSerial
                0x0800add0       0x28 C:\Users\Than\AppData\Local\Temp\VMBuilds\ColorSensorTest\STM32_genericSTM32F103C\Debug/core.a(usb_serial.cpp.o)
                0x0800add0                vtable for USBSerial
 .rodata.str1.1
                0x0800adf8        0x9 C:\Users\Than\AppData\Local\Temp\VMBuilds\ColorSensorTest\STM32_genericSTM32F103C\Debug/core.a(dtostrf.c.o)
 .rodata.usbVcomDescriptor_iProduct
                0x0800ae01        0xc C:\Users\Than\AppData\Local\Temp\VMBuilds\ColorSensorTest\STM32_genericSTM32F103C\Debug/core.a(usb_cdcacm.c.o)
 .rodata.usbVcomDescriptor_iManufacturer
                0x0800ae0d       0x12 C:\Users\Than\AppData\Local\Temp\VMBuilds\ColorSensorTest\STM32_genericSTM32F103C\Debug/core.a(usb_cdcacm.c.o)
 .rodata.usbVcomDescriptor_Device
                0x0800ae1f       0x12 C:\Users\Than\AppData\Local\Temp\VMBuilds\ColorSensorTest\STM32_genericSTM32F103C\Debug/core.a(usb_cdcacm.c.o)
 .rodata.usbVcomDescriptor_Config
                0x0800ae31       0x43 C:\Users\Than\AppData\Local\Temp\VMBuilds\ColorSensorTest\STM32_genericSTM32F103C\Debug/core.a(usb_cdcacm.c.o)
 .rodata.usbVcomDescriptor_LangID
                0x0800ae74        0x4 C:\Users\Than\AppData\Local\Temp\VMBuilds\ColorSensorTest\STM32_genericSTM32F103C\Debug/core.a(usb_cdcacm.c.o)
 .rodata.str1.4
                0x0800ae78        0x2 c:/users/than/appdata/local/arduino15/packages/arduino/tools/arm-none-eabi-gcc/4.8.3-2014q1/bin/../lib/gcc/arm-none-eabi/4.8.3/../../../../arm-none-eabi/lib/armv7-m\libc.a(lib_a-impure.o)
                                  0x4 (size before relaxing)
 *fill*         0x0800ae7a        0x2 
 .rodata._global_impure_ptr
                0x0800ae7c        0x4 c:/users/than/appdata/local/arduino15/packages/arduino/tools/arm-none-eabi-gcc/4.8.3-2014q1/bin/../lib/gcc/arm-none-eabi/4.8.3/../../../../arm-none-eabi/lib/armv7-m\libc.a(lib_a-impure.o)
                0x0800ae7c                _global_impure_ptr
 .rodata.zeroes.6760
                0x0800ae80       0x10 c:/users/than/appdata/local/arduino15/packages/arduino/tools/arm-none-eabi-gcc/4.8.3-2014q1/bin/../lib/gcc/arm-none-eabi/4.8.3/../../../../arm-none-eabi/lib/armv7-m\libc.a(lib_a-svfprintf.o)
 .rodata.str1.4
                0x0800ae90       0x42 c:/users/than/appdata/local/arduino15/packages/arduino/tools/arm-none-eabi-gcc/4.8.3-2014q1/bin/../lib/gcc/arm-none-eabi/4.8.3/../../../../arm-none-eabi/lib/armv7-m\libc.a(lib_a-svfprintf.o)
                                 0x44 (size before relaxing)
 *fill*         0x0800aed2        0x2 
 .rodata.blanks.6759
                0x0800aed4       0x10 c:/users/than/appdata/local/arduino15/packages/arduino/tools/arm-none-eabi-gcc/4.8.3-2014q1/bin/../lib/gcc/arm-none-eabi/4.8.3/../../../../arm-none-eabi/lib/armv7-m\libc.a(lib_a-svfprintf.o)
 .rodata.str1.4
                0x0800aee4       0x10 c:/users/than/appdata/local/arduino15/packages/arduino/tools/arm-none-eabi-gcc/4.8.3-2014q1/bin/../lib/gcc/arm-none-eabi/4.8.3/../../../../arm-none-eabi/lib/armv7-m\libc.a(lib_a-dtoa.o)
                                 0x14 (size before relaxing)
 .rodata.str1.4
                0x0800aef4        0xc c:/users/than/appdata/local/arduino15/packages/arduino/tools/arm-none-eabi-gcc/4.8.3-2014q1/bin/../lib/gcc/arm-none-eabi/4.8.3/../../../../arm-none-eabi/lib/armv7-m\libc.a(lib_a-locale.o)
                                 0x14 (size before relaxing)
 .rodata.__mprec_tens
                0x0800af00       0xc8 c:/users/than/appdata/local/arduino15/packages/arduino/tools/arm-none-eabi-gcc/4.8.3-2014q1/bin/../lib/gcc/arm-none-eabi/4.8.3/../../../../arm-none-eabi/lib/armv7-m\libc.a(lib_a-mprec.o)
                0x0800af00                __mprec_tens
 .rodata.__mprec_bigtens
                0x0800afc8       0x28 c:/users/than/appdata/local/arduino15/packages/arduino/tools/arm-none-eabi-gcc/4.8.3-2014q1/bin/../lib/gcc/arm-none-eabi/4.8.3/../../../../arm-none-eabi/lib/armv7-m\libc.a(lib_a-mprec.o)
                0x0800afc8                __mprec_bigtens
 .rodata.p05.5266
                0x0800aff0        0xc c:/users/than/appdata/local/arduino15/packages/arduino/tools/arm-none-eabi-gcc/4.8.3-2014q1/bin/../lib/gcc/arm-none-eabi/4.8.3/../../../../arm-none-eabi/lib/armv7-m\libc.a(lib_a-mprec.o)
 *(.USER_FLASH)
                0x0800affc                . = ALIGN (0x4)
                0x0800affc                _lm_rom_img_cfgp = .
                0x0800affc        0x4 LONG 0x8009ed0 LOADADDR (.data)
                0x20000f90                _lm_heap_start = DEFINED (_lm_heap_start)?_lm_heap_start:_end
                0x20005000                _lm_heap_end = DEFINED (_lm_heap_end)?_lm_heap_end:__msp_init

.rel.dyn        0x0800b000        0x0
 .rel.iplt      0x00000000        0x0 c:/users/than/appdata/local/arduino15/packages/arduino/tools/arm-none-eabi-gcc/4.8.3-2014q1/bin/../lib/gcc/arm-none-eabi/4.8.3/armv7-m/crtbegin.o

.bss            0x20000c28      0x368
                0x20000c28                . = ALIGN (0x8)
                0x20000c28                __bss_start__ = .
 *(.bss .bss.* .gnu.linkonce.b.*)
 .bss           0x20000c28       0x1c c:/users/than/appdata/local/arduino15/packages/arduino/tools/arm-none-eabi-gcc/4.8.3-2014q1/bin/../lib/gcc/arm-none-eabi/4.8.3/armv7-m/crtbegin.o
 .bss.Serial1   0x20000c44       0x18 C:\Users\Than\AppData\Local\Temp\VMBuilds\ColorSensorTest\STM32_genericSTM32F103C\Debug\variant\board.cpp.o
                0x20000c44                Serial1
 .bss.Serial2   0x20000c5c       0x18 C:\Users\Than\AppData\Local\Temp\VMBuilds\ColorSensorTest\STM32_genericSTM32F103C\Debug\variant\board.cpp.o
                0x20000c5c                Serial2
 .bss.Serial3   0x20000c74       0x18 C:\Users\Than\AppData\Local\Temp\VMBuilds\ColorSensorTest\STM32_genericSTM32F103C\Debug\variant\board.cpp.o
                0x20000c74                Serial3
 .bss.pbreak.4444
                0x20000c8c        0x4 C:\Users\Than\AppData\Local\Temp\VMBuilds\ColorSensorTest\STM32_genericSTM32F103C\Debug\variant\syscalls.c.o
 .bss.systick_user_callback
                0x20000c90        0x4 C:\Users\Than\AppData\Local\Temp\VMBuilds\ColorSensorTest\STM32_genericSTM32F103C\Debug/core.a(systick.c.o)
 .bss.usart1_wb
                0x20000c94        0xc C:\Users\Than\AppData\Local\Temp\VMBuilds\ColorSensorTest\STM32_genericSTM32F103C\Debug/core.a(usart_f1.c.o)
 .bss.usart1_rb
                0x20000ca0        0xc C:\Users\Than\AppData\Local\Temp\VMBuilds\ColorSensorTest\STM32_genericSTM32F103C\Debug/core.a(usart_f1.c.o)
 .bss.usart2_rb
                0x20000cac        0xc C:\Users\Than\AppData\Local\Temp\VMBuilds\ColorSensorTest\STM32_genericSTM32F103C\Debug/core.a(usart_f1.c.o)
 .bss.usart3_rb
                0x20000cb8        0xc C:\Users\Than\AppData\Local\Temp\VMBuilds\ColorSensorTest\STM32_genericSTM32F103C\Debug/core.a(usart_f1.c.o)
 .bss.usart2_wb
                0x20000cc4        0xc C:\Users\Than\AppData\Local\Temp\VMBuilds\ColorSensorTest\STM32_genericSTM32F103C\Debug/core.a(usart_f1.c.o)
 .bss.usart3_wb
                0x20000cd0        0xc C:\Users\Than\AppData\Local\Temp\VMBuilds\ColorSensorTest\STM32_genericSTM32F103C\Debug/core.a(usart_f1.c.o)
 .bss._ZN9USBSerial9_hasBegunE
                0x20000cdc        0x1 C:\Users\Than\AppData\Local\Temp\VMBuilds\ColorSensorTest\STM32_genericSTM32F103C\Debug/core.a(usb_serial.cpp.o)
                0x20000cdc                USBSerial::_hasBegun
 *fill*         0x20000cdd        0x3 
 .bss.Serial    0x20000ce0       0x10 C:\Users\Than\AppData\Local\Temp\VMBuilds\ColorSensorTest\STM32_genericSTM32F103C\Debug/core.a(usb_serial.cpp.o)
                0x20000ce0                Serial
 .bss._ZL11reset_state
                0x20000cf0        0x1 C:\Users\Than\AppData\Local\Temp\VMBuilds\ColorSensorTest\STM32_genericSTM32F103C\Debug/core.a(usb_serial.cpp.o)
 .bss.line_dtr_rts
                0x20000cf1        0x1 C:\Users\Than\AppData\Local\Temp\VMBuilds\ColorSensorTest\STM32_genericSTM32F103C\Debug/core.a(usb_cdcacm.c.o)
 .bss.vcomBufferTx
                0x20000cf2      0x100 C:\Users\Than\AppData\Local\Temp\VMBuilds\ColorSensorTest\STM32_genericSTM32F103C\Debug/core.a(usb_cdcacm.c.o)
 *fill*         0x20000df2        0x2 
 .bss.tx_head   0x20000df4        0x4 C:\Users\Than\AppData\Local\Temp\VMBuilds\ColorSensorTest\STM32_genericSTM32F103C\Debug/core.a(usb_cdcacm.c.o)
 .bss.rx_hook   0x20000df8        0x4 C:\Users\Than\AppData\Local\Temp\VMBuilds\ColorSensorTest\STM32_genericSTM32F103C\Debug/core.a(usb_cdcacm.c.o)
 .bss.vcomBufferRx
                0x20000dfc      0x100 C:\Users\Than\AppData\Local\Temp\VMBuilds\ColorSensorTest\STM32_genericSTM32F103C\Debug/core.a(usb_cdcacm.c.o)
 .bss.transmitting
                0x20000efc        0x1 C:\Users\Than\AppData\Local\Temp\VMBuilds\ColorSensorTest\STM32_genericSTM32F103C\Debug/core.a(usb_cdcacm.c.o)
 *fill*         0x20000efd        0x3 
 .bss.rx_tail   0x20000f00        0x4 C:\Users\Than\AppData\Local\Temp\VMBuilds\ColorSensorTest\STM32_genericSTM32F103C\Debug/core.a(usb_cdcacm.c.o)
 .bss.iface_setup_hook
                0x20000f04        0x4 C:\Users\Than\AppData\Local\Temp\VMBuilds\ColorSensorTest\STM32_genericSTM32F103C\Debug/core.a(usb_cdcacm.c.o)
 .bss.rx_head   0x20000f08        0x4 C:\Users\Than\AppData\Local\Temp\VMBuilds\ColorSensorTest\STM32_genericSTM32F103C\Debug/core.a(usb_cdcacm.c.o)
 .bss.tx_tail   0x20000f0c        0x4 C:\Users\Than\AppData\Local\Temp\VMBuilds\ColorSensorTest\STM32_genericSTM32F103C\Debug/core.a(usb_cdcacm.c.o)
 .bss.Data_Mul_MaxPacketSize
                0x20000f10        0x1 C:\Users\Than\AppData\Local\Temp\VMBuilds\ColorSensorTest\STM32_genericSTM32F103C\Debug/core.a(usb_core.c.o)
                0x20000f10                Data_Mul_MaxPacketSize
 *fill*         0x20000f11        0x3 
 .bss.__malloc_max_total_mem
                0x20000f14        0x4 c:/users/than/appdata/local/arduino15/packages/arduino/tools/arm-none-eabi-gcc/4.8.3-2014q1/bin/../lib/gcc/arm-none-eabi/4.8.3/../../../../arm-none-eabi/lib/armv7-m\libc.a(lib_a-mallocr.o)
                0x20000f14                __malloc_max_total_mem
 .bss.__malloc_max_sbrked_mem
                0x20000f18        0x4 c:/users/than/appdata/local/arduino15/packages/arduino/tools/arm-none-eabi-gcc/4.8.3-2014q1/bin/../lib/gcc/arm-none-eabi/4.8.3/../../../../arm-none-eabi/lib/armv7-m\libc.a(lib_a-mallocr.o)
                0x20000f18                __malloc_max_sbrked_mem
 .bss.__malloc_top_pad
                0x20000f1c        0x4 c:/users/than/appdata/local/arduino15/packages/arduino/tools/arm-none-eabi-gcc/4.8.3-2014q1/bin/../lib/gcc/arm-none-eabi/4.8.3/../../../../arm-none-eabi/lib/armv7-m\libc.a(lib_a-mallocr.o)
                0x20000f1c                __malloc_top_pad
 .bss.__malloc_current_mallinfo
                0x20000f20       0x28 c:/users/than/appdata/local/arduino15/packages/arduino/tools/arm-none-eabi-gcc/4.8.3-2014q1/bin/../lib/gcc/arm-none-eabi/4.8.3/../../../../arm-none-eabi/lib/armv7-m\libc.a(lib_a-mallocr.o)
                0x20000f20                __malloc_current_mallinfo
 *(COMMON)
 COMMON         0x20000f48        0x4 C:\Users\Than\AppData\Local\Temp\VMBuilds\ColorSensorTest\STM32_genericSTM32F103C\Debug/core.a(systick.c.o)
                0x20000f48                systick_uptime_millis
 COMMON         0x20000f4c        0x6 C:\Users\Than\AppData\Local\Temp\VMBuilds\ColorSensorTest\STM32_genericSTM32F103C\Debug/core.a(usb.c.o)
                0x20000f4c                SaveRState
                0x20000f4e                SaveTState
                0x20000f50                ResumeS
 COMMON         0x20000f52        0x2 C:\Users\Than\AppData\Local\Temp\VMBuilds\ColorSensorTest\STM32_genericSTM32F103C\Debug/core.a(usb_core.c.o)
                0x20000f52                StatusInfo
 COMMON         0x20000f54       0x32 C:\Users\Than\AppData\Local\Temp\VMBuilds\ColorSensorTest\STM32_genericSTM32F103C\Debug/core.a(usb_init.c.o)
                0x20000f54                SaveState
                0x20000f58                pProperty
                0x20000f5c                EPindex
                0x20000f60                Device_Info
                0x20000f7c                pUser_Standard_Requests
                0x20000f80                pInformation
                0x20000f84                wInterrupt_Mask
 *fill*         0x20000f86        0x2 
 COMMON         0x20000f88        0x4 c:/users/than/appdata/local/arduino15/packages/arduino/tools/arm-none-eabi-gcc/4.8.3-2014q1/bin/../lib/gcc/arm-none-eabi/4.8.3/../../../../arm-none-eabi/lib/armv7-m\libc.a(lib_a-reent.o)
                0x20000f88                errno
                0x20000f90                . = ALIGN (0x8)
 *fill*         0x20000f8c        0x4 
                0x20000f90                __bss_end__ = .
                0x20000f90                _end = __bss_end__

.stab
 *(.stab)

.stabstr
 *(.stabstr)

.debug
 *(.debug)

.line
 *(.line)

.debug_srcinfo
 *(.debug_srcinfo)

.debug_sfnames
 *(.debug_sfnames)

.debug_aranges  0x00000000     0x1038
 *(.debug_aranges)
 .debug_aranges
                0x00000000       0x38 C:\Users\Than\AppData\Local\Temp\VMBuilds\ColorSensorTest\STM32_genericSTM32F103C\Debug\ColorSensorTest.cpp.o
 .debug_aranges