Archive member included because of file (symbol)

C:\Users\Than\AppData\Local\Temp\VMBuilds\ColorSensorTest\STM32_genericSTM32F103C\Debug/core.a(exc.S.o)
                              (__exc_hardfault)
C:\Users\Than\AppData\Local\Temp\VMBuilds\ColorSensorTest\STM32_genericSTM32F103C\Debug/core.a(isrs.S.o)
                              (__stm32reservedexception7)
C:\Users\Than\AppData\Local\Temp\VMBuilds\ColorSensorTest\STM32_genericSTM32F103C\Debug/core.a(vector_table.S.o)
                              (__stm32_vector_table)
C:\Users\Than\AppData\Local\Temp\VMBuilds\ColorSensorTest\STM32_genericSTM32F103C\Debug/core.a(adc.c.o)
                              C:\Users\Than\AppData\Local\Temp\VMBuilds\ColorSensorTest\STM32_genericSTM32F103C\Debug\variant\boards.cpp.o (adc_set_sample_rate)
C:\Users\Than\AppData\Local\Temp\VMBuilds\ColorSensorTest\STM32_genericSTM32F103C\Debug/core.a(adc_f1.c.o)
                              C:\Users\Than\AppData\Local\Temp\VMBuilds\ColorSensorTest\STM32_genericSTM32F103C\Debug\variant\boards.cpp.o (adc_set_prescaler)
C:\Users\Than\AppData\Local\Temp\VMBuilds\ColorSensorTest\STM32_genericSTM32F103C\Debug/core.a(flash.c.o)
                              C:\Users\Than\AppData\Local\Temp\VMBuilds\ColorSensorTest\STM32_genericSTM32F103C\Debug\variant\boards.cpp.o (flash_set_latency)
C:\Users\Than\AppData\Local\Temp\VMBuilds\ColorSensorTest\STM32_genericSTM32F103C\Debug/core.a(gpio_f1.c.o)
                              C:\Users\Than\AppData\Local\Temp\VMBuilds\ColorSensorTest\STM32_genericSTM32F103C\Debug\variant\boards_setup.cpp.o (gpio_init_all)
C:\Users\Than\AppData\Local\Temp\VMBuilds\ColorSensorTest\STM32_genericSTM32F103C\Debug/core.a(nvic.c.o)
                              C:\Users\Than\AppData\Local\Temp\VMBuilds\ColorSensorTest\STM32_genericSTM32F103C\Debug\variant\boards.cpp.o (nvic_init)
C:\Users\Than\AppData\Local\Temp\VMBuilds\ColorSensorTest\STM32_genericSTM32F103C\Debug/core.a(rcc.c.o)
                              C:\Users\Than\AppData\Local\Temp\VMBuilds\ColorSensorTest\STM32_genericSTM32F103C\Debug\variant\boards.cpp.o (rcc_switch_sysclk)
C:\Users\Than\AppData\Local\Temp\VMBuilds\ColorSensorTest\STM32_genericSTM32F103C\Debug/core.a(rcc_f1.c.o)
                              C:\Users\Than\AppData\Local\Temp\VMBuilds\ColorSensorTest\STM32_genericSTM32F103C\Debug\variant\boards.cpp.o (rcc_configure_pll)
C:\Users\Than\AppData\Local\Temp\VMBuilds\ColorSensorTest\STM32_genericSTM32F103C\Debug/core.a(systick.c.o)
                              C:\Users\Than\AppData\Local\Temp\VMBuilds\ColorSensorTest\STM32_genericSTM32F103C\Debug\variant\boards.cpp.o (systick_init)
C:\Users\Than\AppData\Local\Temp\VMBuilds\ColorSensorTest\STM32_genericSTM32F103C\Debug/core.a(timer.c.o)
                              C:\Users\Than\AppData\Local\Temp\VMBuilds\ColorSensorTest\STM32_genericSTM32F103C\Debug\variant\boards.cpp.o (timer_foreach)
C:\Users\Than\AppData\Local\Temp\VMBuilds\ColorSensorTest\STM32_genericSTM32F103C\Debug/core.a(usart_f1.c.o)
                              C:\Users\Than\AppData\Local\Temp\VMBuilds\ColorSensorTest\STM32_genericSTM32F103C\Debug\variant\board.cpp.o (USART3)
C:\Users\Than\AppData\Local\Temp\VMBuilds\ColorSensorTest\STM32_genericSTM32F103C\Debug/core.a(usart_private.c.o)
                              C:\Users\Than\AppData\Local\Temp\VMBuilds\ColorSensorTest\STM32_genericSTM32F103C\Debug/core.a(usart_f1.c.o) (_usart_clock_freq)
C:\Users\Than\AppData\Local\Temp\VMBuilds\ColorSensorTest\STM32_genericSTM32F103C\Debug/core.a(util.c.o)
                              C:\Users\Than\AppData\Local\Temp\VMBuilds\ColorSensorTest\STM32_genericSTM32F103C\Debug/core.a(exc.S.o) (__error)
C:\Users\Than\AppData\Local\Temp\VMBuilds\ColorSensorTest\STM32_genericSTM32F103C\Debug/core.a(HardwareSerial.cpp.o)
                              C:\Users\Than\AppData\Local\Temp\VMBuilds\ColorSensorTest\STM32_genericSTM32F103C\Debug\variant\board.cpp.o (HardwareSerial::HardwareSerial(usart_dev*, unsigned char, unsigned char))
C:\Users\Than\AppData\Local\Temp\VMBuilds\ColorSensorTest\STM32_genericSTM32F103C\Debug/core.a(main.cpp.o)
                              (main)
C:\Users\Than\AppData\Local\Temp\VMBuilds\ColorSensorTest\STM32_genericSTM32F103C\Debug/core.a(new.cpp.o)
                              C:\Users\Than\AppData\Local\Temp\VMBuilds\ColorSensorTest\STM32_genericSTM32F103C\Debug\ColorSensor.cpp.o (operator new[](unsigned int))
C:\Users\Than\AppData\Local\Temp\VMBuilds\ColorSensorTest\STM32_genericSTM32F103C\Debug/core.a(Print.cpp.o)
                              C:\Users\Than\AppData\Local\Temp\VMBuilds\ColorSensorTest\STM32_genericSTM32F103C\Debug/core.a(HardwareSerial.cpp.o) (Print::write(char const*))
C:\Users\Than\AppData\Local\Temp\VMBuilds\ColorSensorTest\STM32_genericSTM32F103C\Debug/core.a(usb_serial.cpp.o)
[...]
Memory Configuration

Name             Origin             Length             Attributes
ram              0x20000000         0x00005000         xrw
rom              0x08002000         0x0001e000         xr
*default*        0x00000000         0xffffffff

Linker script and memory map

LOAD c:/users/than/appdata/local/arduino15/packages/arduino/tools/arm-none-eabi-gcc/4.8.3-2014q1/bin/../lib/gcc/arm-none-eabi/4.8.3/armv7-m/crti.o
LOAD c:/users/than/appdata/local/arduino15/packages/arduino/tools/arm-none-eabi-gcc/4.8.3-2014q1/bin/../lib/gcc/arm-none-eabi/4.8.3/armv7-m/crtbegin.o
LOAD c:/users/than/appdata/local/arduino15/packages/arduino/tools/arm-none-eabi-gcc/4.8.3-2014q1/bin/../lib/gcc/arm-none-eabi/4.8.3/../../../../arm-none-eabi/lib/armv7-m/crt0.o
LOAD c:/users/than/appdata/local/arduino15/packages/arduino/tools/arm-none-eabi-gcc/4.8.3-2014q1/bin/../lib/gcc/arm-none-eabi/4.8.3/armv7-m\libgcc.a
START GROUP
LOAD C:\Users\Than\AppData\Local\Temp\VMBuilds\ColorSensorTest\STM32_genericSTM32F103C\Debug\ColorSensorTest.cpp.o
LOAD C:\Users\Than\AppData\Local\Temp\VMBuilds\ColorSensorTest\STM32_genericSTM32F103C\Debug\ColorSensor.cpp.o
LOAD C:\Users\Than\AppData\Local\Temp\VMBuilds\ColorSensorTest\STM32_genericSTM32F103C\Debug\variant\board.cpp.o
LOAD C:\Users\Than\AppData\Local\Temp\VMBuilds\ColorSensorTest\STM32_genericSTM32F103C\Debug\variant\boards.cpp.o
LOAD C:\Users\Than\AppData\Local\Temp\VMBuilds\ColorSensorTest\STM32_genericSTM32F103C\Debug\variant\boards_setup.cpp.o
LOAD C:\Users\Than\AppData\Local\Temp\VMBuilds\ColorSensorTest\STM32_genericSTM32F103C\Debug\variant\start.S.o
LOAD C:\Users\Than\AppData\Local\Temp\VMBuilds\ColorSensorTest\STM32_genericSTM32F103C\Debug\variant\start_c.c.o
LOAD C:\Users\Than\AppData\Local\Temp\VMBuilds\ColorSensorTest\STM32_genericSTM32F103C\Debug\variant\syscalls.c.o
LOAD C:\Users\Than\AppData\Local\Temp\VMBuilds\ColorSensorTest\STM32_genericSTM32F103C\Debug/core.a
END GROUP
LOAD c:/users/than/appdata/local/arduino15/packages/arduino/tools/arm-none-eabi-gcc/4.8.3-2014q1/bin/../lib/gcc/arm-none-eabi/4.8.3/../../../../arm-none-eabi/lib/armv7-m\libstdc++.a
LOAD c:/users/than/appdata/local/arduino15/packages/arduino/tools/arm-none-eabi-gcc/4.8.3-2014q1/bin/../lib/gcc/arm-none-eabi/4.8.3/../../../../arm-none-eabi/lib/armv7-m\libm.a
START GROUP
LOAD c:/users/than/appdata/local/arduino15/packages/arduino/tools/arm-none-eabi-gcc/4.8.3-2014q1/bin/../lib/gcc/arm-none-eabi/4.8.3/armv7-m\libgcc.a
LOAD c:/users/than/appdata/local/arduino15/packages/arduino/tools/arm-none-eabi-gcc/4.8.3-2014q1/bin/../lib/gcc/arm-none-eabi/4.8.3/../../../../arm-none-eabi/lib/armv7-m\libc.a
END GROUP
LOAD c:/users/than/appdata/local/arduino15/packages/arduino/tools/arm-none-eabi-gcc/4.8.3-2014q1/bin/../lib/gcc/arm-none-eabi/4.8.3/armv7-m/crtend.o
LOAD c:/users/than/appdata/local/arduino15/packages/arduino/tools/arm-none-eabi-gcc/4.8.3-2014q1/bin/../lib/gcc/arm-none-eabi/4.8.3/armv7-m/crtn.o
START GROUP
LOAD c:/users/than/appdata/local/arduino15/packages/arduino/tools/arm-none-eabi-gcc/4.8.3-2014q1/bin/../lib/gcc/arm-none-eabi/4.8.3/armv7-m\libgcc.a
LOAD c:/users/than/appdata/local/arduino15/packages/arduino/tools/arm-none-eabi-gcc/4.8.3-2014q1/bin/../lib/gcc/arm-none-eabi/4.8.3/../../../../arm-none-eabi/lib/armv7-m\libc.a
LOAD c:/users/than/appdata/local/arduino15/packages/arduino/tools/arm-none-eabi-gcc/4.8.3-2014q1/bin/../lib/gcc/arm-none-eabi/4.8.3/../../../../arm-none-eabi/lib/armv7-m\libm.a
END GROUP
START GROUP
LOAD c:/users/than/appdata/local/arduino15/packages/arduino/tools/arm-none-eabi-gcc/4.8.3-2014q1/bin/../lib/gcc/arm-none-eabi/4.8.3/../../../../arm-none-eabi/lib/armv7-m\libnosys.a
END GROUP
                0x20005000                PROVIDE (__msp_init, (ORIGIN (ram) + 0x5000))
                0x08003154                PROVIDE (__exc_reset, __start__)

.text           0x08002000     0x8b90
                0x08002000                __text_start__ = .
 *(.stm32.interrupt_vector)
 .stm32.interrupt_vector
                0x08002000       0xec C:\Users\Than\AppData\Local\Temp\VMBuilds\ColorSensorTest\STM32_genericSTM32F103C\Debug/core.a(vector_table.S.o)
                0x08002000                __stm32_vector_table
 *(.text .text.* .gnu.linkonce.t.*)
 .text          0x080020ec       0x54 c:/users/than/appdata/local/arduino15/packages/arduino/tools/arm-none-eabi-gcc/4.8.3-2014q1/bin/../lib/gcc/arm-none-eabi/4.8.3/armv7-m/crtbegin.o
 .text._ZN3RGB8toStringEv
                0x08002140       0x90 C:\Users\Than\AppData\Local\Temp\VMBuilds\ColorSensorTest\STM32_genericSTM32F103C\Debug\ColorSensorTest.cpp.o
                0x08002140                RGB::toString()
 .text._ZN3HSV8toStringEv
                0x080021d0       0x90 C:\Users\Than\AppData\Local\Temp\VMBuilds\ColorSensorTest\STM32_genericSTM32F103C\Debug\ColorSensorTest.cpp.o
                0x080021d0                HSV::toString()
 .text._ZN3HSL8toStringEv
                0x08002260       0x90 C:\Users\Than\AppData\Local\Temp\VMBuilds\ColorSensorTest\STM32_genericSTM32F103C\Debug\ColorSensorTest.cpp.o
                0x08002260                HSL::toString()
 .text._ZN6Colors8setColorE3RGB
                0x080022f0      0x420 C:\Users\Than\AppData\Local\Temp\VMBuilds\ColorSensorTest\STM32_genericSTM32F103C\Debug\ColorSensorTest.cpp.o
                0x080022f0                Colors::setColor(RGB)
 .text._Z5setupv
                0x08002710       0xe4 C:\Users\Than\AppData\Local\Temp\VMBuilds\ColorSensorTest\STM32_genericSTM32F103C\Debug\ColorSensorTest.cpp.o
                0x08002710                setup()
 .text.startup._GLOBAL__sub_I_TCS
                0x080027f4       0x20 C:\Users\Than\AppData\Local\Temp\VMBuilds\ColorSensorTest\STM32_genericSTM32F103C\Debug\ColorSensorTest.cpp.o
 .text._Z4loopv
                0x08002814       0xa4 C:\Users\Than\AppData\Local\Temp\VMBuilds\ColorSensorTest\STM32_genericSTM32F103C\Debug\ColorSensorTest.cpp.o
                0x08002814                loop()
 .text._ZN11ColorSensorC2Ehhhhh
                0x080028b8       0x64 C:\Users\Than\AppData\Local\Temp\VMBuilds\ColorSensorTest\STM32_genericSTM32F103C\Debug\ColorSensor.cpp.o
                0x080028b8                ColorSensor::ColorSensor(unsigned char, unsigned char, unsigned char, unsigned char, unsigned char)
                0x080028b8                ColorSensor::ColorSensor(unsigned char, unsigned char, unsigned char, unsigned char, unsigned char)
 .text._ZN11ColorSensor7executeEv
                0x0800291c       0xc8 C:\Users\Than\AppData\Local\Temp\VMBuilds\ColorSensorTest\STM32_genericSTM32F103C\Debug\ColorSensor.cpp.o
                0x0800291c                ColorSensor::execute()
 .text._ZN11ColorSensor14calibPureWhiteEv
                0x080029e4       0x30 C:\Users\Than\AppData\Local\Temp\VMBuilds\ColorSensorTest\STM32_genericSTM32F103C\Debug\ColorSensor.cpp.o
                0x080029e4                ColorSensor::calibPureWhite()
 .text._ZN11ColorSensor14calibDeepBlackEv
                0x08002a14       0x30 C:\Users\Than\AppData\Local\Temp\VMBuilds\ColorSensorTest\STM32_genericSTM32F103C\Debug\ColorSensor.cpp.o
                0x08002a14                ColorSensor::calibDeepBlack()
 .text._ZN11ColorSensor15getCurrentColorEv
                0x08002a44      0x4bc C:\Users\Than\AppData\Local\Temp\VMBuilds\ColorSensorTest\STM32_genericSTM32F103C\Debug\ColorSensor.cpp.o
                0x08002a44                ColorSensor::getCurrentColor()
 .text._Z9boardInitv
                0x08002f00        0x4 C:\Users\Than\AppData\Local\Temp\VMBuilds\ColorSensorTest\STM32_genericSTM32F103C\Debug\variant\board.cpp.o
                0x08002f00                boardInit()
 .text.startup._GLOBAL__sub_I__Z9boardInitv
                0x08002f04       0x48 C:\Users\Than\AppData\Local\Temp\VMBuilds\ColorSensorTest\STM32_genericSTM32F103C\Debug\variant\board.cpp.o
 .text._ZL18adc_default_configP7adc_dev
                0x08002f4c       0x1c C:\Users\Than\AppData\Local\Temp\VMBuilds\ColorSensorTest\STM32_genericSTM32F103C\Debug\variant\boards.cpp.o
 .text._ZL20timer_default_configP9timer_dev
                0x08002f68       0x9e C:\Users\Than\AppData\Local\Temp\VMBuilds\ColorSensorTest\STM32_genericSTM32F103C\Debug\variant\boards.cpp.o
 *fill*         0x08003006        0x2 
 .text._Z4initv
                0x08003008       0xbc C:\Users\Than\AppData\Local\Temp\VMBuilds\ColorSensorTest\STM32_genericSTM32F103C\Debug\variant\boards.cpp.o
                0x08003008                init()
 .text._ZN6wirish4priv15board_reset_pllEv
                0x080030c4        0x2 C:\Users\Than\AppData\Local\Temp\VMBuilds\ColorSensorTest\STM32_genericSTM32F103C\Debug\variant\boards_setup.cpp.o
                0x080030c4                wirish::priv::board_reset_pll()
 .text._ZN6wirish4priv28board_setup_clock_prescalersEv
                0x080030c6       0x30 C:\Users\Than\AppData\Local\Temp\VMBuilds\ColorSensorTest\STM32_genericSTM32F103C\Debug\variant\boards_setup.cpp.o
                0x080030c6                wirish::priv::board_setup_clock_prescalers()
 .text._ZN6wirish4priv16board_setup_gpioEv
                0x080030f6        0x4 C:\Users\Than\AppData\Local\Temp\VMBuilds\ColorSensorTest\STM32_genericSTM32F103C\Debug\variant\boards_setup.cpp.o
                0x080030f6                wirish::priv::board_setup_gpio()
 *fill*         0x080030fa        0x2 
 .text._ZN6wirish4priv15board_setup_usbEv
                0x080030fc       0x54 C:\Users\Than\AppData\Local\Temp\VMBuilds\ColorSensorTest\STM32_genericSTM32F103C\Debug\variant\boards_setup.cpp.o
                0x080030fc                wirish::priv::board_setup_usb()
 .text._ZN6wirish4priv11series_initEv
                0x08003150        0x4 C:\Users\Than\AppData\Local\Temp\VMBuilds\ColorSensorTest\STM32_genericSTM32F103C\Debug\variant\boards_setup.cpp.o
                0x08003150                wirish::priv::series_init()
 .text          0x08003154       0x10 C:\Users\Than\AppData\Local\Temp\VMBuilds\ColorSensorTest\STM32_genericSTM32F103C\Debug\variant\start.S.o
                0x08003154                __start__
 .text.start_c  0x08003164       0x64 C:\Users\Than\AppData\Local\Temp\VMBuilds\ColorSensorTest\STM32_genericSTM32F103C\Debug\variant\start_c.c.o
                0x08003164                start_c
 .text._sbrk    0x080031c8       0x44 C:\Users\Than\AppData\Local\Temp\VMBuilds\ColorSensorTest\STM32_genericSTM32F103C\Debug\variant\syscalls.c.o
                0x080031c8                _sbrk
 .text._exit    0x0800320c        0x2 C:\Users\Than\AppData\Local\Temp\VMBuilds\ColorSensorTest\STM32_genericSTM32F103C\Debug\variant\syscalls.c.o
                0x0800320c                _exit
 *fill*         0x0800320e        0x2 
 .text          0x08003210       0x60 C:\Users\Than\AppData\Local\Temp\VMBuilds\ColorSensorTest\STM32_genericSTM32F103C\Debug/core.a(exc.S.o)
                0x08003210                __exc_nmi
                0x08003214                __exc_hardfault
                0x08003218                __exc_memmanage
                0x0800321c                __exc_busfault
                0x08003220                __exc_usagefault
 .text          0x08003270        0x2 C:\Users\Than\AppData\Local\Temp\VMBuilds\ColorSensorTest\STM32_genericSTM32F103C\Debug/core.a(isrs.S.o)
                0x08003270                __stm32reservedexception9
                0x08003270                __irq_dma1_channel3
                0x08003270                __irq_i2c2_er
                0x08003270                __irq_i2c1_er
                0x08003270                __irq_dma1_channel6
                0x08003270                __exc_debug_monitor
                0x08003270                __irq_dma1_channel1
                0x08003270                __exc_svc
                0x08003270                __irq_dma1_channel4
                0x08003270                __irq_dma1_channel7
                0x08003270                __irq_exti0
                0x08003270                __irq_can_rx1
                0x08003270                __irq_spi2
                0x08003270                __irq_can_sce
                0x08003270                __irq_exti2
                0x08003270                __irq_exti3
                0x08003270                __irq_exti9_5
                0x08003270                __irq_pvd
                0x08003270                __irq_tamper
                0x08003270                __default_handler
                0x08003270                __irq_wwdg
                0x08003270                __stm32reservedexception10
                0x08003270                __irq_flash
                0x08003270                __irq_i2c2_ev
                0x08003270                __irq_dma1_channel2
                0x08003270                __irq_dma1_channel5
                0x08003270                __stm32reservedexception13
                0x08003270                __irq_rtc
                0x08003270                __irq_spi1
                0x08003270                __stm32reservedexception7
                0x08003270                __irq_usb_hp_can_tx
                0x08003270                __irq_exti15_10
                0x08003270                __irq_exti4
                0x08003270                __irq_rtcalarm
                0x08003270                __stm32reservedexception8
                0x08003270                __exc_pendsv
                0x08003270                __irq_i2c1_ev
                0x08003270                __irq_usbwakeup
                0x08003270                __irq_exti1
                0x08003270                __irq_rcc
 .text.adc_init
                0x08003272       0x14 C:\Users\Than\AppData\Local\Temp\VMBuilds\ColorSensorTest\STM32_genericSTM32F103C\Debug/core.a(adc.c.o)
                0x08003272                adc_init
 .text.adc_set_extsel
                0x08003286       0x12 C:\Users\Than\AppData\Local\Temp\VMBuilds\ColorSensorTest\STM32_genericSTM32F103C\Debug/core.a(adc.c.o)
                0x08003286                adc_set_extsel
 .text.adc_set_sample_rate
                0x08003298       0x30 C:\Users\Than\AppData\Local\Temp\VMBuilds\ColorSensorTest\STM32_genericSTM32F103C\Debug/core.a(adc.c.o)
                0x08003298                adc_set_sample_rate
 .text.__irq_adc
                0x080032c8       0x50 C:\Users\Than\AppData\Local\Temp\VMBuilds\ColorSensorTest\STM32_genericSTM32F103C\Debug/core.a(adc_f1.c.o)
                0x080032c8                __irq_adc
 .text.adc_calibrate
                0x08003318       0x24 C:\Users\Than\AppData\Local\Temp\VMBuilds\ColorSensorTest\STM32_genericSTM32F103C\Debug/core.a(adc_f1.c.o)
                0x08003318                adc_calibrate
 .text.adc_set_prescaler
                0x0800333c        0x8 C:\Users\Than\AppData\Local\Temp\VMBuilds\ColorSensorTest\STM32_genericSTM32F103C\Debug/core.a(adc_f1.c.o)
                0x0800333c                adc_set_prescaler
 .text.adc_foreach
                0x08003344       0x1c C:\Users\Than\AppData\Local\Temp\VMBuilds\ColorSensorTest\STM32_genericSTM32F103C\Debug/core.a(adc_f1.c.o)
                0x08003344                adc_foreach
 .text.adc_enable_single_swstart
                0x08003360       0x36 C:\Users\Than\AppData\Local\Temp\VMBuilds\ColorSensorTest\STM32_genericSTM32F103C\Debug/core.a(adc_f1.c.o)
                0x08003360                adc_enable_single_swstart
 *fill*         0x08003396        0x2 
 .text.flash_set_latency
                0x08003398       0x14 C:\Users\Than\AppData\Local\Temp\VMBuilds\ColorSensorTest\STM32_genericSTM32F103C\Debug/core.a(flash.c.o)
                0x08003398                flash_set_latency
 .text.gpio_init_all
                0x080033ac       0x30 C:\Users\Than\AppData\Local\Temp\VMBuilds\ColorSensorTest\STM32_genericSTM32F103C\Debug/core.a(gpio_f1.c.o)
                0x080033ac                gpio_init_all
 .text.gpio_set_mode
                0x080033dc       0x50 C:\Users\Than\AppData\Local\Temp\VMBuilds\ColorSensorTest\STM32_genericSTM32F103C\Debug/core.a(gpio_f1.c.o)
                0x080033dc                gpio_set_mode
 .text.afio_init
                0x0800342c       0x12 C:\Users\Than\AppData\Local\Temp\VMBuilds\ColorSensorTest\STM32_genericSTM32F103C\Debug/core.a(gpio_f1.c.o)
                0x0800342c                afio_init
 *fill*         0x0800343e        0x2 
 .text.nvic_irq_set_priority
                0x08003440       0x28 C:\Users\Than\AppData\Local\Temp\VMBuilds\ColorSensorTest\STM32_genericSTM32F103C\Debug/core.a(nvic.c.o)
                0x08003440                nvic_irq_set_priority
 .text.nvic_init
                0x08003468       0x30 C:\Users\Than\AppData\Local\Temp\VMBuilds\ColorSensorTest\STM32_genericSTM32F103C\Debug/core.a(nvic.c.o)
                0x08003468                nvic_init
 .text.nvic_sys_reset
                0x08003498       0x1c C:\Users\Than\AppData\Local\Temp\VMBuilds\ColorSensorTest\STM32_genericSTM32F103C\Debug/core.a(nvic.c.o)
                0x08003498                nvic_sys_reset
 .text.rcc_dev_clk
                0x080034b4        0xc C:\Users\Than\AppData\Local\Temp\VMBuilds\ColorSensorTest\STM32_genericSTM32F103C\Debug/core.a(rcc.c.o)
                0x080034b4                rcc_dev_clk
 .text.rcc_switch_sysclk
                0x080034c0       0x20 C:\Users\Than\AppData\Local\Temp\VMBuilds\ColorSensorTest\STM32_genericSTM32F103C\Debug/core.a(rcc.c.o)
                0x080034c0                rcc_switch_sysclk
 .text.rcc_turn_on_clk
                0x080034e0       0x1a C:\Users\Than\AppData\Local\Temp\VMBuilds\ColorSensorTest\STM32_genericSTM32F103C\Debug/core.a(rcc.c.o)
                0x080034e0                rcc_turn_on_clk
 .text.rcc_turn_off_clk
                0x080034fa       0x1c C:\Users\Than\AppData\Local\Temp\VMBuilds\ColorSensorTest\STM32_genericSTM32F103C\Debug/core.a(rcc.c.o)
                0x080034fa                rcc_turn_off_clk
 .text.rcc_is_clk_ready
                0x08003516       0x18 C:\Users\Than\AppData\Local\Temp\VMBuilds\ColorSensorTest\STM32_genericSTM32F103C\Debug/core.a(rcc.c.o)
                0x08003516                rcc_is_clk_ready
 *fill*         0x0800352e        0x2 
 .text.rcc_configure_pll
                0x08003530       0x18 C:\Users\Than\AppData\Local\Temp\VMBuilds\ColorSensorTest\STM32_genericSTM32F103C\Debug/core.a(rcc_f1.c.o)
                0x08003530                rcc_configure_pll
 .text.rcc_clk_enable
                0x08003548       0x30 C:\Users\Than\AppData\Local\Temp\VMBuilds\ColorSensorTest\STM32_genericSTM32F103C\Debug/core.a(rcc_f1.c.o)
                0x08003548                rcc_clk_enable
 .text.rcc_reset_dev
                0x08003578       0x34 C:\Users\Than\AppData\Local\Temp\VMBuilds\ColorSensorTest\STM32_genericSTM32F103C\Debug/core.a(rcc_f1.c.o)
                0x08003578                rcc_reset_dev
 .text.rcc_set_prescaler
                0x080035ac       0x20 C:\Users\Than\AppData\Local\Temp\VMBuilds\ColorSensorTest\STM32_genericSTM32F103C\Debug/core.a(rcc_f1.c.o)
                0x080035ac                rcc_set_prescaler
 .text.rcc_clk_disable
                0x080035cc       0x30 C:\Users\Than\AppData\Local\Temp\VMBuilds\ColorSensorTest\STM32_genericSTM32F103C\Debug/core.a(rcc_f1.c.o)
                0x080035cc                rcc_clk_disable
 .text.systick_init
                0x080035fc       0x10 C:\Users\Than\AppData\Local\Temp\VMBuilds\ColorSensorTest\STM32_genericSTM32F103C\Debug/core.a(systick.c.o)
                0x080035fc                systick_init
 .text.__exc_systick
                0x0800360c       0x1c C:\Users\Than\AppData\Local\Temp\VMBuilds\ColorSensorTest\STM32_genericSTM32F103C\Debug/core.a(systick.c.o)
                0x0800360c                __exc_systick
 .text.timer_oc_set_mode
                0x08003628       0x3a C:\Users\Than\AppData\Local\Temp\VMBuilds\ColorSensorTest\STM32_genericSTM32F103C\Debug/core.a(timer.c.o)
 *fill*         0x08003662        0x2 
 .text.timer_foreach
                0x08003664       0x28 C:\Users\Than\AppData\Local\Temp\VMBuilds\ColorSensorTest\STM32_genericSTM32F103C\Debug/core.a(timer.c.o)
                0x08003664                timer_foreach
 .text.timer_init
                0x0800368c       0x14 C:\Users\Than\AppData\Local\Temp\VMBuilds\ColorSensorTest\STM32_genericSTM32F103C\Debug/core.a(timer.c.o)
                0x0800368c                timer_init
 .text.timer_has_cc_channel
                0x080036a0       0x30 C:\Users\Than\AppData\Local\Temp\VMBuilds\ColorSensorTest\STM32_genericSTM32F103C\Debug/core.a(timer.c.o)
                0x080036a0                timer_has_cc_channel
 .text.timer_detach_interrupt
                0x080036d0       0x1e C:\Users\Than\AppData\Local\Temp\VMBuilds\ColorSensorTest\STM32_genericSTM32F103C\Debug/core.a(timer.c.o)
                0x080036d0                timer_detach_interrupt
 .text.timer_set_mode
                0x080036ee       0x86 C:\Users\Than\AppData\Local\Temp\VMBuilds\ColorSensorTest\STM32_genericSTM32F103C\Debug/core.a(timer.c.o)
                0x080036ee                timer_set_mode
 .text.__irq_tim1_brk
                0x08003774       0x24 C:\Users\Than\AppData\Local\Temp\VMBuilds\ColorSensorTest\STM32_genericSTM32F103C\Debug/core.a(timer.c.o)
                0x08003774                __irq_tim1_brk
 .text.__irq_tim1_up
                0x08003798       0x24 C:\Users\Than\AppData\Local\Temp\VMBuilds\ColorSensorTest\STM32_genericSTM32F103C\Debug/core.a(timer.c.o)
                0x08003798                __irq_tim1_up
 .text.__irq_tim1_trg_com
                0x080037bc       0x38 C:\Users\Than\AppData\Local\Temp\VMBuilds\ColorSensorTest\STM32_genericSTM32F103C\Debug/core.a(timer.c.o)
                0x080037bc                __irq_tim1_trg_com
 .text.__irq_tim1_cc
                0x080037f4       0x54 C:\Users\Than\AppData\Local\Temp\VMBuilds\ColorSensorTest\STM32_genericSTM32F103C\Debug/core.a(timer.c.o)
                0x080037f4                __irq_tim1_cc
 .text.__irq_tim2
                0x08003848       0x70 C:\Users\Than\AppData\Local\Temp\VMBuilds\ColorSensorTest\STM32_genericSTM32F103C\Debug/core.a(timer.c.o)
                0x08003848                __irq_tim2
 .text.__irq_tim3
                0x080038b8       0x70 C:\Users\Than\AppData\Local\Temp\VMBuilds\ColorSensorTest\STM32_genericSTM32F103C\Debug/core.a(timer.c.o)
                0x080038b8                __irq_tim3
 .text.__irq_tim4
                0x08003928       0x70 C:\Users\Than\AppData\Local\Temp\VMBuilds\ColorSensorTest\STM32_genericSTM32F103C\Debug/core.a(timer.c.o)
                0x08003928                __irq_tim4
 .text.rb_remove
                0x08003998       0x24 C:\Users\Than\AppData\Local\Temp\VMBuilds\ColorSensorTest\STM32_genericSTM32F103C\Debug/core.a(usart_f1.c.o)
 .text.rb_push_insert
                0x080039bc       0x52 C:\Users\Than\AppData\Local\Temp\VMBuilds\ColorSensorTest\STM32_genericSTM32F103C\Debug/core.a(usart_f1.c.o)
 *fill*         0x08003a0e        0x2 
 .text.__irq_usart1
                0x08003a10       0x54 C:\Users\Than\AppData\Local\Temp\VMBuilds\ColorSensorTest\STM32_genericSTM32F103C\Debug/core.a(usart_f1.c.o)
                0x08003a10                __irq_usart1
 .text.__irq_usart2
                0x08003a64       0x54 C:\Users\Than\AppData\Local\Temp\VMBuilds\ColorSensorTest\STM32_genericSTM32F103C\Debug/core.a(usart_f1.c.o)
                0x08003a64                __irq_usart2
 .text.__irq_usart3
                0x08003ab8       0x54 C:\Users\Than\AppData\Local\Temp\VMBuilds\ColorSensorTest\STM32_genericSTM32F103C\Debug/core.a(usart_f1.c.o)
                0x08003ab8                __irq_usart3
 .text.throb    0x08003b0c       0x4c C:\Users\Than\AppData\Local\Temp\VMBuilds\ColorSensorTest\STM32_genericSTM32F103C\Debug/core.a(util.c.o)
                0x08003b0c                throb
 .text.__error  0x08003b58       0x14 C:\Users\Than\AppData\Local\Temp\VMBuilds\ColorSensorTest\STM32_genericSTM32F103C\Debug/core.a(util.c.o)
                0x08003b58                __error
 .text._ZN14HardwareSerial4readEv
                0x08003b6c       0x4e C:\Users\Than\AppData\Local\Temp\VMBuilds\ColorSensorTest\STM32_genericSTM32F103C\Debug/core.a(HardwareSerial.cpp.o)
                0x08003b6c                HardwareSerial::read()
 .text._ZN14HardwareSerial4peekEv
                0x08003bba       0x22 C:\Users\Than\AppData\Local\Temp\VMBuilds\ColorSensorTest\STM32_genericSTM32F103C\Debug/core.a(HardwareSerial.cpp.o)
                0x08003bba                HardwareSerial::peek()
 .text._ZN14HardwareSerial5flushEv
                0x08003bdc       0x1a C:\Users\Than\AppData\Local\Temp\VMBuilds\ColorSensorTest\STM32_genericSTM32F103C\Debug/core.a(HardwareSerial.cpp.o)
                0x08003bdc                HardwareSerial::flush()
 .text._ZN14HardwareSerial5writeEh
                0x08003bf6       0x1e C:\Users\Than\AppData\Local\Temp\VMBuilds\ColorSensorTest\STM32_genericSTM32F103C\Debug/core.a(HardwareSerial.cpp.o)
                0x08003bf6                HardwareSerial::write(unsigned char)
 .text._ZN14HardwareSerial9availableEv
                0x08003c14       0x26 C:\Users\Than\AppData\Local\Temp\VMBuilds\ColorSensorTest\STM32_genericSTM32F103C\Debug/core.a(HardwareSerial.cpp.o)
                0x08003c14                HardwareSerial::available()
 *fill*         0x08003c3a        0x2 
 .text._ZN14HardwareSerialC2EP9usart_devhh
                0x08003c3c       0x1c C:\Users\Than\AppData\Local\Temp\VMBuilds\ColorSensorTest\STM32_genericSTM32F103C\Debug/core.a(HardwareSerial.cpp.o)
                0x08003c3c                HardwareSerial::HardwareSerial(usart_dev*, unsigned char, unsigned char)
                0x08003c3c                HardwareSerial::HardwareSerial(usart_dev*, unsigned char, unsigned char)
 .text.startup._Z7premainv
                0x08003c58        0x4 C:\Users\Than\AppData\Local\Temp\VMBuilds\ColorSensorTest\STM32_genericSTM32F103C\Debug/core.a(main.cpp.o)
                0x08003c58                premain()
 .text.startup.main
                0x08003c5c        0xc C:\Users\Than\AppData\Local\Temp\VMBuilds\ColorSensorTest\STM32_genericSTM32F103C\Debug/core.a(main.cpp.o)
                0x08003c5c                main
 .text._ZN5Print5writeEPKc
                0x08003c68       0x1c C:\Users\Than\AppData\Local\Temp\VMBuilds\ColorSensorTest\STM32_genericSTM32F103C\Debug/core.a(Print.cpp.o)
                0x08003c68                Print::write(char const*)
 .text._ZN5Print5writeEPKvm
                0x08003c84       0x20 C:\Users\Than\AppData\Local\Temp\VMBuilds\ColorSensorTest\STM32_genericSTM32F103C\Debug/core.a(Print.cpp.o)
                0x08003c84                Print::write(void const*, unsigned long)
 .text._ZN5Print5printERK6String
                0x08003ca4       0x10 C:\Users\Than\AppData\Local\Temp\VMBuilds\ColorSensorTest\STM32_genericSTM32F103C\Debug/core.a(Print.cpp.o)
                0x08003ca4                Print::print(String const&)
 .text._ZN5Print5printEc
                0x08003cb4        0xa C:\Users\Than\AppData\Local\Temp\VMBuilds\ColorSensorTest\STM32_genericSTM32F103C\Debug/core.a(Print.cpp.o)
                0x08003cb4                Print::print(char)
 .text._ZN5Print5printEPKc
                0x08003cbe        0xa C:\Users\Than\AppData\Local\Temp\VMBuilds\ColorSensorTest\STM32_genericSTM32F103C\Debug/core.a(Print.cpp.o)
                0x08003cbe                Print::print(char const*)
 .text._ZN5Print7printlnEv
                0x08003cc8       0x18 C:\Users\Than\AppData\Local\Temp\VMBuilds\ColorSensorTest\STM32_genericSTM32F103C\Debug/core.a(Print.cpp.o)
                0x08003cc8                Print::println()
 .text._ZN5Print7printlnERK6String
                0x08003ce0       0x14 C:\Users\Than\AppData\Local\Temp\VMBuilds\ColorSensorTest\STM32_genericSTM32F103C\Debug/core.a(Print.cpp.o)
                0x08003ce0                Print::println(String const&)
 .text._ZN5Print7printlnEPKc
                0x08003cf4       0x14 C:\Users\Than\AppData\Local\Temp\VMBuilds\ColorSensorTest\STM32_genericSTM32F103C\Debug/core.a(Print.cpp.o)
                0x08003cf4                Print::println(char const*)
 .text._ZN5Print11printNumberEyh
                0x08003d08       0x84 C:\Users\Than\AppData\Local\Temp\VMBuilds\ColorSensorTest\STM32_genericSTM32F103C\Debug/core.a(Print.cpp.o)
                0x08003d08                Print::printNumber(unsigned long long, unsigned char)
 .text._ZN5Print5printExi
                0x08003d8c       0x32 C:\Users\Than\AppData\Local\Temp\VMBuilds\ColorSensorTest\STM32_genericSTM32F103C\Debug/core.a(Print.cpp.o)
                0x08003d8c                Print::print(long long, int)
 .text._ZN5Print5printEii
                0x08003dbe       0x12 C:\Users\Than\AppData\Local\Temp\VMBuilds\ColorSensorTest\STM32_genericSTM32F103C\Debug/core.a(Print.cpp.o)
                0x08003dbe                Print::print(int, int)
 .text._ZN5Print7printlnEmi
                0x08003dd0       0x1e C:\Users\Than\AppData\Local\Temp\VMBuilds\ColorSensorTest\STM32_genericSTM32F103C\Debug/core.a(Print.cpp.o)
                0x08003dd0                Print::println(unsigned long, int)
 *fill*         0x08003dee        0x2 
 .text._ZN5Print10printFloatEdh
                0x08003df0      0x158 C:\Users\Than\AppData\Local\Temp\VMBuilds\ColorSensorTest\STM32_genericSTM32F103C\Debug/core.a(Print.cpp.o)
                0x08003df0                Print::printFloat(double, unsigned char)
 .text._ZN5Print7printlnEdi
                0x08003f48       0x1c C:\Users\Than\AppData\Local\Temp\VMBuilds\ColorSensorTest\STM32_genericSTM32F103C\Debug/core.a(Print.cpp.o)
                0x08003f48                Print::println(double, int)
 .text._ZN9USBSerial9availableEv
                0x08003f64        0x4 C:\Users\Than\AppData\Local\Temp\VMBuilds\ColorSensorTest\STM32_genericSTM32F103C\Debug/core.a(usb_serial.cpp.o)
                0x08003f64                USBSerial::available()
 .text._ZN9USBSerial4peekEv
                0x08003f68       0x1e C:\Users\Than\AppData\Local\Temp\VMBuilds\ColorSensorTest\STM32_genericSTM32F103C\Debug/core.a(usb_serial.cpp.o)
                0x08003f68                USBSerial::peek()
 .text._ZN9USBSerial4readEv
                0x08003f86       0x1e C:\Users\Than\AppData\Local\Temp\VMBuilds\ColorSensorTest\STM32_genericSTM32F103C\Debug/core.a(usb_serial.cpp.o)
                0x08003f86                USBSerial::read()
 .text._ZL14ifaceSetupHookjPv
                0x08003fa4       0x50 C:\Users\Than\AppData\Local\Temp\VMBuilds\ColorSensorTest\STM32_genericSTM32F103C\Debug/core.a(usb_serial.cpp.o)
 .text._ZL6rxHookjPv
                0x08003ff4       0x84 C:\Users\Than\AppData\Local\Temp\VMBuilds\ColorSensorTest\STM32_genericSTM32F103C\Debug/core.a(usb_serial.cpp.o)
 .text._ZL10wait_resetv
                0x08004078       0x10 C:\Users\Than\AppData\Local\Temp\VMBuilds\ColorSensorTest\STM32_genericSTM32F103C\Debug/core.a(usb_serial.cpp.o)
 .text._ZN9USBSerialC2Ev
                0x08004088       0x14 C:\Users\Than\AppData\Local\Temp\VMBuilds\ColorSensorTest\STM32_genericSTM32F103C\Debug/core.a(usb_serial.cpp.o)
                0x08004088                USBSerial::USBSerial()
                0x08004088                USBSerial::USBSerial()
 .text._ZN9USBSerial5beginEv
                0x0800409c       0x34 C:\Users\Than\AppData\Local\Temp\VMBuilds\ColorSensorTest\STM32_genericSTM32F103C\Debug/core.a(usb_serial.cpp.o)
                0x0800409c                USBSerial::begin()
 .text._ZN9USBSerial5beginEm
                0x080040d0       0x10 C:\Users\Than\AppData\Local\Temp\VMBuilds\ColorSensorTest\STM32_genericSTM32F103C\Debug/core.a(usb_serial.cpp.o)
                0x080040d0                USBSerial::begin(unsigned long)
 .text._ZN9USBSerial4readEPhm
                0x080040e0       0x1c C:\Users\Than\AppData\Local\Temp\VMBuilds\ColorSensorTest\STM32_genericSTM32F103C\Debug/core.a(usb_serial.cpp.o)
                0x080040e0                USBSerial::read(unsigned char*, unsigned long)
 .text._ZN9USBSerial5flushEv
                0x080040fc       0x1c C:\Users\Than\AppData\Local\Temp\VMBuilds\ColorSensorTest\STM32_genericSTM32F103C\Debug/core.a(usb_serial.cpp.o)
                0x080040fc                USBSerial::flush()
 .text._ZN9USBSerialcvbEv
                0x08004118       0x20 C:\Users\Than\AppData\Local\Temp\VMBuilds\ColorSensorTest\STM32_genericSTM32F103C\Debug/core.a(usb_serial.cpp.o)
                0x08004118                USBSerial::operator bool()
 .text._ZN9USBSerial5writeEPKhm
                0x08004138       0x24 C:\Users\Than\AppData\Local\Temp\VMBuilds\ColorSensorTest\STM32_genericSTM32F103C\Debug/core.a(usb_serial.cpp.o)
                0x08004138                USBSerial::write(unsigned char const*, unsigned long)
 .text._ZN9USBSerial5writeEh
                0x0800415c       0x18 C:\Users\Than\AppData\Local\Temp\VMBuilds\ColorSensorTest\STM32_genericSTM32F103C\Debug/core.a(usb_serial.cpp.o)
                0x0800415c                USBSerial::write(unsigned char)
 .text._ZN9USBSerial5writeEPKc
                0x08004174       0x1a C:\Users\Than\AppData\Local\Temp\VMBuilds\ColorSensorTest\STM32_genericSTM32F103C\Debug/core.a(usb_serial.cpp.o)
                0x08004174                USBSerial::write(char const*)
 *fill*         0x0800418e        0x2 
 .text.startup._GLOBAL__sub_I__ZN9USBSerial9_hasBegunE
                0x08004190        0xc C:\Users\Than\AppData\Local\Temp\VMBuilds\ColorSensorTest\STM32_genericSTM32F103C\Debug/core.a(usb_serial.cpp.o)
 .text._Z12digitalWritehh
                0x0800419c       0x2c C:\Users\Than\AppData\Local\Temp\VMBuilds\ColorSensorTest\STM32_genericSTM32F103C\Debug/core.a(wirish_digital.cpp.o)
                0x0800419c                digitalWrite(unsigned char, unsigned char)
 .text._ZN6StringD2Ev
                0x080041c8        0xe C:\Users\Than\AppData\Local\Temp\VMBuilds\ColorSensorTest\STM32_genericSTM32F103C\Debug/core.a(WString.cpp.o)
                0x080041c8                String::~String()
                0x080041c8                String::~String()
 .text._ZN6String10invalidateEv
                0x080041d6       0x16 C:\Users\Than\AppData\Local\Temp\VMBuilds\ColorSensorTest\STM32_genericSTM32F103C\Debug/core.a(WString.cpp.o)
                0x080041d6                String::invalidate()
 .text._ZN6String12changeBufferEj
                0x080041ec       0x18 C:\Users\Than\AppData\Local\Temp\VMBuilds\ColorSensorTest\STM32_genericSTM32F103C\Debug/core.a(WString.cpp.o)
                0x080041ec                String::changeBuffer(unsigned int)
 .text._ZN6String7reserveEj
                0x08004204       0x22 C:\Users\Than\AppData\Local\Temp\VMBuilds\ColorSensorTest\STM32_genericSTM32F103C\Debug/core.a(WString.cpp.o)
                0x08004204                String::reserve(unsigned int)
 .text._ZN6String4copyEPKcj
                0x08004226       0x26 C:\Users\Than\AppData\Local\Temp\VMBuilds\ColorSensorTest\STM32_genericSTM32F103C\Debug/core.a(WString.cpp.o)
                0x08004226                String::copy(char const*, unsigned int)
 .text._ZN6StringC2EPKc
                0x0800424c       0x24 C:\Users\Than\AppData\Local\Temp\VMBuilds\ColorSensorTest\STM32_genericSTM32F103C\Debug/core.a(WString.cpp.o)
                0x0800424c                String::String(char const*)
                0x0800424c                String::String(char const*)
 .text._ZN6StringaSERKS_
                0x08004270       0x1e C:\Users\Than\AppData\Local\Temp\VMBuilds\ColorSensorTest\STM32_genericSTM32F103C\Debug/core.a(WString.cpp.o)
                0x08004270                String::operator=(String const&)
 .text._ZN6StringC2ERKS_
                0x0800428e       0x14 C:\Users\Than\AppData\Local\Temp\VMBuilds\ColorSensorTest\STM32_genericSTM32F103C\Debug/core.a(WString.cpp.o)
                0x0800428e                String::String(String const&)
                0x0800428e                String::String(String const&)
 .text._ZN6StringaSEPKc
                0x080042a2       0x22 C:\Users\Than\AppData\Local\Temp\VMBuilds\ColorSensorTest\STM32_genericSTM32F103C\Debug/core.a(WString.cpp.o)
                0x080042a2                String::operator=(char const*)
 .text._ZN6StringC2Efh
                0x080042c4       0x32 C:\Users\Than\AppData\Local\Temp\VMBuilds\ColorSensorTest\STM32_genericSTM32F103C\Debug/core.a(WString.cpp.o)
                0x080042c4                String::String(float, unsigned char)
                0x080042c4                String::String(float, unsigned char)
 .text._ZN6String6concatEPKcj
                0x080042f6       0x2e C:\Users\Than\AppData\Local\Temp\VMBuilds\ColorSensorTest\STM32_genericSTM32F103C\Debug/core.a(WString.cpp.o)
                0x080042f6                String::concat(char const*, unsigned int)
 .text._ZplRK15StringSumHelperRK6String
                0x08004324       0x1a C:\Users\Than\AppData\Local\Temp\VMBuilds\ColorSensorTest\STM32_genericSTM32F103C\Debug/core.a(WString.cpp.o)
                0x08004324                operator+(StringSumHelper const&, String const&)
 .text._ZplRK15StringSumHelperPKc
                0x0800433e       0x24 C:\Users\Than\AppData\Local\Temp\VMBuilds\ColorSensorTest\STM32_genericSTM32F103C\Debug/core.a(WString.cpp.o)
                0x0800433e                operator+(StringSumHelper const&, char const*)
 *fill*         0x08004362        0x2 
 .text._Z7pulseInmmm
                0x08004364       0x84 C:\Users\Than\AppData\Local\Temp\VMBuilds\ColorSensorTest\STM32_genericSTM32F103C\Debug/core.a(wiring_pulse_f1.cpp.o)
                0x08004364                pulseIn(unsigned long, unsigned long, unsigned long)
 .text._Z17disableDebugPortsv
                0x080043e8       0x14 C:\Users\Than\AppData\Local\Temp\VMBuilds\ColorSensorTest\STM32_genericSTM32F103C\Debug/core.a(wirish_debug.cpp.o)
                0x080043e8                disableDebugPorts()
 .text._Z7pinModeh13WiringPinMode
                0x080043fc       0x84 C:\Users\Than\AppData\Local\Temp\VMBuilds\ColorSensorTest\STM32_genericSTM32F103C\Debug/core.a(wirish_digital_f1.cpp.o)
                0x080043fc                pinMode(unsigned char, WiringPinMode)
 .text.dtostrf  0x08004480       0x28 C:\Users\Than\AppData\Local\Temp\VMBuilds\ColorSensorTest\STM32_genericSTM32F103C\Debug/core.a(dtostrf.c.o)
                0x08004480                dtostrf
 .text.gpio_init
                0x080044a8       0x14 C:\Users\Than\AppData\Local\Temp\VMBuilds\ColorSensorTest\STM32_genericSTM32F103C\Debug/core.a(gpio.c.o)
                0x080044a8                gpio_init
 .text.iwdg_init
                0x080044bc       0x20 C:\Users\Than\AppData\Local\Temp\VMBuilds\ColorSensorTest\STM32_genericSTM32F103C\Debug/core.a(iwdg.c.o)
                0x080044bc                iwdg_init
 .text.usart_tx
                0x080044dc       0x9c C:\Users\Than\AppData\Local\Temp\VMBuilds\ColorSensorTest\STM32_genericSTM32F103C\Debug/core.a(usart.c.o)
                0x080044dc                usart_tx
 .text.usb_resume
                0x08004578       0xb4 C:\Users\Than\AppData\Local\Temp\VMBuilds\ColorSensorTest\STM32_genericSTM32F103C\Debug/core.a(usb.c.o)
 .text.usb_init_usblib
                0x0800462c       0x48 C:\Users\Than\AppData\Local\Temp\VMBuilds\ColorSensorTest\STM32_genericSTM32F103C\Debug/core.a(usb.c.o)
                0x0800462c                usb_init_usblib
 .text.__irq_usb_lp_can_rx0
                0x08004674      0x1c8 C:\Users\Than\AppData\Local\Temp\VMBuilds\ColorSensorTest\STM32_genericSTM32F103C\Debug/core.a(usb.c.o)
                0x08004674                __irq_usb_lp_can_rx0
 .text.usb_set_ep_rx_stat
                0x0800483c       0x22 C:\Users\Than\AppData\Local\Temp\VMBuilds\ColorSensorTest\STM32_genericSTM32F103C\Debug/core.a(usb_cdcacm.c.o)
 *fill*         0x0800485e        0x2 
 .text.vcomGetSetLineCoding
                0x08004860       0x18 C:\Users\Than\AppData\Local\Temp\VMBuilds\ColorSensorTest\STM32_genericSTM32F103C\Debug/core.a(usb_cdcacm.c.o)
 .text.usbDataSetup
                0x08004878       0x54 C:\Users\Than\AppData\Local\Temp\VMBuilds\ColorSensorTest\STM32_genericSTM32F103C\Debug/core.a(usb_cdcacm.c.o)
 .text.usbNoDataSetup
                0x080048cc       0x50 C:\Users\Than\AppData\Local\Temp\VMBuilds\ColorSensorTest\STM32_genericSTM32F103C\Debug/core.a(usb_cdcacm.c.o)
 .text.usbGetInterfaceSetting
                0x0800491c       0x10 C:\Users\Than\AppData\Local\Temp\VMBuilds\ColorSensorTest\STM32_genericSTM32F103C\Debug/core.a(usb_cdcacm.c.o)
 .text.usbSetConfiguration
                0x0800492c       0x1c C:\Users\Than\AppData\Local\Temp\VMBuilds\ColorSensorTest\STM32_genericSTM32F103C\Debug/core.a(usb_cdcacm.c.o)
 .text.usbSetDeviceAddress
                0x08004948       0x10 C:\Users\Than\AppData\Local\Temp\VMBuilds\ColorSensorTest\STM32_genericSTM32F103C\Debug/core.a(usb_cdcacm.c.o)
 .text.usbGetStringDescriptor
                0x08004958       0x20 C:\Users\Than\AppData\Local\Temp\VMBuilds\ColorSensorTest\STM32_genericSTM32F103C\Debug/core.a(usb_cdcacm.c.o)
 .text.usbGetConfigDescriptor
                0x08004978        0xc C:\Users\Than\AppData\Local\Temp\VMBuilds\ColorSensorTest\STM32_genericSTM32F103C\Debug/core.a(usb_cdcacm.c.o)
 .text.usbGetDeviceDescriptor
                0x08004984        0xc C:\Users\Than\AppData\Local\Temp\VMBuilds\ColorSensorTest\STM32_genericSTM32F103C\Debug/core.a(usb_cdcacm.c.o)
 .text.usbInit  0x08004990       0x44 C:\Users\Than\AppData\Local\Temp\VMBuilds\ColorSensorTest\STM32_genericSTM32F103C\Debug/core.a(usb_cdcacm.c.o)
 .text.vcomDataTxCb
                0x080049d4       0xa0 C:\Users\Than\AppData\Local\Temp\VMBuilds\ColorSensorTest\STM32_genericSTM32F103C\Debug/core.a(usb_cdcacm.c.o)
 .text.usbReset
                0x08004a74      0x160 C:\Users\Than\AppData\Local\Temp\VMBuilds\ColorSensorTest\STM32_genericSTM32F103C\Debug/core.a(usb_cdcacm.c.o)
 .text.vcomDataRxCb
                0x08004bd4       0x7c C:\Users\Than\AppData\Local\Temp\VMBuilds\ColorSensorTest\STM32_genericSTM32F103C\Debug/core.a(usb_cdcacm.c.o)
 .text.usb_cdcacm_set_hooks
                0x08004c50       0x1c C:\Users\Than\AppData\Local\Temp\VMBuilds\ColorSensorTest\STM32_genericSTM32F103C\Debug/core.a(usb_cdcacm.c.o)
                0x08004c50                usb_cdcacm_set_hooks
 .text.usb_cdcacm_enable
                0x08004c6c       0x38 C:\Users\Than\AppData\Local\Temp\VMBuilds\ColorSensorTest\STM32_genericSTM32F103C\Debug/core.a(usb_cdcacm.c.o)
                0x08004c6c                usb_cdcacm_enable
 .text.usb_cdcacm_tx
                0x08004ca4       0x60 C:\Users\Than\AppData\Local\Temp\VMBuilds\ColorSensorTest\STM32_genericSTM32F103C\Debug/core.a(usb_cdcacm.c.o)
                0x08004ca4                usb_cdcacm_tx
 .text.usb_cdcacm_data_available
                0x08004d04       0x18 C:\Users\Than\AppData\Local\Temp\VMBuilds\ColorSensorTest\STM32_genericSTM32F103C\Debug/core.a(usb_cdcacm.c.o)
                0x08004d04                usb_cdcacm_data_available
 .text.usb_cdcacm_peek
                0x08004d1c       0x38 C:\Users\Than\AppData\Local\Temp\VMBuilds\ColorSensorTest\STM32_genericSTM32F103C\Debug/core.a(usb_cdcacm.c.o)
                0x08004d1c                usb_cdcacm_peek
 .text.usb_cdcacm_rx
                0x08004d54       0x34 C:\Users\Than\AppData\Local\Temp\VMBuilds\ColorSensorTest\STM32_genericSTM32F103C\Debug/core.a(usb_cdcacm.c.o)
                0x08004d54                usb_cdcacm_rx
 .text.usb_cdcacm_peek_ex
                0x08004d88       0x40 C:\Users\Than\AppData\Local\Temp\VMBuilds\ColorSensorTest\STM32_genericSTM32F103C\Debug/core.a(usb_cdcacm.c.o)
                0x08004d88                usb_cdcacm_peek_ex
 .text.usb_cdcacm_get_dtr
                0x08004dc8       0x10 C:\Users\Than\AppData\Local\Temp\VMBuilds\ColorSensorTest\STM32_genericSTM32F103C\Debug/core.a(usb_cdcacm.c.o)
                0x08004dc8                usb_cdcacm_get_dtr
 .text.usb_cdcacm_get_baud
                0x08004dd8        0xc C:\Users\Than\AppData\Local\Temp\VMBuilds\ColorSensorTest\STM32_genericSTM32F103C\Debug/core.a(usb_cdcacm.c.o)
                0x08004dd8                usb_cdcacm_get_baud
 .text.usb_set_ep_rx_count
                0x08004de4       0x40 C:\Users\Than\AppData\Local\Temp\VMBuilds\ColorSensorTest\STM32_genericSTM32F103C\Debug/core.a(usb_reg_map.c.o)
                0x08004de4                usb_set_ep_rx_count
 .text.Standard_GetConfiguration
                0x08004e24       0x24 C:\Users\Than\AppData\Local\Temp\VMBuilds\ColorSensorTest\STM32_genericSTM32F103C\Debug/core.a(usb_core.c.o)
                0x08004e24                Standard_GetConfiguration
 .text.Standard_GetInterface
                0x08004e48       0x24 C:\Users\Than\AppData\Local\Temp\VMBuilds\ColorSensorTest\STM32_genericSTM32F103C\Debug/core.a(usb_core.c.o)
                0x08004e48                Standard_GetInterface
 .text.Standard_GetStatus
                0x08004e6c       0x90 C:\Users\Than\AppData\Local\Temp\VMBuilds\ColorSensorTest\STM32_genericSTM32F103C\Debug/core.a(usb_core.c.o)
                0x08004e6c                Standard_GetStatus
 .text.DataStageIn
                0x08004efc       0xa8 C:\Users\Than\AppData\Local\Temp\VMBuilds\ColorSensorTest\STM32_genericSTM32F103C\Debug/core.a(usb_core.c.o)
 .text.Standard_SetConfiguration
                0x08004fa4       0x38 C:\Users\Than\AppData\Local\Temp\VMBuilds\ColorSensorTest\STM32_genericSTM32F103C\Debug/core.a(usb_core.c.o)
                0x08004fa4                Standard_SetConfiguration
 .text.Standard_SetInterface
                0x08004fdc       0x48 C:\Users\Than\AppData\Local\Temp\VMBuilds\ColorSensorTest\STM32_genericSTM32F103C\Debug/core.a(usb_core.c.o)
                0x08004fdc                Standard_SetInterface
 .text.Standard_ClearFeature
                0x08005024       0xd0 C:\Users\Than\AppData\Local\Temp\VMBuilds\ColorSensorTest\STM32_genericSTM32F103C\Debug/core.a(usb_core.c.o)
                0x08005024                Standard_ClearFeature
 .text.Standard_SetEndPointFeature
                0x080050f4       0x84 C:\Users\Than\AppData\Local\Temp\VMBuilds\ColorSensorTest\STM32_genericSTM32F103C\Debug/core.a(usb_core.c.o)
                0x080050f4                Standard_SetEndPointFeature
 .text.Standard_SetDeviceFeature
                0x08005178       0x24 C:\Users\Than\AppData\Local\Temp\VMBuilds\ColorSensorTest\STM32_genericSTM32F103C\Debug/core.a(usb_core.c.o)
                0x08005178                Standard_SetDeviceFeature
 .text.Standard_GetDescriptorData
                0x0800519c       0x1c C:\Users\Than\AppData\Local\Temp\VMBuilds\ColorSensorTest\STM32_genericSTM32F103C\Debug/core.a(usb_core.c.o)
                0x0800519c                Standard_GetDescriptorData
 .text.Post0_Process
                0x080051b8       0x40 C:\Users\Than\AppData\Local\Temp\VMBuilds\ColorSensorTest\STM32_genericSTM32F103C\Debug/core.a(usb_core.c.o)
                0x080051b8                Post0_Process
 .text.Setup0_Process
                0x080051f8      0x2d0 C:\Users\Than\AppData\Local\Temp\VMBuilds\ColorSensorTest\STM32_genericSTM32F103C\Debug/core.a(usb_core.c.o)
                0x080051f8                Setup0_Process
 .text.Out0_Process
                0x080054c8       0xc8 C:\Users\Than\AppData\Local\Temp\VMBuilds\ColorSensorTest\STM32_genericSTM32F103C\Debug/core.a(usb_core.c.o)
                0x080054c8                Out0_Process
 .text.SetDeviceAddress
                0x08005590       0x38 C:\Users\Than\AppData\Local\Temp\VMBuilds\ColorSensorTest\STM32_genericSTM32F103C\Debug/core.a(usb_core.c.o)
                0x08005590                SetDeviceAddress
 .text.In0_Process
                0x080055c8       0x5c C:\Users\Than\AppData\Local\Temp\VMBuilds\ColorSensorTest\STM32_genericSTM32F103C\Debug/core.a(usb_core.c.o)
                0x080055c8                In0_Process
 .text.NOP_Process
                0x08005624        0x2 C:\Users\Than\AppData\Local\Temp\VMBuilds\ColorSensorTest\STM32_genericSTM32F103C\Debug/core.a(usb_core.c.o)
                0x08005624                NOP_Process
 .text.UserToPMABufferCopy
                0x08005626       0x30 C:\Users\Than\AppData\Local\Temp\VMBuilds\ColorSensorTest\STM32_genericSTM32F103C\Debug/core.a(usb_mem.c.o)
                0x08005626                UserToPMABufferCopy
 .text.PMAToUserBufferCopy
                0x08005656       0x24 C:\Users\Than\AppData\Local\Temp\VMBuilds\ColorSensorTest\STM32_genericSTM32F103C\Debug/core.a(usb_mem.c.o)
                0x08005656                PMAToUserBufferCopy
 .text.SetEPTxStatus
                0x0800567a       0x2a C:\Users\Than\AppData\Local\Temp\VMBuilds\ColorSensorTest\STM32_genericSTM32F103C\Debug/core.a(usb_regs.c.o)
                0x0800567a                SetEPTxStatus
 .text.ClearDTOG_RX
                0x080056a4       0x20 C:\Users\Than\AppData\Local\Temp\VMBuilds\ColorSensorTest\STM32_genericSTM32F103C\Debug/core.a(usb_regs.c.o)
                0x080056a4                ClearDTOG_RX
 .text.ClearDTOG_TX
                0x080056c4       0x20 C:\Users\Than\AppData\Local\Temp\VMBuilds\ColorSensorTest\STM32_genericSTM32F103C\Debug/core.a(usb_regs.c.o)
                0x080056c4                ClearDTOG_TX
 .text.GetEPTxAddr
                0x080056e4       0x1c C:\Users\Than\AppData\Local\Temp\VMBuilds\ColorSensorTest\STM32_genericSTM32F103C\Debug/core.a(usb_regs.c.o)
                0x080056e4                GetEPTxAddr
 .text.GetEPRxAddr
                0x08005700       0x1c C:\Users\Than\AppData\Local\Temp\VMBuilds\ColorSensorTest\STM32_genericSTM32F103C\Debug/core.a(usb_regs.c.o)
                0x08005700                GetEPRxAddr
 .text.SetEPTxCount
                0x0800571c       0x1c C:\Users\Than\AppData\Local\Temp\VMBuilds\ColorSensorTest\STM32_genericSTM32F103C\Debug/core.a(usb_regs.c.o)
                0x0800571c                SetEPTxCount
 .text.SetEPRxCount
                0x08005738       0x40 C:\Users\Than\AppData\Local\Temp\VMBuilds\ColorSensorTest\STM32_genericSTM32F103C\Debug/core.a(usb_regs.c.o)
                0x08005738                SetEPRxCount
 .text          0x08005778      0x370 c:/users/than/appdata/local/arduino15/packages/arduino/tools/arm-none-eabi-gcc/4.8.3-2014q1/bin/../lib/gcc/arm-none-eabi/4.8.3/armv7-m\libgcc.a(_arm_addsubdf3.o)
                0x08005778                __aeabi_drsub
                0x08005780                __aeabi_dsub
                0x08005780                __subdf3
                0x08005784                __aeabi_dadd
                0x08005784                __adddf3
                0x080059fc                __floatunsidf
                0x080059fc                __aeabi_ui2d
                0x08005a1c                __floatsidf
                0x08005a1c                __aeabi_i2d
                0x08005a40                __aeabi_f2d
                0x08005a40                __extendsfdf2
                0x08005a7c                __floatundidf
                0x08005a7c                __aeabi_ul2d
                0x08005a8c                __floatdidf
                0x08005a8c                __aeabi_l2d
 .text          0x08005ae8      0x424 c:/users/than/appdata/local/arduino15/packages/arduino/tools/arm-none-eabi-gcc/4.8.3-2014q1/bin/../lib/gcc/arm-none-eabi/4.8.3/armv7-m\libgcc.a(_arm_muldivdf3.o)
                0x08005ae8                __aeabi_dmul
                0x08005ae8                __muldf3
                0x08005d3c                __divdf3
                0x08005d3c                __aeabi_ddiv
 .text          0x08005f0c      0x110 c:/users/than/appdata/local/arduino15/packages/arduino/tools/arm-none-eabi-gcc/4.8.3-2014q1/bin/../lib/gcc/arm-none-eabi/4.8.3/armv7-m\libgcc.a(_arm_cmpdf2.o)
                0x08005f0c                __gtdf2
                0x08005f0c                __gedf2
                0x08005f14                __ltdf2
                0x08005f14                __ledf2
                0x08005f1c                __nedf2
                0x08005f1c                __eqdf2
                0x08005f1c                __cmpdf2
                0x08005f98                __aeabi_cdrcmple
                0x08005fa8                __aeabi_cdcmpeq
                0x08005fa8                __aeabi_cdcmple
                0x08005fb8                __aeabi_dcmpeq
                0x08005fcc                __aeabi_dcmplt
                0x08005fe0                __aeabi_dcmple
                0x08005ff4                __aeabi_dcmpge
                0x08006008                __aeabi_dcmpgt
 .text          0x0800601c       0x50 c:/users/than/appdata/local/arduino15/packages/arduino/tools/arm-none-eabi-gcc/4.8.3-2014q1/bin/../lib/gcc/arm-none-eabi/4.8.3/armv7-m\libgcc.a(_arm_fixdfsi.o)
                0x0800601c                __aeabi_d2iz
                0x0800601c                __fixdfsi
 .text          0x0800606c      0x21c c:/users/than/appdata/local/arduino15/packages/arduino/tools/arm-none-eabi-gcc/4.8.3-2014q1/bin/../lib/gcc/arm-none-eabi/4.8.3/armv7-m\libgcc.a(_arm_addsubsf3.o)
                0x0800606c                __aeabi_frsub
                0x08006074                __subsf3
                0x08006074                __aeabi_fsub
                0x08006078                __aeabi_fadd
                0x08006078                __addsf3
                0x080061d8                __aeabi_ui2f
                0x080061d8                __floatunsisf
                0x080061e0                __aeabi_i2f
                0x080061e0                __floatsisf
                0x080061fc                __aeabi_ul2f
                0x080061fc                __floatundisf
                0x0800620c                __aeabi_l2f
                0x0800620c                __floatdisf
 .text          0x08006288      0x2a0 c:/users/than/appdata/local/arduino15/packages/arduino/tools/arm-none-eabi-gcc/4.8.3-2014q1/bin/../lib/gcc/arm-none-eabi/4.8.3/armv7-m\libgcc.a(_arm_muldivsf3.o)
                0x08006288                __mulsf3
                0x08006288                __aeabi_fmul
                0x080063f0                __aeabi_fdiv
                0x080063f0                __divsf3
 .text          0x08006528       0xec c:/users/than/appdata/local/arduino15/packages/arduino/tools/arm-none-eabi-gcc/4.8.3-2014q1/bin/../lib/gcc/arm-none-eabi/4.8.3/armv7-m\libgcc.a(_arm_cmpsf2.o)
                0x08006528                __gesf2
                0x08006528                __gtsf2
                0x08006530                __lesf2
                0x08006530                __ltsf2
                0x08006538                __nesf2
                0x08006538                __eqsf2
                0x08006538                __cmpsf2
                0x08006598                __aeabi_cfrcmple
                0x080065a0                __aeabi_cfcmpeq
                0x080065a0                __aeabi_cfcmple
                0x080065b0                __aeabi_fcmpeq
                0x080065c4                __aeabi_fcmplt
                0x080065d8                __aeabi_fcmple
                0x080065ec                __aeabi_fcmpge
                0x08006600                __aeabi_fcmpgt
 .text          0x08006614       0x4c c:/users/than/appdata/local/arduino15/packages/arduino/tools/arm-none-eabi-gcc/4.8.3-2014q1/bin/../lib/gcc/arm-none-eabi/4.8.3/armv7-m\libgcc.a(_arm_fixsfsi.o)
                0x08006614                __aeabi_f2iz
                0x08006614                __fixsfsi
 .text          0x08006660       0x38 c:/users/than/appdata/local/arduino15/packages/arduino/tools/arm-none-eabi-gcc/4.8.3-2014q1/bin/../lib/gcc/arm-none-eabi/4.8.3/armv7-m\libgcc.a(_aeabi_ldivmod.o)
                0x08006660                __aeabi_ldivmod
 .text          0x08006698       0x2c c:/users/than/appdata/local/arduino15/packages/arduino/tools/arm-none-eabi-gcc/4.8.3-2014q1/bin/../lib/gcc/arm-none-eabi/4.8.3/armv7-m\libgcc.a(_aeabi_uldivmod.o)
                0x08006698                __aeabi_uldivmod
 .text          0x080066c4       0x30 c:/users/than/appdata/local/arduino15/packages/arduino/tools/arm-none-eabi-gcc/4.8.3-2014q1/bin/../lib/gcc/arm-none-eabi/4.8.3/armv7-m\libgcc.a(_fixdfdi.o)
                0x080066c4                __fixdfdi
                0x080066c4                __aeabi_d2lz
 .text          0x080066f4       0x44 c:/users/than/appdata/local/arduino15/packages/arduino/tools/arm-none-eabi-gcc/4.8.3-2014q1/bin/../lib/gcc/arm-none-eabi/4.8.3/armv7-m\libgcc.a(_fixunsdfdi.o)
                0x080066f4                __fixunsdfdi
                0x080066f4                __aeabi_d2ulz
 .text          0x08006738       0x60 c:/users/than/appdata/local/arduino15/packages/arduino/tools/arm-none-eabi-gcc/4.8.3-2014q1/bin/../lib/gcc/arm-none-eabi/4.8.3/armv7-m\libgcc.a(bpabi.o)
                0x08006738                __gnu_ldivmod_helper
                0x08006768                __gnu_uldivmod_helper
 .text          0x08006798        0x4 c:/users/than/appdata/local/arduino15/packages/arduino/tools/arm-none-eabi-gcc/4.8.3-2014q1/bin/../lib/gcc/arm-none-eabi/4.8.3/armv7-m\libgcc.a(_dvmd_tls.o)
                0x08006798                __aeabi_idiv0
                0x08006798                __aeabi_ldiv0
 .text          0x0800679c       0x40 c:/users/than/appdata/local/arduino15/packages/arduino/tools/arm-none-eabi-gcc/4.8.3-2014q1/bin/../lib/gcc/arm-none-eabi/4.8.3/armv7-m\libgcc.a(_arm_fixunsdfsi.o)
                0x0800679c                __aeabi_d2uiz
                0x0800679c                __fixunsdfsi
 .text          0x080067dc      0x2a0 c:/users/than/appdata/local/arduino15/packages/arduino/tools/arm-none-eabi-gcc/4.8.3-2014q1/bin/../lib/gcc/arm-none-eabi/4.8.3/armv7-m\libgcc.a(_divdi3.o)
                0x080067dc                __divdi3
 .text          0x08006a7c      0x290 c:/users/than/appdata/local/arduino15/packages/arduino/tools/arm-none-eabi-gcc/4.8.3-2014q1/bin/../lib/gcc/arm-none-eabi/4.8.3/armv7-m\libgcc.a(_udivdi3.o)
                0x08006a7c                __udivdi3
 .text.__errno  0x08006d0c        0xc c:/users/than/appdata/local/arduino15/packages/arduino/tools/arm-none-eabi-gcc/4.8.3-2014q1/bin/../lib/gcc/arm-none-eabi/4.8.3/../../../../arm-none-eabi/lib/armv7-m\libc.a(lib_a-errno.o)
                0x08006d0c                __errno
 .text.exit     0x08006d18       0x20 c:/users/than/appdata/local/arduino15/packages/arduino/tools/arm-none-eabi-gcc/4.8.3-2014q1/bin/../lib/gcc/arm-none-eabi/4.8.3/../../../../arm-none-eabi/lib/armv7-m\libc.a(lib_a-exit.o)
                0x08006d18                exit
 .text.__libc_init_array
                0x08006d38       0x50 c:/users/than/appdata/local/arduino15/packages/arduino/tools/arm-none-eabi-gcc/4.8.3-2014q1/bin/../lib/gcc/arm-none-eabi/4.8.3/../../../../arm-none-eabi/lib/armv7-m\libc.a(lib_a-init.o)
                0x08006d38                __libc_init_array
 .text.malloc   0x08006d88       0x10 c:/users/than/appdata/local/arduino15/packages/arduino/tools/arm-none-eabi-gcc/4.8.3-2014q1/bin/../lib/gcc/arm-none-eabi/4.8.3/../../../../arm-none-eabi/lib/armv7-m\libc.a(lib_a-malloc.o)
                0x08006d88                malloc
 .text.free     0x08006d98       0x10 c:/users/than/appdata/local/arduino15/packages/arduino/tools/arm-none-eabi-gcc/4.8.3-2014q1/bin/../lib/gcc/arm-none-eabi/4.8.3/../../../../arm-none-eabi/lib/armv7-m\libc.a(lib_a-malloc.o)
                0x08006d98                free
 .text._malloc_r
                0x08006da8      0x538 c:/users/than/appdata/local/arduino15/packages/arduino/tools/arm-none-eabi-gcc/4.8.3-2014q1/bin/../lib/gcc/arm-none-eabi/4.8.3/../../../../arm-none-eabi/lib/armv7-m\libc.a(lib_a-mallocr.o)
                0x08006da8                _malloc_r
 .text          0x080072e0       0xec c:/users/than/appdata/local/arduino15/packages/arduino/tools/arm-none-eabi-gcc/4.8.3-2014q1/bin/../lib/gcc/arm-none-eabi/4.8.3/../../../../arm-none-eabi/lib/armv7-m\libc.a(lib_a-memcpy.o)
                0x080072e0                memcpy
 .text.memmove  0x080073cc       0xcc c:/users/than/appdata/local/arduino15/packages/arduino/tools/arm-none-eabi-gcc/4.8.3-2014q1/bin/../lib/gcc/arm-none-eabi/4.8.3/../../../../arm-none-eabi/lib/armv7-m\libc.a(lib_a-memmove.o)
                0x080073cc                memmove
 .text.memset   0x08007498       0x94 c:/users/than/appdata/local/arduino15/packages/arduino/tools/arm-none-eabi-gcc/4.8.3-2014q1/bin/../lib/gcc/arm-none-eabi/4.8.3/../../../../arm-none-eabi/lib/armv7-m\libc.a(lib_a-memset.o)
                0x08007498                memset
 .text.__malloc_lock
                0x0800752c        0x4 c:/users/than/appdata/local/arduino15/packages/arduino/tools/arm-none-eabi-gcc/4.8.3-2014q1/bin/../lib/gcc/arm-none-eabi/4.8.3/../../../../arm-none-eabi/lib/armv7-m\libc.a(lib_a-mlock.o)
                0x0800752c                __malloc_lock
 .text.__malloc_unlock
                0x08007530        0x4 c:/users/than/appdata/local/arduino15/packages/arduino/tools/arm-none-eabi-gcc/4.8.3-2014q1/bin/../lib/gcc/arm-none-eabi/4.8.3/../../../../arm-none-eabi/lib/armv7-m\libc.a(lib_a-mlock.o)
                0x08007530                __malloc_unlock
 .text.realloc  0x08007534       0x10 c:/users/than/appdata/local/arduino15/packages/arduino/tools/arm-none-eabi-gcc/4.8.3-2014q1/bin/../lib/gcc/arm-none-eabi/4.8.3/../../../../arm-none-eabi/lib/armv7-m\libc.a(lib_a-realloc.o)
                0x08007534                realloc
 .text._realloc_r
                0x08007544      0x3c0 c:/users/than/appdata/local/arduino15/packages/arduino/tools/arm-none-eabi-gcc/4.8.3-2014q1/bin/../lib/gcc/arm-none-eabi/4.8.3/../../../../arm-none-eabi/lib/armv7-m\libc.a(lib_a-reallocr.o)
                0x08007544                _realloc_r
 .text._sbrk_r  0x08007904       0x24 c:/users/than/appdata/local/arduino15/packages/arduino/tools/arm-none-eabi-gcc/4.8.3-2014q1/bin/../lib/gcc/arm-none-eabi/4.8.3/../../../../arm-none-eabi/lib/armv7-m\libc.a(lib_a-sbrkr.o)
                0x08007904                _sbrk_r
 .text.sprintf  0x08007928       0x4c c:/users/than/appdata/local/arduino15/packages/arduino/tools/arm-none-eabi-gcc/4.8.3-2014q1/bin/../lib/gcc/arm-none-eabi/4.8.3/../../../../arm-none-eabi/lib/armv7-m\libc.a(lib_a-sprintf.o)
                0x08007928                sprintf
 .text.strcpy   0x08007974       0xbc c:/users/than/appdata/local/arduino15/packages/arduino/tools/arm-none-eabi-gcc/4.8.3-2014q1/bin/../lib/gcc/arm-none-eabi/4.8.3/../../../../arm-none-eabi/lib/armv7-m\libc.a(lib_a-strcpy.o)
                0x08007974                strcpy
 .text.strlen   0x08007a30       0x60 c:/users/than/appdata/local/arduino15/packages/arduino/tools/arm-none-eabi-gcc/4.8.3-2014q1/bin/../lib/gcc/arm-none-eabi/4.8.3/../../../../arm-none-eabi/lib/armv7-m\libc.a(lib_a-strlen.o)
                0x08007a30                strlen
 .text._svfprintf_r
                0x08007a90     0x14e0 c:/users/than/appdata/local/arduino15/packages/arduino/tools/arm-none-eabi-gcc/4.8.3-2014q1/bin/../lib/gcc/arm-none-eabi/4.8.3/../../../../arm-none-eabi/lib/armv7-m\libc.a(lib_a-svfprintf.o)
                0x08007a90                _svfprintf_r
 .text.startup.register_fini
                0x08008f70       0x14 c:/users/than/appdata/local/arduino15/packages/arduino/tools/arm-none-eabi-gcc/4.8.3-2014q1/bin/../lib/gcc/arm-none-eabi/4.8.3/../../../../arm-none-eabi/lib/armv7-m\libc.a(lib_a-__call_atexit.o)
 .text.__call_exitprocs
                0x08008f84       0xf0 c:/users/than/appdata/local/arduino15/packages/arduino/tools/arm-none-eabi-gcc/4.8.3-2014q1/bin/../lib/gcc/arm-none-eabi/4.8.3/../../../../arm-none-eabi/lib/armv7-m\libc.a(lib_a-__call_atexit.o)
                0x08008f84                __call_exitprocs
 .text.atexit   0x08009074        0xc c:/users/than/appdata/local/arduino15/packages/arduino/tools/arm-none-eabi-gcc/4.8.3-2014q1/bin/../lib/gcc/arm-none-eabi/4.8.3/../../../../arm-none-eabi/lib/armv7-m\libc.a(lib_a-atexit.o)
                0x08009074                atexit
 .text.quorem   0x08009080      0x134 c:/users/than/appdata/local/arduino15/packages/arduino/tools/arm-none-eabi-gcc/4.8.3-2014q1/bin/../lib/gcc/arm-none-eabi/4.8.3/../../../../arm-none-eabi/lib/armv7-m\libc.a(lib_a-dtoa.o)
 *fill*         0x080091b4        0x4 
 .text._dtoa_r  0x080091b8      0xe38 c:/users/than/appdata/local/arduino15/packages/arduino/tools/arm-none-eabi-gcc/4.8.3-2014q1/bin/../lib/gcc/arm-none-eabi/4.8.3/../../../../arm-none-eabi/lib/armv7-m\libc.a(lib_a-dtoa.o)
                0x080091b8                _dtoa_r
 .text.__libc_fini_array
                0x08009ff0       0x30 c:/users/than/appdata/local/arduino15/packages/arduino/tools/arm-none-eabi-gcc/4.8.3-2014q1/bin/../lib/gcc/arm-none-eabi/4.8.3/../../../../arm-none-eabi/lib/armv7-m\libc.a(lib_a-fini.o)
                0x08009ff0                __libc_fini_array
 .text._malloc_trim_r
                0x0800a020       0x9c c:/users/than/appdata/local/arduino15/packages/arduino/tools/arm-none-eabi-gcc/4.8.3-2014q1/bin/../lib/gcc/arm-none-eabi/4.8.3/../../../../arm-none-eabi/lib/armv7-m\libc.a(lib_a-freer.o)
                0x0800a020                _malloc_trim_r
 .text._free_r  0x0800a0bc      0x198 c:/users/than/appdata/local/arduino15/packages/arduino/tools/arm-none-eabi-gcc/4.8.3-2014q1/bin/../lib/gcc/arm-none-eabi/4.8.3/../../../../arm-none-eabi/lib/armv7-m\libc.a(lib_a-freer.o)
                0x0800a0bc                _free_r
 .text._localeconv_r
                0x0800a254        0x8 c:/users/than/appdata/local/arduino15/packages/arduino/tools/arm-none-eabi-gcc/4.8.3-2014q1/bin/../lib/gcc/arm-none-eabi/4.8.3/../../../../arm-none-eabi/lib/armv7-m\libc.a(lib_a-locale.o)
                0x0800a254                _localeconv_r
 .text.memchr   0x0800a25c       0x94 c:/users/than/appdata/local/arduino15/packages/arduino/tools/arm-none-eabi-gcc/4.8.3-2014q1/bin/../lib/gcc/arm-none-eabi/4.8.3/../../../../arm-none-eabi/lib/armv7-m\libc.a(lib_a-memchr-stub.o)
                0x0800a25c                memchr
 .text._Balloc  0x0800a2f0       0x4c c:/users/than/appdata/local/arduino15/packages/arduino/tools/arm-none-eabi-gcc/4.8.3-2014q1/bin/../lib/gcc/arm-none-eabi/4.8.3/../../../../arm-none-eabi/lib/armv7-m\libc.a(lib_a-mprec.o)
                0x0800a2f0                _Balloc
 .text._Bfree   0x0800a33c       0x14 c:/users/than/appdata/local/arduino15/packages/arduino/tools/arm-none-eabi-gcc/4.8.3-2014q1/bin/../lib/gcc/arm-none-eabi/4.8.3/../../../../arm-none-eabi/lib/armv7-m\libc.a(lib_a-mprec.o)
                0x0800a33c                _Bfree
 .text.__multadd
                0x0800a350       0x94 c:/users/than/appdata/local/arduino15/packages/arduino/tools/arm-none-eabi-gcc/4.8.3-2014q1/bin/../lib/gcc/arm-none-eabi/4.8.3/../../../../arm-none-eabi/lib/armv7-m\libc.a(lib_a-mprec.o)
                0x0800a350                __multadd
 .text.__hi0bits
                0x0800a3e4       0x40 c:/users/than/appdata/local/arduino15/packages/arduino/tools/arm-none-eabi-gcc/4.8.3-2014q1/bin/../lib/gcc/arm-none-eabi/4.8.3/../../../../arm-none-eabi/lib/armv7-m\libc.a(lib_a-mprec.o)
                0x0800a3e4                __hi0bits
 .text.__lo0bits
                0x0800a424       0x5c c:/users/than/appdata/local/arduino15/packages/arduino/tools/arm-none-eabi-gcc/4.8.3-2014q1/bin/../lib/gcc/arm-none-eabi/4.8.3/../../../../arm-none-eabi/lib/armv7-m\libc.a(lib_a-mprec.o)
                0x0800a424                __lo0bits
 .text.__i2b    0x0800a480       0x14 c:/users/than/appdata/local/arduino15/packages/arduino/tools/arm-none-eabi-gcc/4.8.3-2014q1/bin/../lib/gcc/arm-none-eabi/4.8.3/../../../../arm-none-eabi/lib/armv7-m\libc.a(lib_a-mprec.o)
                0x0800a480                __i2b
 .text.__multiply
                0x0800a494      0x13c c:/users/than/appdata/local/arduino15/packages/arduino/tools/arm-none-eabi-gcc/4.8.3-2014q1/bin/../lib/gcc/arm-none-eabi/4.8.3/../../../../arm-none-eabi/lib/armv7-m\libc.a(lib_a-mprec.o)
                0x0800a494                __multiply
 .text.__pow5mult
                0x0800a5d0       0x9c c:/users/than/appdata/local/arduino15/packages/arduino/tools/arm-none-eabi-gcc/4.8.3-2014q1/bin/../lib/gcc/arm-none-eabi/4.8.3/../../../../arm-none-eabi/lib/armv7-m\libc.a(lib_a-mprec.o)
                0x0800a5d0                __pow5mult
 .text.__lshift
                0x0800a66c       0xbc c:/users/than/appdata/local/arduino15/packages/arduino/tools/arm-none-eabi-gcc/4.8.3-2014q1/bin/../lib/gcc/arm-none-eabi/4.8.3/../../../../arm-none-eabi/lib/armv7-m\libc.a(lib_a-mprec.o)
                0x0800a66c                __lshift
 .text.__mcmp   0x0800a728       0x48 c:/users/than/appdata/local/arduino15/packages/arduino/tools/arm-none-eabi-gcc/4.8.3-2014q1/bin/../lib/gcc/arm-none-eabi/4.8.3/../../../../arm-none-eabi/lib/armv7-m\libc.a(lib_a-mprec.o)
                0x0800a728                __mcmp
 .text.__mdiff  0x0800a770       0xd8 c:/users/than/appdata/local/arduino15/packages/arduino/tools/arm-none-eabi-gcc/4.8.3-2014q1/bin/../lib/gcc/arm-none-eabi/4.8.3/../../../../arm-none-eabi/lib/armv7-m\libc.a(lib_a-mprec.o)
                0x0800a770                __mdiff
 .text.__d2b    0x0800a848       0xbc c:/users/than/appdata/local/arduino15/packages/arduino/tools/arm-none-eabi-gcc/4.8.3-2014q1/bin/../lib/gcc/arm-none-eabi/4.8.3/../../../../arm-none-eabi/lib/armv7-m\libc.a(lib_a-mprec.o)
                0x0800a848                __d2b
 .text.__fpclassifyd
                0x0800a904       0x50 c:/users/than/appdata/local/arduino15/packages/arduino/tools/arm-none-eabi-gcc/4.8.3-2014q1/bin/../lib/gcc/arm-none-eabi/4.8.3/../../../../arm-none-eabi/lib/armv7-m\libc.a(lib_a-s_fpclassify.o)
                0x0800a904                __fpclassifyd
 .text.__ssprint_r
                0x0800a954      0x100 c:/users/than/appdata/local/arduino15/packages/arduino/tools/arm-none-eabi-gcc/4.8.3-2014q1/bin/../lib/gcc/arm-none-eabi/4.8.3/../../../../arm-none-eabi/lib/armv7-m\libc.a(lib_a-svfiprintf.o)
                0x0800a954                __ssprint_r
 .text.__register_exitproc
                0x0800aa54       0xa8 c:/users/than/appdata/local/arduino15/packages/arduino/tools/arm-none-eabi-gcc/4.8.3-2014q1/bin/../lib/gcc/arm-none-eabi/4.8.3/../../../../arm-none-eabi/lib/armv7-m\libc.a(lib_a-__atexit.o)
                0x0800aa54                __register_exitproc
 .text._calloc_r
                0x0800aafc       0x60 c:/users/than/appdata/local/arduino15/packages/arduino/tools/arm-none-eabi-gcc/4.8.3-2014q1/bin/../lib/gcc/arm-none-eabi/4.8.3/../../../../arm-none-eabi/lib/armv7-m\libc.a(lib_a-callocr.o)
                0x0800aafc                _calloc_r
 *(.plt)
 *(.gnu.warning)
 *(.glue_7t)
 .glue_7t       0x00000000        0x0 linker stubs
 *(.glue_7)
 .glue_7        0x00000000        0x0 linker stubs
 *(.vfp11_veneer)
 .vfp11_veneer  0x00000000        0x0 linker stubs
 *(.ARM.extab* .gnu.linkonce.armextab.*)
 *(.gcc_except_table)
 *(.eh_frame_hdr)
 *(.eh_frame)
 .eh_frame      0x0800ab5c        0x0 c:/users/than/appdata/local/arduino15/packages/arduino/tools/arm-none-eabi-gcc/4.8.3-2014q1/bin/../lib/gcc/arm-none-eabi/4.8.3/armv7-m/crtbegin.o
                0x0800ab5c                . = ALIGN (0x4)
 *(.init)
 .init          0x0800ab5c        0x4 c:/users/than/appdata/local/arduino15/packages/arduino/tools/arm-none-eabi-gcc/4.8.3-2014q1/bin/../lib/gcc/arm-none-eabi/4.8.3/armv7-m/crti.o
                0x0800ab5c                _init
 .init          0x0800ab60        0x8 c:/users/than/appdata/local/arduino15/packages/arduino/tools/arm-none-eabi-gcc/4.8.3-2014q1/bin/../lib/gcc/arm-none-eabi/4.8.3/armv7-m/crtn.o
                0x0800ab68                . = ALIGN (0x4)
                0x0800ab68                __preinit_array_start = .
 *(.preinit_array)
                0x0800ab68                __preinit_array_end = .
                0x0800ab68                . = ALIGN (0x4)
                0x0800ab68                __init_array_start = .
 *(SORT(.init_array.*))
 .init_array.00000
                0x0800ab68        0x4 c:/users/than/appdata/local/arduino15/packages/arduino/tools/arm-none-eabi-gcc/4.8.3-2014q1/bin/../lib/gcc/arm-none-eabi/4.8.3/../../../../arm-none-eabi/lib/armv7-m\libc.a(lib_a-__call_atexit.o)
 .init_array.00101
                0x0800ab6c        0x4 C:\Users\Than\AppData\Local\Temp\VMBuilds\ColorSensorTest\STM32_genericSTM32F103C\Debug/core.a(main.cpp.o)
 *(.init_array)
 .init_array    0x0800ab70        0x4 c:/users/than/appdata/local/arduino15/packages/arduino/tools/arm-none-eabi-gcc/4.8.3-2014q1/bin/../lib/gcc/arm-none-eabi/4.8.3/armv7-m/crtbegin.o
 .init_array    0x0800ab74        0x4 C:\Users\Than\AppData\Local\Temp\VMBuilds\ColorSensorTest\STM32_genericSTM32F103C\Debug\ColorSensorTest.cpp.o
 .init_array    0x0800ab78        0x4 C:\Users\Than\AppData\Local\Temp\VMBuilds\ColorSensorTest\STM32_genericSTM32F103C\Debug\variant\board.cpp.o
 .init_array    0x0800ab7c        0x4 C:\Users\Than\AppData\Local\Temp\VMBuilds\ColorSensorTest\STM32_genericSTM32F103C\Debug/core.a(usb_serial.cpp.o)
                0x0800ab80                __init_array_end = .
                0x0800ab80                . = ALIGN (0x4)
 *crtbegin.o(.ctors)
 *(EXCLUDE_FILE(*crtend.o) .ctors)
 *(SORT(.ctors.*))
 *crtend.o(.ctors)
                0x0800ab80                . = ALIGN (0x4)
 *(.fini)
 .fini          0x0800ab80        0x4 c:/users/than/appdata/local/arduino15/packages/arduino/tools/arm-none-eabi-gcc/4.8.3-2014q1/bin/../lib/gcc/arm-none-eabi/4.8.3/armv7-m/crti.o
                0x0800ab80                _fini
 .fini          0x0800ab84        0x8 c:/users/than/appdata/local/arduino15/packages/arduino/tools/arm-none-eabi-gcc/4.8.3-2014q1/bin/../lib/gcc/arm-none-eabi/4.8.3/armv7-m/crtn.o
                0x0800ab8c                . = ALIGN (0x4)
                0x0800ab8c                __fini_array_start = .
 *(.fini_array)
 .fini_array    0x0800ab8c        0x4 c:/users/than/appdata/local/arduino15/packages/arduino/tools/arm-none-eabi-gcc/4.8.3-2014q1/bin/../lib/gcc/arm-none-eabi/4.8.3/armv7-m/crtbegin.o
 *(SORT(.fini_array.*))
                0x0800ab90                __fini_array_end = .
 *crtbegin.o(.dtors)
 *(EXCLUDE_FILE(*crtend.o) .dtors)
 *(SORT(.dtors.*))
 *crtend.o(.dtors)

.v4_bx          0x0800ab90        0x0
 .v4_bx         0x00000000        0x0 linker stubs

.iplt           0x0800ab90        0x0
 .iplt          0x00000000        0x0 c:/users/than/appdata/local/arduino15/packages/arduino/tools/arm-none-eabi-gcc/4.8.3-2014q1/bin/../lib/gcc/arm-none-eabi/4.8.3/armv7-m/crtbegin.o

.text.align     0x0800ab90        0x0
                0x0800ab90                . = ALIGN (0x8)
                0x0800ab90                __text_end__ = .
                0x0800ab90                __exidx_start = .

.ARM.exidx      0x0800ab90        0x8
 *(.ARM.exidx* .gnu.linkonce.armexidx.*)
 .ARM.exidx     0x0800ab90        0x8 C:\Users\Than\AppData\Local\Temp\VMBuilds\ColorSensorTest\STM32_genericSTM32F103C\Debug\variant\start.S.o
 .ARM.exidx     0x0800ab98        0x0 c:/users/than/appdata/local/arduino15/packages/arduino/tools/arm-none-eabi-gcc/4.8.3-2014q1/bin/../lib/gcc/arm-none-eabi/4.8.3/armv7-m\libgcc.a(_divdi3.o)
                                  0x8 (size before relaxing)
 .ARM.exidx     0x0800ab98        0x0 c:/users/than/appdata/local/arduino15/packages/arduino/tools/arm-none-eabi-gcc/4.8.3-2014q1/bin/../lib/gcc/arm-none-eabi/4.8.3/armv7-m\libgcc.a(_udivdi3.o)
                                  0x8 (size before relaxing)
                0x0800ab98                __exidx_end = .

.data           0x20000000      0xc28 load address 0x0800ab98
                0x20000000                __data_start__ = .
                0x20000000        0x4 LONG 0x0
                0x20000008                . = ALIGN (0x8)
 *fill*         0x20000004        0x4 
 *(.got.plt)
 *(.got)
 *(.data .data.* .gnu.linkonce.d.*)
 .data._ZN6wirish4privL8pll_dataE
                0x20000008        0x4 C:\Users\Than\AppData\Local\Temp\VMBuilds\ColorSensorTest\STM32_genericSTM32F103C\Debug\variant\boards_setup.cpp.o
 .data._ZN6wirish4priv9w_adc_smpE
                0x2000000c        0x1 C:\Users\Than\AppData\Local\Temp\VMBuilds\ColorSensorTest\STM32_genericSTM32F103C\Debug\variant\boards_setup.cpp.o
                0x2000000c                wirish::priv::w_adc_smp
 *fill*         0x2000000d        0x1 
 .data._ZN6wirish4priv9w_adc_preE
                0x2000000e        0x2 C:\Users\Than\AppData\Local\Temp\VMBuilds\ColorSensorTest\STM32_genericSTM32F103C\Debug\variant\boards_setup.cpp.o
                0x2000000e                wirish::priv::w_adc_pre
 .data._ZN6wirish4priv15w_board_pll_cfgE
                0x20000010        0x8 C:\Users\Than\AppData\Local\Temp\VMBuilds\ColorSensorTest\STM32_genericSTM32F103C\Debug\variant\boards_setup.cpp.o
                0x20000010                wirish::priv::w_board_pll_cfg
 .data.adc2     0x20000018        0x8 C:\Users\Than\AppData\Local\Temp\VMBuilds\ColorSensorTest\STM32_genericSTM32F103C\Debug/core.a(adc_f1.c.o)
                0x20000018                adc2
 .data.adc1     0x20000020       0x18 C:\Users\Than\AppData\Local\Temp\VMBuilds\ColorSensorTest\STM32_genericSTM32F103C\Debug/core.a(adc_f1.c.o)
                0x20000020                adc1
 .data.ADC2     0x20000038        0x4 C:\Users\Than\AppData\Local\Temp\VMBuilds\ColorSensorTest\STM32_genericSTM32F103C\Debug/core.a(adc_f1.c.o)
                0x20000038                ADC2
 .data.ADC1     0x2000003c        0x4 C:\Users\Than\AppData\Local\Temp\VMBuilds\ColorSensorTest\STM32_genericSTM32F103C\Debug/core.a(adc_f1.c.o)
                0x2000003c                ADC1
 .data.gpioa    0x20000040        0x8 C:\Users\Than\AppData\Local\Temp\VMBuilds\ColorSensorTest\STM32_genericSTM32F103C\Debug/core.a(gpio_f1.c.o)
                0x20000040                gpioa
 .data.gpiob    0x20000048        0x8 C:\Users\Than\AppData\Local\Temp\VMBuilds\ColorSensorTest\STM32_genericSTM32F103C\Debug/core.a(gpio_f1.c.o)
                0x20000048                gpiob
 .data.gpioc    0x20000050        0x8 C:\Users\Than\AppData\Local\Temp\VMBuilds\ColorSensorTest\STM32_genericSTM32F103C\Debug/core.a(gpio_f1.c.o)
                0x20000050                gpioc
 .data.gpiod    0x20000058        0x8 C:\Users\Than\AppData\Local\Temp\VMBuilds\ColorSensorTest\STM32_genericSTM32F103C\Debug/core.a(gpio_f1.c.o)
                0x20000058                gpiod
 .data.enable_regs.4411
                0x20000060        0xc C:\Users\Than\AppData\Local\Temp\VMBuilds\ColorSensorTest\STM32_genericSTM32F103C\Debug/core.a(rcc_f1.c.o)
 .data.reset_regs.4415
                0x2000006c        0x8 C:\Users\Than\AppData\Local\Temp\VMBuilds\ColorSensorTest\STM32_genericSTM32F103C\Debug/core.a(rcc_f1.c.o)
 .data.enable_regs.4424
                0x20000074        0xc C:\Users\Than\AppData\Local\Temp\VMBuilds\ColorSensorTest\STM32_genericSTM32F103C\Debug/core.a(rcc_f1.c.o)
 .data.timer3   0x20000080       0x24 C:\Users\Than\AppData\Local\Temp\VMBuilds\ColorSensorTest\STM32_genericSTM32F103C\Debug/core.a(timer.c.o)
                0x20000080                timer3
 .data.timer4   0x200000a4       0x24 C:\Users\Than\AppData\Local\Temp\VMBuilds\ColorSensorTest\STM32_genericSTM32F103C\Debug/core.a(timer.c.o)
                0x200000a4                timer4
 .data.timer1   0x200000c8       0x28 C:\Users\Than\AppData\Local\Temp\VMBuilds\ColorSensorTest\STM32_genericSTM32F103C\Debug/core.a(timer.c.o)
                0x200000c8                timer1
 .data.timer2   0x200000f0       0x24 C:\Users\Than\AppData\Local\Temp\VMBuilds\ColorSensorTest\STM32_genericSTM32F103C\Debug/core.a(timer.c.o)
                0x200000f0                timer2
 .data.USART1   0x20000114        0x4 C:\Users\Than\AppData\Local\Temp\VMBuilds\ColorSensorTest\STM32_genericSTM32F103C\Debug/core.a(usart_f1.c.o)
                0x20000114                USART1
 .data.USART2   0x20000118        0x4 C:\Users\Than\AppData\Local\Temp\VMBuilds\ColorSensorTest\STM32_genericSTM32F103C\Debug/core.a(usart_f1.c.o)
                0x20000118                USART2
 .data.USART3   0x2000011c        0x4 C:\Users\Than\AppData\Local\Temp\VMBuilds\ColorSensorTest\STM32_genericSTM32F103C\Debug/core.a(usart_f1.c.o)
                0x2000011c                USART3
 .data.usart1   0x20000120       0x94 C:\Users\Than\AppData\Local\Temp\VMBuilds\ColorSensorTest\STM32_genericSTM32F103C\Debug/core.a(usart_f1.c.o)
 .data.usart2   0x200001b4       0x94 C:\Users\Than\AppData\Local\Temp\VMBuilds\ColorSensorTest\STM32_genericSTM32F103C\Debug/core.a(usart_f1.c.o)
 .data.usart3   0x20000248       0x94 C:\Users\Than\AppData\Local\Temp\VMBuilds\ColorSensorTest\STM32_genericSTM32F103C\Debug/core.a(usart_f1.c.o)
 .data.USBLIB   0x200002dc        0x4 C:\Users\Than\AppData\Local\Temp\VMBuilds\ColorSensorTest\STM32_genericSTM32F103C\Debug/core.a(usb.c.o)
                0x200002dc                USBLIB
 .data.usblib   0x200002e0       0x10 C:\Users\Than\AppData\Local\Temp\VMBuilds\ColorSensorTest\STM32_genericSTM32F103C\Debug/core.a(usb.c.o)
 .data.Config_Descriptor
                0x200002f0        0x8 C:\Users\Than\AppData\Local\Temp\VMBuilds\ColorSensorTest\STM32_genericSTM32F103C\Debug/core.a(usb_cdcacm.c.o)
 .data.Device_Property
                0x200002f8       0x30 C:\Users\Than\AppData\Local\Temp\VMBuilds\ColorSensorTest\STM32_genericSTM32F103C\Debug/core.a(usb_cdcacm.c.o)
                0x200002f8                Device_Property
 .data.ep_int_in
                0x20000328       0x1c C:\Users\Than\AppData\Local\Temp\VMBuilds\ColorSensorTest\STM32_genericSTM32F103C\Debug/core.a(usb_cdcacm.c.o)
 .data.String_Descriptor
                0x20000344       0x18 C:\Users\Than\AppData\Local\Temp\VMBuilds\ColorSensorTest\STM32_genericSTM32F103C\Debug/core.a(usb_cdcacm.c.o)
 .data.ep_int_out
                0x2000035c       0x1c C:\Users\Than\AppData\Local\Temp\VMBuilds\ColorSensorTest\STM32_genericSTM32F103C\Debug/core.a(usb_cdcacm.c.o)
 .data.line_coding
                0x20000378        0x7 C:\Users\Than\AppData\Local\Temp\VMBuilds\ColorSensorTest\STM32_genericSTM32F103C\Debug/core.a(usb_cdcacm.c.o)
 *fill*         0x2000037f        0x1 
 .data.User_Standard_Requests
                0x20000380       0x24 C:\Users\Than\AppData\Local\Temp\VMBuilds\ColorSensorTest\STM32_genericSTM32F103C\Debug/core.a(usb_cdcacm.c.o)
                0x20000380                User_Standard_Requests
 .data.Device_Descriptor
                0x200003a4        0x8 C:\Users\Than\AppData\Local\Temp\VMBuilds\ColorSensorTest\STM32_genericSTM32F103C\Debug/core.a(usb_cdcacm.c.o)
 .data.Device_Table
                0x200003ac        0x2 C:\Users\Than\AppData\Local\Temp\VMBuilds\ColorSensorTest\STM32_genericSTM32F103C\Debug/core.a(usb_cdcacm.c.o)
                0x200003ac                Device_Table
 *fill*         0x200003ae        0x2 
 .data.impure_data
                0x200003b0      0x428 c:/users/than/appdata/local/arduino15/packages/arduino/tools/arm-none-eabi-gcc/4.8.3-2014q1/bin/../lib/gcc/arm-none-eabi/4.8.3/../../../../arm-none-eabi/lib/armv7-m\libc.a(lib_a-impure.o)
 .data._impure_ptr
                0x200007d8        0x4 c:/users/than/appdata/local/arduino15/packages/arduino/tools/arm-none-eabi-gcc/4.8.3-2014q1/bin/../lib/gcc/arm-none-eabi/4.8.3/../../../../arm-none-eabi/lib/armv7-m\libc.a(lib_a-impure.o)
                0x200007d8                _impure_ptr
 .data.__malloc_av_
                0x200007dc      0x408 c:/users/than/appdata/local/arduino15/packages/arduino/tools/arm-none-eabi-gcc/4.8.3-2014q1/bin/../lib/gcc/arm-none-eabi/4.8.3/../../../../arm-none-eabi/lib/armv7-m\libc.a(lib_a-mallocr.o)
                0x200007dc                __malloc_av_
 .data.__malloc_trim_threshold
                0x20000be4        0x4 c:/users/than/appdata/local/arduino15/packages/arduino/tools/arm-none-eabi-gcc/4.8.3-2014q1/bin/../lib/gcc/arm-none-eabi/4.8.3/../../../../arm-none-eabi/lib/armv7-m\libc.a(lib_a-mallocr.o)
                0x20000be4                __malloc_trim_threshold
 .data.__malloc_sbrk_base
                0x20000be8        0x4 c:/users/than/appdata/local/arduino15/packages/arduino/tools/arm-none-eabi-gcc/4.8.3-2014q1/bin/../lib/gcc/arm-none-eabi/4.8.3/../../../../arm-none-eabi/lib/armv7-m\libc.a(lib_a-mallocr.o)
                0x20000be8                __malloc_sbrk_base
 .data.lconv    0x20000bec       0x38 c:/users/than/appdata/local/arduino15/packages/arduino/tools/arm-none-eabi-gcc/4.8.3-2014q1/bin/../lib/gcc/arm-none-eabi/4.8.3/../../../../arm-none-eabi/lib/armv7-m\libc.a(lib_a-locale.o)
                0x20000c28                . = ALIGN (0x8)
 *fill*         0x20000c24        0x4 
                0x20000c28                __data_end__ = .

.jcr            0x20000c28        0x0 load address 0x0800b7c0
 .jcr           0x20000c28        0x0 c:/users/than/appdata/local/arduino15/packages/arduino/tools/arm-none-eabi-gcc/4.8.3-2014q1/bin/../lib/gcc/arm-none-eabi/4.8.3/armv7-m/crtbegin.o

.igot.plt       0x20000c28        0x0 load address 0x0800b7c0
 .igot.plt      0x00000000        0x0 c:/users/than/appdata/local/arduino15/packages/arduino/tools/arm-none-eabi-gcc/4.8.3-2014q1/bin/../lib/gcc/arm-none-eabi/4.8.3/armv7-m/crtbegin.o

.rodata         0x0800b7c0      0x568
 *(.rodata .rodata.* .gnu.linkonce.r.*)
 .rodata.str1.1
                0x0800b7c0       0x52 C:\Users\Than\AppData\Local\Temp\VMBuilds\ColorSensorTest\STM32_genericSTM32F103C\Debug\ColorSensorTest.cpp.o
 *fill*         0x0800b812        0x2 
 .rodata.PIN_MAP
                0x0800b814      0x230 C:\Users\Than\AppData\Local\Temp\VMBuilds\ColorSensorTest\STM32_genericSTM32F103C\Debug\variant\board.cpp.o
                0x0800b814                PIN_MAP
 .rodata.GPIOC  0x0800ba44        0x4 C:\Users\Than\AppData\Local\Temp\VMBuilds\ColorSensorTest\STM32_genericSTM32F103C\Debug/core.a(gpio_f1.c.o)
                0x0800ba44                GPIOC
 .rodata.rcc_dev_table
                0x0800ba48       0x5c C:\Users\Than\AppData\Local\Temp\VMBuilds\ColorSensorTest\STM32_genericSTM32F103C\Debug/core.a(rcc_f1.c.o)
                0x0800ba48                rcc_dev_table
 .rodata.masks.4420
                0x0800baa4       0x14 C:\Users\Than\AppData\Local\Temp\VMBuilds\ColorSensorTest\STM32_genericSTM32F103C\Debug/core.a(rcc_f1.c.o)
 .rodata._ZTV14HardwareSerial
                0x0800bab8       0x28 C:\Users\Than\AppData\Local\Temp\VMBuilds\ColorSensorTest\STM32_genericSTM32F103C\Debug/core.a(HardwareSerial.cpp.o)
                0x0800bab8                vtable for HardwareSerial
 .rodata.str1.1
                0x0800bae0       0x11 C:\Users\Than\AppData\Local\Temp\VMBuilds\ColorSensorTest\STM32_genericSTM32F103C\Debug/core.a(Print.cpp.o)
 *fill*         0x0800baf1        0x7 
 .rodata._ZTV9USBSerial
                0x0800baf8       0x28 C:\Users\Than\AppData\Local\Temp\VMBuilds\ColorSensorTest\STM32_genericSTM32F103C\Debug/core.a(usb_serial.cpp.o)
                0x0800baf8                vtable for USBSerial
 .rodata.str1.1
                0x0800bb20        0x9 C:\Users\Than\AppData\Local\Temp\VMBuilds\ColorSensorTest\STM32_genericSTM32F103C\Debug/core.a(dtostrf.c.o)
 .rodata.usbVcomDescriptor_iProduct
                0x0800bb29        0xc C:\Users\Than\AppData\Local\Temp\VMBuilds\ColorSensorTest\STM32_genericSTM32F103C\Debug/core.a(usb_cdcacm.c.o)
 .rodata.usbVcomDescriptor_iManufacturer
                0x0800bb35       0x12 C:\Users\Than\AppData\Local\Temp\VMBuilds\ColorSensorTest\STM32_genericSTM32F103C\Debug/core.a(usb_cdcacm.c.o)
 .rodata.usbVcomDescriptor_Device
                0x0800bb47       0x12 C:\Users\Than\AppData\Local\Temp\VMBuilds\ColorSensorTest\STM32_genericSTM32F103C\Debug/core.a(usb_cdcacm.c.o)
 .rodata.usbVcomDescriptor_Config
                0x0800bb59       0x43 C:\Users\Than\AppData\Local\Temp\VMBuilds\ColorSensorTest\STM32_genericSTM32F103C\Debug/core.a(usb_cdcacm.c.o)
 .rodata.usbVcomDescriptor_LangID
                0x0800bb9c        0x4 C:\Users\Than\AppData\Local\Temp\VMBuilds\ColorSensorTest\STM32_genericSTM32F103C\Debug/core.a(usb_cdcacm.c.o)
 .rodata.str1.4
                0x0800bba0        0x2 c:/users/than/appdata/local/arduino15/packages/arduino/tools/arm-none-eabi-gcc/4.8.3-2014q1/bin/../lib/gcc/arm-none-eabi/4.8.3/../../../../arm-none-eabi/lib/armv7-m\libc.a(lib_a-impure.o)
                                  0x4 (size before relaxing)
 *fill*         0x0800bba2        0x2 
 .rodata._global_impure_ptr
                0x0800bba4        0x4 c:/users/than/appdata/local/arduino15/packages/arduino/tools/arm-none-eabi-gcc/4.8.3-2014q1/bin/../lib/gcc/arm-none-eabi/4.8.3/../../../../arm-none-eabi/lib/armv7-m\libc.a(lib_a-impure.o)
                0x0800bba4                _global_impure_ptr
 .rodata.zeroes.6760
                0x0800bba8       0x10 c:/users/than/appdata/local/arduino15/packages/arduino/tools/arm-none-eabi-gcc/4.8.3-2014q1/bin/../lib/gcc/arm-none-eabi/4.8.3/../../../../arm-none-eabi/lib/armv7-m\libc.a(lib_a-svfprintf.o)
 .rodata.str1.4
                0x0800bbb8       0x42 c:/users/than/appdata/local/arduino15/packages/arduino/tools/arm-none-eabi-gcc/4.8.3-2014q1/bin/../lib/gcc/arm-none-eabi/4.8.3/../../../../arm-none-eabi/lib/armv7-m\libc.a(lib_a-svfprintf.o)
                                 0x44 (size before relaxing)
 *fill*         0x0800bbfa        0x2 
 .rodata.blanks.6759
                0x0800bbfc       0x10 c:/users/than/appdata/local/arduino15/packages/arduino/tools/arm-none-eabi-gcc/4.8.3-2014q1/bin/../lib/gcc/arm-none-eabi/4.8.3/../../../../arm-none-eabi/lib/armv7-m\libc.a(lib_a-svfprintf.o)
 .rodata.str1.4
                0x0800bc0c       0x10 c:/users/than/appdata/local/arduino15/packages/arduino/tools/arm-none-eabi-gcc/4.8.3-2014q1/bin/../lib/gcc/arm-none-eabi/4.8.3/../../../../arm-none-eabi/lib/armv7-m\libc.a(lib_a-dtoa.o)
                                 0x14 (size before relaxing)
 .rodata.str1.4
                0x0800bc1c        0xc c:/users/than/appdata/local/arduino15/packages/arduino/tools/arm-none-eabi-gcc/4.8.3-2014q1/bin/../lib/gcc/arm-none-eabi/4.8.3/../../../../arm-none-eabi/lib/armv7-m\libc.a(lib_a-locale.o)
                                 0x14 (size before relaxing)
 .rodata.__mprec_tens
                0x0800bc28       0xc8 c:/users/than/appdata/local/arduino15/packages/arduino/tools/arm-none-eabi-gcc/4.8.3-2014q1/bin/../lib/gcc/arm-none-eabi/4.8.3/../../../../arm-none-eabi/lib/armv7-m\libc.a(lib_a-mprec.o)
                0x0800bc28                __mprec_tens
 .rodata.__mprec_bigtens
                0x0800bcf0       0x28 c:/users/than/appdata/local/arduino15/packages/arduino/tools/arm-none-eabi-gcc/4.8.3-2014q1/bin/../lib/gcc/arm-none-eabi/4.8.3/../../../../arm-none-eabi/lib/armv7-m\libc.a(lib_a-mprec.o)
                0x0800bcf0                __mprec_bigtens
 .rodata.p05.5266
                0x0800bd18        0xc c:/users/than/appdata/local/arduino15/packages/arduino/tools/arm-none-eabi-gcc/4.8.3-2014q1/bin/../lib/gcc/arm-none-eabi/4.8.3/../../../../arm-none-eabi/lib/armv7-m\libc.a(lib_a-mprec.o)
 *(.USER_FLASH)
                0x0800bd24                . = ALIGN (0x4)
                0x0800bd24                _lm_rom_img_cfgp = .
                0x0800bd24        0x4 LONG 0x800ab98 LOADADDR (.data)
                0x20000fd0                _lm_heap_start = DEFINED (_lm_heap_start)?_lm_heap_start:_end
                0x20005000                _lm_heap_end = DEFINED (_lm_heap_end)?_lm_heap_end:__msp_init

.rel.dyn        0x0800bd28        0x0
 .rel.iplt      0x00000000        0x0 c:/users/than/appdata/local/arduino15/packages/arduino/tools/arm-none-eabi-gcc/4.8.3-2014q1/bin/../lib/gcc/arm-none-eabi/4.8.3/armv7-m/crtbegin.o

.bss            0x20000c28      0x3a8
                0x20000c28                . = ALIGN (0x8)
                0x20000c28                __bss_start__ = .
 *(.bss .bss.* .gnu.linkonce.b.*)
 .bss           0x20000c28       0x1c c:/users/than/appdata/local/arduino15/packages/arduino/tools/arm-none-eabi-gcc/4.8.3-2014q1/bin/../lib/gcc/arm-none-eabi/4.8.3/armv7-m/crtbegin.o
 .bss.TCS       0x20000c44       0x34 C:\Users\Than\AppData\Local\Temp\VMBuilds\ColorSensorTest\STM32_genericSTM32F103C\Debug\ColorSensorTest.cpp.o
                0x20000c44                TCS
 .bss._ZZ4loopvE1t
                0x20000c78        0x4 C:\Users\Than\AppData\Local\Temp\VMBuilds\ColorSensorTest\STM32_genericSTM32F103C\Debug\ColorSensorTest.cpp.o
 .bss._ZZN11ColorSensor7executeEvE14timerGetValues
                0x20000c7c        0x4 C:\Users\Than\AppData\Local\Temp\VMBuilds\ColorSensorTest\STM32_genericSTM32F103C\Debug\ColorSensor.cpp.o
 .bss._ZZN11ColorSensor7executeEvE14color_handling
                0x20000c80        0x1 C:\Users\Than\AppData\Local\Temp\VMBuilds\ColorSensorTest\STM32_genericSTM32F103C\Debug\ColorSensor.cpp.o
 *fill*         0x20000c81        0x3 
 .bss.Serial1   0x20000c84       0x18 C:\Users\Than\AppData\Local\Temp\VMBuilds\ColorSensorTest\STM32_genericSTM32F103C\Debug\variant\board.cpp.o
                0x20000c84                Serial1
 .bss.Serial2   0x20000c9c       0x18 C:\Users\Than\AppData\Local\Temp\VMBuilds\ColorSensorTest\STM32_genericSTM32F103C\Debug\variant\board.cpp.o
                0x20000c9c                Serial2
 .bss.Serial3   0x20000cb4       0x18 C:\Users\Than\AppData\Local\Temp\VMBuilds\ColorSensorTest\STM32_genericSTM32F103C\Debug\variant\board.cpp.o
                0x20000cb4                Serial3
 .bss.pbreak.4444
                0x20000ccc        0x4 C:\Users\Than\AppData\Local\Temp\VMBuilds\ColorSensorTest\STM32_genericSTM32F103C\Debug\variant\syscalls.c.o
 .bss.systick_user_callback